Archive member included because of file (symbol)

contiki-srf06-cc26xx.a(contiki-main.o)
                              obj_srf06-cc26xx/startup_gcc.o (main)
contiki-srf06-cc26xx.a(sensors.o)
                              contiki-srf06-cc26xx.a(contiki-main.o) (sensors_process)
contiki-srf06-cc26xx.a(leds.o)
                              contiki-srf06-cc26xx.a(contiki-main.o) (leds_init)
contiki-srf06-cc26xx.a(leds-arch.o)
                              contiki-srf06-cc26xx.a(leds.o) (leds_arch_init)
contiki-srf06-cc26xx.a(sensortag-senso)
                              contiki-srf06-cc26xx.a(sensors.o) (sensors_flags)
contiki-srf06-cc26xx.a(bmp-280-sensor.)
                              contiki-srf06-cc26xx.a(sensortag-senso) (bmp_280_sensor)
contiki-srf06-cc26xx.a(tmp-007-sensor.)
                              contiki-srf06-cc26xx.a(sensortag-senso) (tmp_007_sensor)
contiki-srf06-cc26xx.a(opt-3001-sensor)
                              contiki-srf06-cc26xx.a(sensortag-senso) (opt_3001_sensor)
contiki-srf06-cc26xx.a(hdc-1000-sensor)
                              contiki-srf06-cc26xx.a(sensortag-senso) (hdc_1000_sensor)
contiki-srf06-cc26xx.a(mpu-9250-sensor)
                              contiki-srf06-cc26xx.a(sensortag-senso) (mpu_9250_sensor)
contiki-srf06-cc26xx.a(button-sensor.o)
                              contiki-srf06-cc26xx.a(sensortag-senso) (button_right_sensor)
contiki-srf06-cc26xx.a(reed-relay.o)
                              contiki-srf06-cc26xx.a(sensortag-senso) (reed_relay_sensor)
contiki-srf06-cc26xx.a(buzzer.o)
                              serial-interface.co (buzzer_start)
contiki-srf06-cc26xx.a(board.o)
                              contiki-srf06-cc26xx.a(contiki-main.o) (board_init)
contiki-srf06-cc26xx.a(board-i2c.o)
                              contiki-srf06-cc26xx.a(board.o) (board_i2c_wakeup)
contiki-srf06-cc26xx.a(clock.o)
                              contiki-srf06-cc26xx.a(contiki-main.o) (clock_init)
contiki-srf06-cc26xx.a(rtimer-arch.o)
                              contiki-srf06-cc26xx.a(mpu-9250-sensor) (rtimer_arch_now)
contiki-srf06-cc26xx.a(soc-rtc.o)
                              contiki-srf06-cc26xx.a(contiki-main.o) (soc_rtc_init)
contiki-srf06-cc26xx.a(contiki-watchdo)
                              contiki-srf06-cc26xx.a(contiki-main.o) (watchdog_init)
contiki-srf06-cc26xx.a(putchar.o)
                              contiki-srf06-cc26xx.a(contiki-main.o) (putchar)
contiki-srf06-cc26xx.a(ieee-addr.o)
                              contiki-srf06-cc26xx.a(contiki-main.o) (ieee_addr_cpy_to)
contiki-srf06-cc26xx.a(cc26xx-uart.o)
                              contiki-srf06-cc26xx.a(contiki-main.o) (cc26xx_uart_init)
contiki-srf06-cc26xx.a(lpm.o)
                              contiki-srf06-cc26xx.a(button-sensor.o) (lpm_shutdown)
contiki-srf06-cc26xx.a(gpio-interrupt.)
                              contiki-srf06-cc26xx.a(button-sensor.o) (gpio_interrupt_register_handler)
contiki-srf06-cc26xx.a(oscillators.o)
                              contiki-srf06-cc26xx.a(contiki-main.o) (oscillators_select_lf_xosc)
contiki-srf06-cc26xx.a(ieee-mode.o)
                              contiki-srf06-cc26xx.a(contiki-main.o) (ieee_mode_driver)
contiki-srf06-cc26xx.a(dbg-printf.o)
                              serial-interface.co (printf)
contiki-srf06-cc26xx.a(strformat.o)
                              contiki-srf06-cc26xx.a(dbg-printf.o) (format_str_v)
contiki-srf06-cc26xx.a(autostart.o)
                              contiki-srf06-cc26xx.a(contiki-main.o) (autostart_start)
contiki-srf06-cc26xx.a(ctimer.o)
                              contiki-srf06-cc26xx.a(contiki-main.o) (ctimer_init)
contiki-srf06-cc26xx.a(energest.o)
                              contiki-srf06-cc26xx.a(contiki-main.o) (energest_init)
contiki-srf06-cc26xx.a(etimer.o)
                              contiki-srf06-cc26xx.a(clock.o) (etimer_request_poll)
contiki-srf06-cc26xx.a(process.o)
                              contiki-srf06-cc26xx.a(sensors.o) (process_alloc_event)
contiki-srf06-cc26xx.a(rtimer.o)
                              contiki-srf06-cc26xx.a(contiki-main.o) (rtimer_init)
contiki-srf06-cc26xx.a(timer.o)
                              contiki-srf06-cc26xx.a(button-sensor.o) (timer_set)
contiki-srf06-cc26xx.a(serial-line.o)
                              serial-interface.co (serial_line_event_message)
contiki-srf06-cc26xx.a(list.o)
                              contiki-srf06-cc26xx.a(lpm.o) (list_init)
contiki-srf06-cc26xx.a(random.o)
                              contiki-srf06-cc26xx.a(contiki-main.o) (random_init)
contiki-srf06-cc26xx.a(ringbuf.o)
                              contiki-srf06-cc26xx.a(serial-line.o) (ringbuf_init)
contiki-srf06-cc26xx.a(sicslowpan.o)
                              contiki-srf06-cc26xx.a(contiki-main.o) (sicslowpan_driver)
contiki-srf06-cc26xx.a(uip6.o)
                              contiki-srf06-cc26xx.a(sicslowpan.o) (uip_aligned_buf)
contiki-srf06-cc26xx.a(uip-ds6.o)
[...]
Memory Configuration

Name             Origin             Length             Attributes
FLASH            0x00000000         0x0001ffa8         xr
FLASH_CCFG       0x0001ffa8         0x00000058         xr
SRAM             0x20000000         0x00005000         xrw
GPRAM            0x11000000         0x00002000         xrw
*default*        0x00000000         0xffffffff

Linker script and memory map

LOAD obj_srf06-cc26xx/fault-handlers.o
LOAD obj_srf06-cc26xx/ccfg.o
LOAD obj_srf06-cc26xx/startup_gcc.o
LOAD serial-interface.co
LOAD contiki-srf06-cc26xx.a
LOAD /usr/bin/../lib/gcc/arm-none-eabi/4.9.3/../../../../arm-none-eabi/lib/armv7-m/libm.a
START GROUP
LOAD /usr/bin/../lib/gcc/arm-none-eabi/4.9.3/armv7-m/libgcc.a
LOAD /usr/bin/../lib/gcc/arm-none-eabi/4.9.3/../../../../arm-none-eabi/lib/armv7-m/libc.a
END GROUP
                0x20005000                _estack = (ORIGIN (SRAM) + 0x5000)
                0x00000000                _Min_Heap_Size = 0x0
                0x00000100                _Min_Stack_Size = 0x100

.text           0x00000000    0x102cc
                0x00000000                _text = .
 *(SORT(.vectors))
 .vectors       0x00000000       0xc8 obj_srf06-cc26xx/startup_gcc.o
                0x00000000                gVectors
 *(SORT(.text*))
 .text.value    0x000000c8       0xb0 contiki-srf06-cc26xx.a(opt-3001-sensor)
 .text.value    0x00000178       0x9c contiki-srf06-cc26xx.a(hdc-1000-sensor)
 *fill*         0x00000214        0x4 00000000
 .text.value    0x00000218      0x1b4 contiki-srf06-cc26xx.a(mpu-9250-sensor)
 *fill*         0x000003cc        0x4 00000000
 .text.__ieee754_pow
                0x000003d0      0xaa0 /usr/bin/../lib/gcc/arm-none-eabi/4.9.3/../../../../arm-none-eabi/lib/armv7-m/libm.a(lib_a-e_pow.o)
                0x000003d0                __ieee754_pow
 .text.scalbn   0x00000e70       0xec /usr/bin/../lib/gcc/arm-none-eabi/4.9.3/../../../../arm-none-eabi/lib/armv7-m/libm.a(lib_a-s_scalbn.o)
                0x00000e70                scalbn
 .text.FaultISR
                0x00000f5c       0x18 obj_srf06-cc26xx/fault-handlers.o
                0x00000f5c                FaultISR
 .text.NmiSRHandler
                0x00000f74        0x4 obj_srf06-cc26xx/startup_gcc.o
                0x00000f74                NmiSR
 .text.IntDefaultHandler
                0x00000f78        0x4 obj_srf06-cc26xx/startup_gcc.o
                0x00000f78                TRNGIntHandler
                0x00000f78                SSI0IntHandler
                0x00000f78                SWEvent0IntHandler
                0x00000f78                uDMAIntHandler
                0x00000f78                WatchdogIntHandler
                0x00000f78                RFCHardwareIntHandler
                0x00000f78                Timer1BIntHandler
                0x00000f78                I2SIntHandler
                0x00000f78                Timer2BIntHandler
                0x00000f78                Timer2AIntHandler
                0x00000f78                Timer1AIntHandler
                0x00000f78                AONIntHandler
                0x00000f78                AUXSWEvent0IntHandler
                0x00000f78                AUXADCIntHandler
                0x00000f78                PendSVIntHandler
                0x00000f78                AUXSWEvent1IntHandler
                0x00000f78                SVCallIntHandler
                0x00000f78                MPUFaultIntHandler
                0x00000f78                SysTickIntHandler
                0x00000f78                BusFaultIntHandler
                0x00000f78                AONProgIntHandler
                0x00000f78                AUXCompAIntHandler
                0x00000f78                SSI1IntHandler
                0x00000f78                FlashIntHandler
                0x00000f78                uDMAErrIntHandler
                0x00000f78                UsageFaultIntHandler
                0x00000f78                RFCCmdAckIntHandler
                0x00000f78                CryptoIntHandler
                0x00000f78                Timer0AIntHandler
                0x00000f78                I2CIntHandler
                0x00000f78                DebugMonIntHandler
                0x00000f78                Timer0BIntHandler
                0x00000f78                AUXCombEventIntHandler
                0x00000f78                Timer3AIntHandler
                0x00000f78                DynProgIntHandler
                0x00000f78                Timer3BIntHandler
 .text.ResetISR
                0x00000f7c       0x5c obj_srf06-cc26xx/startup_gcc.o
                0x00000f7c                ResetISR
 .text.process_thread_test_serial
                0x00000fd8       0xd8 serial-interface.co
 .text.buz_update
                0x000010b0       0x54 serial-interface.co
 .text.buz_reset
                0x00001104       0x40 serial-interface.co
 .text.fade     0x00001144       0x64 contiki-srf06-cc26xx.a(contiki-main.o)
 .text.startup.main
                0x000011a8      0x1e4 contiki-srf06-cc26xx.a(contiki-main.o)
                0x000011a8                main
 .text.process_thread_sensors_process
                0x0000138c       0xf8 contiki-srf06-cc26xx.a(sensors.o)
 .text.sensors_changed
                0x00001484       0x50 contiki-srf06-cc26xx.a(sensors.o)
                0x00001484                sensors_changed
 .text.leds_init
                0x000014d4       0x14 contiki-srf06-cc26xx.a(leds.o)
                0x000014d4                leds_init
 .text.leds_on  0x000014e8       0x14 contiki-srf06-cc26xx.a(leds.o)
                0x000014e8                leds_on
 .text.leds_off
                0x000014fc       0x14 contiki-srf06-cc26xx.a(leds.o)
                0x000014fc                leds_off
 .text.leds_arch_init
                0x00001510       0x38 contiki-srf06-cc26xx.a(leds-arch.o)
                0x00001510                leds_arch_init
 .text.leds_arch_set
                0x00001548       0x34 contiki-srf06-cc26xx.a(leds-arch.o)
                0x00001548                leds_arch_set
 .text.status   0x0000157c       0x14 contiki-srf06-cc26xx.a(bmp-280-sensor.)
 .text.notify_ready
                0x00001590       0x14 contiki-srf06-cc26xx.a(bmp-280-sensor.)
 .text.enable_sensor
                0x000015a4       0x2c contiki-srf06-cc26xx.a(bmp-280-sensor.)
 .text.configure
                0x000015d0       0x94 contiki-srf06-cc26xx.a(bmp-280-sensor.)
 .text.value    0x00001664      0x15c contiki-srf06-cc26xx.a(bmp-280-sensor.)
 .text.status   0x000017c0       0x14 contiki-srf06-cc26xx.a(tmp-007-sensor.)
 .text.notify_ready
                0x000017d4       0x14 contiki-srf06-cc26xx.a(tmp-007-sensor.)
 .text.enable_sensor
                0x000017e8       0x2c contiki-srf06-cc26xx.a(tmp-007-sensor.)
 .text.configure
                0x00001814       0x94 contiki-srf06-cc26xx.a(tmp-007-sensor.)
 .text.value    0x000018a8       0xec contiki-srf06-cc26xx.a(tmp-007-sensor.)
 .text.status   0x00001994        0xc contiki-srf06-cc26xx.a(opt-3001-sensor)
 .text.enable_sensor
                0x000019a0       0x44 contiki-srf06-cc26xx.a(opt-3001-sensor)
 .text.notify_ready
                0x000019e4       0x54 contiki-srf06-cc26xx.a(opt-3001-sensor)
 .text.configure
                0x00001a38       0x4c contiki-srf06-cc26xx.a(opt-3001-sensor)
 .text.status   0x00001a84       0x14 contiki-srf06-cc26xx.a(hdc-1000-sensor)
 .text.notify_ready
                0x00001a98       0x60 contiki-srf06-cc26xx.a(hdc-1000-sensor)
 .text.configure
                0x00001af8       0xb8 contiki-srf06-cc26xx.a(hdc-1000-sensor)
 .text.acc_convert
                0x00001bb0       0x70 contiki-srf06-cc26xx.a(mpu-9250-sensor)
 .text.status   0x00001c20       0x14 contiki-srf06-cc26xx.a(mpu-9250-sensor)
 .text.notify_ready
                0x00001c34       0x14 contiki-srf06-cc26xx.a(mpu-9250-sensor)
 .text.sensor_sleep
                0x00001c48       0x38 contiki-srf06-cc26xx.a(mpu-9250-sensor)
 .text.configure
                0x00001c80       0xdc contiki-srf06-cc26xx.a(mpu-9250-sensor)
 .text.int_status
                0x00001d5c       0x28 contiki-srf06-cc26xx.a(mpu-9250-sensor)
 .text.initialise
                0x00001d84       0xfc contiki-srf06-cc26xx.a(mpu-9250-sensor)
 .text.status.part.0
                0x00001e80       0x14 contiki-srf06-cc26xx.a(button-sensor.o)
 .text.value_left
                0x00001e94       0x24 contiki-srf06-cc26xx.a(button-sensor.o)
 .text.value_right
                0x00001eb8       0x18 contiki-srf06-cc26xx.a(button-sensor.o)
 .text.status_left
                0x00001ed0       0x10 contiki-srf06-cc26xx.a(button-sensor.o)
 .text.status_right
                0x00001ee0       0x10 contiki-srf06-cc26xx.a(button-sensor.o)
 .text.config_buttons
                0x00001ef0       0x8c contiki-srf06-cc26xx.a(button-sensor.o)
 .text.config_left
                0x00001f7c        0xc contiki-srf06-cc26xx.a(button-sensor.o)
 .text.config_right
                0x00001f88        0xc contiki-srf06-cc26xx.a(button-sensor.o)
 .text.button_press_handler
                0x00001f94       0x64 contiki-srf06-cc26xx.a(button-sensor.o)
 .text.value    0x00001ff8       0x10 contiki-srf06-cc26xx.a(reed-relay.o)
 .text.status   0x00002008       0x20 contiki-srf06-cc26xx.a(reed-relay.o)
 .text.configure
                0x00002028       0x6c contiki-srf06-cc26xx.a(reed-relay.o)
 .text.reed_interrupt_handler
                0x00002094       0x28 contiki-srf06-cc26xx.a(reed-relay.o)
 .text.buzzer_init
                0x000020bc        0xc contiki-srf06-cc26xx.a(buzzer.o)
                0x000020bc                buzzer_init
 .text.buzzer_start
                0x000020c8       0xa4 contiki-srf06-cc26xx.a(buzzer.o)
                0x000020c8                buzzer_start
 .text.buzzer_stop
                0x0000216c       0x74 contiki-srf06-cc26xx.a(buzzer.o)
                0x0000216c                buzzer_stop
 .text.power_domains_on
                0x000021e0       0x20 contiki-srf06-cc26xx.a(board.o)
 .text.lpm_wakeup_handler
                0x00002200        0x4 contiki-srf06-cc26xx.a(board.o)
 .text.shutdown_handler
                0x00002204       0x68 contiki-srf06-cc26xx.a(board.o)
 .text.board_init
                0x0000226c      0x118 contiki-srf06-cc26xx.a(board.o)
                0x0000226c                board_init
 .text.i2c_status
                0x00002384       0x34 contiki-srf06-cc26xx.a(board-i2c.o)
 .text.accessible
                0x000023b8       0x24 contiki-srf06-cc26xx.a(board-i2c.o)
 .text.board_i2c_wakeup
                0x000023dc       0x5c contiki-srf06-cc26xx.a(board-i2c.o)
                0x000023dc                board_i2c_wakeup
 .text.board_i2c_shutdown
                0x00002438       0xa4 contiki-srf06-cc26xx.a(board-i2c.o)
                0x00002438                board_i2c_shutdown
 .text.board_i2c_write
                0x000024dc       0xc0 contiki-srf06-cc26xx.a(board-i2c.o)
                0x000024dc                board_i2c_write
 .text.board_i2c_write_single
                0x0000259c       0x44 contiki-srf06-cc26xx.a(board-i2c.o)
                0x0000259c                board_i2c_write_single
 .text.board_i2c_read
                0x000025e0       0xb4 contiki-srf06-cc26xx.a(board-i2c.o)
                0x000025e0                board_i2c_read
 .text.board_i2c_write_read
                0x00002694      0x138 contiki-srf06-cc26xx.a(board-i2c.o)
                0x00002694                board_i2c_write_read
 .text.board_i2c_select
                0x000027cc       0xdc contiki-srf06-cc26xx.a(board-i2c.o)
                0x000027cc                board_i2c_select
 .text.power_domain_on
                0x000028a8       0x20 contiki-srf06-cc26xx.a(clock.o)
 .text.clock_init
                0x000028c8       0x90 contiki-srf06-cc26xx.a(clock.o)
                0x000028c8                clock_init
 .text.clock_time
                0x00002958       0x34 contiki-srf06-cc26xx.a(clock.o)
                0x00002958                clock_time
 .text.clock_update
                0x0000298c       0x3c contiki-srf06-cc26xx.a(clock.o)
                0x0000298c                clock_update
 .text.clock_seconds
                0x000029c8       0x18 contiki-srf06-cc26xx.a(clock.o)
                0x000029c8                clock_seconds
 .text.rtimer_arch_init
                0x000029e0        0x4 contiki-srf06-cc26xx.a(rtimer-arch.o)
                0x000029e0                rtimer_arch_init
 .text.rtimer_arch_schedule
                0x000029e4        0x8 contiki-srf06-cc26xx.a(rtimer-arch.o)
                0x000029e4                rtimer_arch_schedule
 .text.rtimer_arch_now
                0x000029ec        0x4 contiki-srf06-cc26xx.a(rtimer-arch.o)
                0x000029ec                rtimer_arch_now
 .text.soc_rtc_init
                0x000029f0       0x94 contiki-srf06-cc26xx.a(soc-rtc.o)
                0x000029f0                soc_rtc_init
 .text.soc_rtc_get_next_trigger
                0x00002a84       0x28 contiki-srf06-cc26xx.a(soc-rtc.o)
                0x00002a84                soc_rtc_get_next_trigger
 .text.soc_rtc_schedule_one_shot
                0x00002aac       0x4c contiki-srf06-cc26xx.a(soc-rtc.o)
                0x00002aac                soc_rtc_schedule_one_shot
 .text.soc_rtc_last_isr_time
                0x00002af8        0xc contiki-srf06-cc26xx.a(soc-rtc.o)
                0x00002af8                soc_rtc_last_isr_time
 .text.AONRTCIntHandler
                0x00002b04       0x68 contiki-srf06-cc26xx.a(soc-rtc.o)
                0x00002b04                AONRTCIntHandler
 .text.lock_config
                0x00002b6c       0x18 contiki-srf06-cc26xx.a(contiki-watchdo)
 .text.unlock_config
                0x00002b84       0x2c contiki-srf06-cc26xx.a(contiki-watchdo)
 .text.watchdog_init
                0x00002bb0       0x1c contiki-srf06-cc26xx.a(contiki-watchdo)
                0x00002bb0                watchdog_init
 .text.watchdog_start
                0x00002bcc       0x30 contiki-srf06-cc26xx.a(contiki-watchdo)
                0x00002bcc                watchdog_start
 .text.watchdog_periodic
                0x00002bfc       0x1c contiki-srf06-cc26xx.a(contiki-watchdo)
                0x00002bfc                watchdog_periodic
 .text.putchar  0x00002c18       0x10 contiki-srf06-cc26xx.a(putchar.o)
                0x00002c18                putchar
 .text.puts     0x00002c28       0x30 contiki-srf06-cc26xx.a(putchar.o)
                0x00002c28                puts
 .text.dbg_send_bytes
                0x00002c58       0x40 contiki-srf06-cc26xx.a(putchar.o)
                0x00002c58                dbg_send_bytes
 .text.ieee_addr_cpy_to
                0x00002c98       0x40 contiki-srf06-cc26xx.a(ieee-addr.o)
                0x00002c98                ieee_addr_cpy_to
 .text.power_and_clock
                0x00002cd8       0x40 contiki-srf06-cc26xx.a(cc26xx-uart.o)
 .text.enable   0x00002d18       0xf4 contiki-srf06-cc26xx.a(cc26xx-uart.o)
 .text.accessible
                0x00002e0c       0x24 contiki-srf06-cc26xx.a(cc26xx-uart.o)
 .text.lpm_drop_handler
                0x00002e30       0xcc contiki-srf06-cc26xx.a(cc26xx-uart.o)
 .text.cc26xx_uart_init
                0x00002efc       0x28 contiki-srf06-cc26xx.a(cc26xx-uart.o)
                0x00002efc                cc26xx_uart_init
 .text.cc26xx_uart_write_byte
                0x00002f24       0x28 contiki-srf06-cc26xx.a(cc26xx-uart.o)
                0x00002f24                cc26xx_uart_write_byte
 .text.cc26xx_uart_set_input
                0x00002f4c       0x64 contiki-srf06-cc26xx.a(cc26xx-uart.o)
                0x00002f4c                cc26xx_uart_set_input
 .text.cc26xx_uart_busy
                0x00002fb0       0x18 contiki-srf06-cc26xx.a(cc26xx-uart.o)
                0x00002fb0                cc26xx_uart_busy
 .text.UART0IntHandler
                0x00002fc8       0x54 contiki-srf06-cc26xx.a(cc26xx-uart.o)
                0x00002fc8                UART0IntHandler
 .text.lpm_shutdown
                0x0000301c      0x1b8 contiki-srf06-cc26xx.a(lpm.o)
                0x0000301c                lpm_shutdown
 .text.lpm_drop
                0x000031d4      0x1fc contiki-srf06-cc26xx.a(lpm.o)
                0x000031d4                lpm_drop
 .text.lpm_sleep
                0x000033d0       0x14 contiki-srf06-cc26xx.a(lpm.o)
                0x000033d0                lpm_sleep
 .text.lpm_register_module
                0x000033e4        0xc contiki-srf06-cc26xx.a(lpm.o)
                0x000033e4                lpm_register_module
 .text.lpm_unregister_module
                0x000033f0        0xc contiki-srf06-cc26xx.a(lpm.o)
                0x000033f0                lpm_unregister_module
 .text.lpm_init
                0x000033fc       0x20 contiki-srf06-cc26xx.a(lpm.o)
                0x000033fc                lpm_init
 .text.lpm_pin_set_default_state
                0x0000341c       0x30 contiki-srf06-cc26xx.a(lpm.o)
                0x0000341c                lpm_pin_set_default_state
 .text.gpio_interrupt_register_handler
                0x0000344c       0x2c contiki-srf06-cc26xx.a(gpio-interrupt.)
                0x0000344c                gpio_interrupt_register_handler
 .text.gpio_interrupt_init
                0x00003478       0x24 contiki-srf06-cc26xx.a(gpio-interrupt.)
                0x00003478                gpio_interrupt_init
 .text.GPIOIntHandler
                0x0000349c       0x30 contiki-srf06-cc26xx.a(gpio-interrupt.)
                0x0000349c                GPIOIntHandler
 .text.osc_interface_dis
                0x000034cc       0x28 contiki-srf06-cc26xx.a(oscillators.o)
 .text.osc_interface_en
                0x000034f4       0x30 contiki-srf06-cc26xx.a(oscillators.o)
 .text.oscillators_select_lf_xosc
                0x00003524       0x48 contiki-srf06-cc26xx.a(oscillators.o)
                0x00003524                oscillators_select_lf_xosc
 .text.oscillators_select_lf_rcosc
                0x0000356c       0x30 contiki-srf06-cc26xx.a(oscillators.o)
                0x0000356c                oscillators_select_lf_rcosc
 .text.oscillators_request_hf_xosc
                0x0000359c       0x24 contiki-srf06-cc26xx.a(oscillators.o)
                0x0000359c                oscillators_request_hf_xosc
 .text.oscillators_switch_to_hf_xosc
                0x000035c0       0x28 contiki-srf06-cc26xx.a(oscillators.o)
                0x000035c0                oscillators_switch_to_hf_xosc
 .text.oscillators_switch_to_hf_rc
                0x000035e8       0x2c contiki-srf06-cc26xx.a(oscillators.o)
                0x000035e8                oscillators_switch_to_hf_rc
 .text.request  0x00003614       0x20 contiki-srf06-cc26xx.a(ieee-mode.o)
 .text.rx_on    0x00003634       0x60 contiki-srf06-cc26xx.a(ieee-mode.o)
 .text.rf_radio_setup
                0x00003694       0x74 contiki-srf06-cc26xx.a(ieee-mode.o)
 .text.soft_on  0x00003708       0x18 contiki-srf06-cc26xx.a(ieee-mode.o)
 .text.pending_packet
                0x00003720       0x34 contiki-srf06-cc26xx.a(ieee-mode.o)
 .text.prepare  0x00003754       0x1c contiki-srf06-cc26xx.a(ieee-mode.o)
 .text.read_frame
                0x00003770       0x58 contiki-srf06-cc26xx.a(ieee-mode.o)
 .text.soft_off
                0x000037c8       0x3c contiki-srf06-cc26xx.a(ieee-mode.o)
 .text.get_object
                0x00003804       0x30 contiki-srf06-cc26xx.a(ieee-mode.o)
 .text.transmitting
                0x00003834       0x4c contiki-srf06-cc26xx.a(ieee-mode.o)
 .text.rx_off   0x00003880       0x5c contiki-srf06-cc26xx.a(ieee-mode.o)
 .text.get_cca_info
                0x000038dc       0x44 contiki-srf06-cc26xx.a(ieee-mode.o)
 .text.off      0x00003920       0x4c contiki-srf06-cc26xx.a(ieee-mode.o)
 .text.receiving_packet
                0x0000396c       0x40 contiki-srf06-cc26xx.a(ieee-mode.o)
 .text.on       0x000039ac       0x9c contiki-srf06-cc26xx.a(ieee-mode.o)
 .text.set_value
                0x00003a48      0x158 contiki-srf06-cc26xx.a(ieee-mode.o)
 .text.get_value
                0x00003ba0      0x138 contiki-srf06-cc26xx.a(ieee-mode.o)
 .text.transmit
                0x00003cd8       0xbc contiki-srf06-cc26xx.a(ieee-mode.o)
 .text.send     0x00003d94       0x24 contiki-srf06-cc26xx.a(ieee-mode.o)
 .text.set_object
                0x00003db8       0x68 contiki-srf06-cc26xx.a(ieee-mode.o)
 .text.channel_clear
                0x00003e20       0x68 contiki-srf06-cc26xx.a(ieee-mode.o)
 .text.init     0x00003e88       0xe0 contiki-srf06-cc26xx.a(ieee-mode.o)
 .text.write_str
                0x00003f68       0x14 contiki-srf06-cc26xx.a(dbg-printf.o)
 .text.printf   0x00003f7c       0x24 contiki-srf06-cc26xx.a(dbg-printf.o)
                0x00003f7c                printf
 .text.fill_space
                0x00003fa0       0x3c contiki-srf06-cc26xx.a(strformat.o)
 .text.format_str_v
                0x00003fdc      0x95c contiki-srf06-cc26xx.a(strformat.o)
                0x00003fdc                format_str_v
 .text.autostart_start
                0x00004938       0x18 contiki-srf06-cc26xx.a(autostart.o)
                0x00004938                autostart_start
 .text.process_thread_ctimer_process
                0x00004950       0x94 contiki-srf06-cc26xx.a(ctimer.o)
 .text.ctimer_init
                0x000049e4       0x28 contiki-srf06-cc26xx.a(ctimer.o)
                0x000049e4                ctimer_init
 .text.ctimer_set_with_process
                0x00004a0c       0x4c contiki-srf06-cc26xx.a(ctimer.o)
                0x00004a0c                ctimer_set_with_process
 .text.ctimer_set
                0x00004a58       0x18 contiki-srf06-cc26xx.a(ctimer.o)
                0x00004a58                ctimer_set
 .text.ctimer_reset
                0x00004a70       0x38 contiki-srf06-cc26xx.a(ctimer.o)
                0x00004a70                ctimer_reset
 .text.ctimer_stop
                0x00004aa8       0x34 contiki-srf06-cc26xx.a(ctimer.o)
                0x00004aa8                ctimer_stop
 .text.energest_init
                0x00004adc        0x4 contiki-srf06-cc26xx.a(energest.o)
                0x00004adc                energest_init
 .text.update_time
                0x00004ae0       0x44 contiki-srf06-cc26xx.a(etimer.o)
 .text.process_thread_etimer_process
                0x00004b24       0xc8 contiki-srf06-cc26xx.a(etimer.o)
 .text.add_timer
                0x00004bec       0x54 contiki-srf06-cc26xx.a(etimer.o)
 .text.etimer_request_poll
                0x00004c40        0xc contiki-srf06-cc26xx.a(etimer.o)
                0x00004c40                etimer_request_poll
 .text.etimer_set
                0x00004c4c       0x14 contiki-srf06-cc26xx.a(etimer.o)
                0x00004c4c                etimer_set
 .text.etimer_reset
                0x00004c60       0x14 contiki-srf06-cc26xx.a(etimer.o)
                0x00004c60                etimer_reset
 .text.etimer_restart
                0x00004c74       0x14 contiki-srf06-cc26xx.a(etimer.o)
                0x00004c74                etimer_restart
 .text.etimer_expired
                0x00004c88        0xc contiki-srf06-cc26xx.a(etimer.o)
                0x00004c88                etimer_expired
 .text.etimer_expiration_time
                0x00004c94        0x8 contiki-srf06-cc26xx.a(etimer.o)
                0x00004c94                etimer_expiration_time
 .text.etimer_pending
                0x00004c9c       0x10 contiki-srf06-cc26xx.a(etimer.o)
                0x00004c9c                etimer_pending
 .text.etimer_next_expiration_time
                0x00004cac       0x14 contiki-srf06-cc26xx.a(etimer.o)
                0x00004cac                etimer_next_expiration_time
 .text.etimer_stop
                0x00004cc0       0x4c contiki-srf06-cc26xx.a(etimer.o)
                0x00004cc0                etimer_stop
 .text.exit_process
                0x00004d0c       0xb0 contiki-srf06-cc26xx.a(process.o)
 .text.call_process.part.0
                0x00004dbc       0x38 contiki-srf06-cc26xx.a(process.o)
 .text.do_poll  0x00004df4       0x3c contiki-srf06-cc26xx.a(process.o)
 .text.process_alloc_event
                0x00004e30       0x10 contiki-srf06-cc26xx.a(process.o)
                0x00004e30                process_alloc_event
 .text.process_init
                0x00004e40       0x34 contiki-srf06-cc26xx.a(process.o)
                0x00004e40                process_init
 .text.process_run
                0x00004e74       0xd8 contiki-srf06-cc26xx.a(process.o)
                0x00004e74                process_run
 .text.process_nevents
                0x00004f4c       0x14 contiki-srf06-cc26xx.a(process.o)
                0x00004f4c                process_nevents
 .text.process_post
                0x00004f60       0x50 contiki-srf06-cc26xx.a(process.o)
                0x00004f60                process_post
 .text.process_post_synch
                0x00004fb0       0x18 contiki-srf06-cc26xx.a(process.o)
                0x00004fb0                process_post_synch
 .text.process_start
                0x00004fc8       0x40 contiki-srf06-cc26xx.a(process.o)
                0x00004fc8                process_start
 .text.process_poll
                0x00005008       0x18 contiki-srf06-cc26xx.a(process.o)
                0x00005008                process_poll
 .text.rtimer_init
                0x00005020        0x4 contiki-srf06-cc26xx.a(rtimer.o)
                0x00005020                rtimer_init
 .text.rtimer_set
                0x00005024       0x2c contiki-srf06-cc26xx.a(rtimer.o)
                0x00005024                rtimer_set
 .text.rtimer_run_next
                0x00005050       0x28 contiki-srf06-cc26xx.a(rtimer.o)
                0x00005050                rtimer_run_next
 .text.timer_set
                0x00005078       0x10 contiki-srf06-cc26xx.a(timer.o)
                0x00005078                timer_set
 .text.timer_reset
                0x00005088        0xc contiki-srf06-cc26xx.a(timer.o)
                0x00005088                timer_reset
 .text.timer_restart
                0x00005094        0xc contiki-srf06-cc26xx.a(timer.o)
                0x00005094                timer_restart
 .text.timer_expired
                0x000050a0       0x1c contiki-srf06-cc26xx.a(timer.o)
                0x000050a0                timer_expired
 .text.process_thread_serial_line_process
                0x000050bc       0xac contiki-srf06-cc26xx.a(serial-line.o)
 .text.serial_line_input_byte
                0x00005168       0x54 contiki-srf06-cc26xx.a(serial-line.o)
                0x00005168                serial_line_input_byte
 .text.serial_line_init
                0x000051bc       0x24 contiki-srf06-cc26xx.a(serial-line.o)
                0x000051bc                serial_line_init
 .text.list_init
                0x000051e0        0x8 contiki-srf06-cc26xx.a(list.o)
                0x000051e0                list_init
 .text.list_head
                0x000051e8        0x4 contiki-srf06-cc26xx.a(list.o)
                0x000051e8                list_head
 .text.list_tail
                0x000051ec       0x14 contiki-srf06-cc26xx.a(list.o)
                0x000051ec                list_tail
 .text.list_add
                0x00005200       0x48 contiki-srf06-cc26xx.a(list.o)
                0x00005200                list_add
 .text.list_push
                0x00005248       0x40 contiki-srf06-cc26xx.a(list.o)
                0x00005248                list_push
 .text.list_remove
                0x00005288       0x2c contiki-srf06-cc26xx.a(list.o)
                0x00005288                list_remove
 .text.list_length
                0x000052b4       0x14 contiki-srf06-cc26xx.a(list.o)
                0x000052b4                list_length
 .text.list_item_next
                0x000052c8        0x8 contiki-srf06-cc26xx.a(list.o)
                0x000052c8                list_item_next
 .text.random_init
                0x000052d0        0x4 contiki-srf06-cc26xx.a(random.o)
                0x000052d0                random_init
 .text.random_rand
                0x000052d4        0xc contiki-srf06-cc26xx.a(random.o)
                0x000052d4                random_rand
 .text.ringbuf_init
                0x000052e0       0x10 contiki-srf06-cc26xx.a(ringbuf.o)
                0x000052e0                ringbuf_init
 .text.ringbuf_put
                0x000052f0       0x30 contiki-srf06-cc26xx.a(ringbuf.o)
                0x000052f0                ringbuf_put
 .text.ringbuf_get
                0x00005320       0x28 contiki-srf06-cc26xx.a(ringbuf.o)
                0x00005320                ringbuf_get
 .text.sicslowpan_init
                0x00005348       0x24 contiki-srf06-cc26xx.a(sicslowpan.o)
                0x00005348                sicslowpan_init
 .text.set_packet_attrs
                0x0000536c       0x4c contiki-srf06-cc26xx.a(sicslowpan.o)
 .text.compress_addr_64
                0x000053b8       0x9c contiki-srf06-cc26xx.a(sicslowpan.o)
 .text.addr_context_lookup_by_prefix
                0x00005454       0x28 contiki-srf06-cc26xx.a(sicslowpan.o)
 .text.send_packet
                0x0000547c       0x24 contiki-srf06-cc26xx.a(sicslowpan.o)
 .text.packet_sent
                0x000054a0       0x28 contiki-srf06-cc26xx.a(sicslowpan.o)
 .text.store_fragment
                0x000054c8       0x68 contiki-srf06-cc26xx.a(sicslowpan.o)
 .text.add_fragment
                0x00005530      0x19c contiki-srf06-cc26xx.a(sicslowpan.o)
 .text.uncompress_addr
                0x000056cc       0xb8 contiki-srf06-cc26xx.a(sicslowpan.o)
 .text.input    0x00005784      0x654 contiki-srf06-cc26xx.a(sicslowpan.o)
 .text.output   0x00005dd8      0x738 contiki-srf06-cc26xx.a(sicslowpan.o)
 .text.chksum   0x00006510       0x50 contiki-srf06-cc26xx.a(uip6.o)
 .text.upper_layer_chksum
                0x00006560       0x58 contiki-srf06-cc26xx.a(uip6.o)
 .text.ext_hdr_options_process
                0x000065b8       0xc8 contiki-srf06-cc26xx.a(uip6.o)
 .text.uip_add32
                0x00006680       0x58 contiki-srf06-cc26xx.a(uip6.o)
                0x00006680                uip_add32
 .text.unlikely.uip_add_rcv_nxt
                0x000066d8       0x2c contiki-srf06-cc26xx.a(uip6.o)
 .text.uip_icmp6chksum
                0x00006704        0x8 contiki-srf06-cc26xx.a(uip6.o)
                0x00006704                uip_icmp6chksum
 .text.uip_init
                0x0000670c       0x64 contiki-srf06-cc26xx.a(uip6.o)
                0x0000670c                uip_init
 .text.remove_ext_hdr
                0x00006770       0x60 contiki-srf06-cc26xx.a(uip6.o)
                0x00006770                remove_ext_hdr
 .text.uip_unlisten
                0x000067d0       0x44 contiki-srf06-cc26xx.a(uip6.o)
                0x000067d0                uip_unlisten
 .text.uip_process
                0x00006814     0x119c contiki-srf06-cc26xx.a(uip6.o)
                0x00006814                uip_process
 .text.uip_htonl
                0x000079b0       0x14 contiki-srf06-cc26xx.a(uip6.o)
                0x000079b0                uip_htonl
 .text.uip_ds6_list_loop
                0x000079c4       0x60 contiki-srf06-cc26xx.a(uip-ds6.o)
                0x000079c4                uip_ds6_list_loop
 .text.uip_ds6_prefix_add
                0x00007a24       0x6c contiki-srf06-cc26xx.a(uip-ds6.o)
                0x00007a24                uip_ds6_prefix_add
 .text.uip_ds6_is_addr_onlink
                0x00007a90       0x3c contiki-srf06-cc26xx.a(uip-ds6.o)
                0x00007a90                uip_ds6_is_addr_onlink
 .text.uip_ds6_addr_lookup
                0x00007acc       0x30 contiki-srf06-cc26xx.a(uip-ds6.o)
                0x00007acc                uip_ds6_addr_lookup
 .text.uip_ds6_get_link_local
                0x00007afc       0x44 contiki-srf06-cc26xx.a(uip-ds6.o)
                0x00007afc                uip_ds6_get_link_local
 .text.uip_ds6_maddr_add
                0x00007b40       0x50 contiki-srf06-cc26xx.a(uip-ds6.o)
                0x00007b40                uip_ds6_maddr_add
 .text.uip_ds6_addr_add
                0x00007b90       0xa8 contiki-srf06-cc26xx.a(uip-ds6.o)
                0x00007b90                uip_ds6_addr_add
 .text.uip_ds6_maddr_lookup
                0x00007c38       0x30 contiki-srf06-cc26xx.a(uip-ds6.o)
                0x00007c38                uip_ds6_maddr_lookup
 .text.uip_ds6_addr_rm
                0x00007c68       0x48 contiki-srf06-cc26xx.a(uip-ds6.o)
                0x00007c68                uip_ds6_addr_rm
 .text.uip_ds6_periodic
                0x00007cb0       0x60 contiki-srf06-cc26xx.a(uip-ds6.o)
                0x00007cb0                uip_ds6_periodic
 .text.uip_ds6_select_src
                0x00007d10       0xf4 contiki-srf06-cc26xx.a(uip-ds6.o)
                0x00007d10                uip_ds6_select_src
 .text.uip_ds6_set_addr_iid
                0x00007e04       0x14 contiki-srf06-cc26xx.a(uip-ds6.o)
                0x00007e04                uip_ds6_set_addr_iid
 .text.uip_ds6_compute_reachable_time
                0x00007e18       0x28 contiki-srf06-cc26xx.a(uip-ds6.o)
                0x00007e18                uip_ds6_compute_reachable_time
 .text.uip_ds6_init
                0x00007e40       0xf8 contiki-srf06-cc26xx.a(uip-ds6.o)
                0x00007e40                uip_ds6_init
 .text.uip_ds6_nbr_rm
                0x00007f38       0x20 contiki-srf06-cc26xx.a(uip-ds6-nbr.o)
                0x00007f38                uip_ds6_nbr_rm
 .text.uip_ds6_neighbors_init
                0x00007f58       0x14 contiki-srf06-cc26xx.a(uip-ds6-nbr.o)
                0x00007f58                uip_ds6_neighbors_init
 .text.uip_ds6_nbr_add
                0x00007f6c       0x54 contiki-srf06-cc26xx.a(uip-ds6-nbr.o)
                0x00007f6c                uip_ds6_nbr_add
 .text.uip_ds6_nbr_get_ll
                0x00007fc0       0x10 contiki-srf06-cc26xx.a(uip-ds6-nbr.o)
                0x00007fc0                uip_ds6_nbr_get_ll
 .text.uip_ds6_nbr_lookup
                0x00007fd0       0x3c contiki-srf06-cc26xx.a(uip-ds6-nbr.o)
                0x00007fd0                uip_ds6_nbr_lookup
 .text.uip_ds6_nbr_ipaddr_from_lladdr
                0x0000800c       0x10 contiki-srf06-cc26xx.a(uip-ds6-nbr.o)
                0x0000800c                uip_ds6_nbr_ipaddr_from_lladdr
 .text.uip_ds6_nbr_lladdr_from_ipaddr
                0x0000801c       0x1c contiki-srf06-cc26xx.a(uip-ds6-nbr.o)
                0x0000801c                uip_ds6_nbr_lladdr_from_ipaddr
 .text.uip_ds6_link_neighbor_callback
                0x00008038       0x2c contiki-srf06-cc26xx.a(uip-ds6-nbr.o)
                0x00008038                uip_ds6_link_neighbor_callback
 .text.uip_ds6_neighbor_periodic
                0x00008064       0x70 contiki-srf06-cc26xx.a(uip-ds6-nbr.o)
                0x00008064                uip_ds6_neighbor_periodic
 .text.call_route_callback
                0x000080d4       0x50 contiki-srf06-cc26xx.a(uip-ds6-route.o)
 .text.uip_ds6_route_init
                0x00008124       0x4c contiki-srf06-cc26xx.a(uip-ds6-route.o)
                0x00008124                uip_ds6_route_init
 .text.uip_ds6_route_nexthop
                0x00008170       0x1c contiki-srf06-cc26xx.a(uip-ds6-route.o)
                0x00008170                uip_ds6_route_nexthop
 .text.uip_ds6_route_head
                0x0000818c        0xc contiki-srf06-cc26xx.a(uip-ds6-route.o)
                0x0000818c                uip_ds6_route_head
 .text.uip_ds6_route_next
                0x00008198        0x8 contiki-srf06-cc26xx.a(uip-ds6-route.o)
                0x00008198                uip_ds6_route_next
 .text.uip_ds6_route_lookup
                0x000081a0       0x78 contiki-srf06-cc26xx.a(uip-ds6-route.o)
                0x000081a0                uip_ds6_route_lookup
 .text.uip_ds6_route_rm
                0x00008218       0xac contiki-srf06-cc26xx.a(uip-ds6-route.o)
                0x00008218                uip_ds6_route_rm
 .text.rm_routelist
                0x000082c4       0x38 contiki-srf06-cc26xx.a(uip-ds6-route.o)
 .text.rm_routelist_callback
                0x000082fc        0x4 contiki-srf06-cc26xx.a(uip-ds6-route.o)
 .text.uip_ds6_route_add
                0x00008300      0x134 contiki-srf06-cc26xx.a(uip-ds6-route.o)
                0x00008300                uip_ds6_route_add
 .text.uip_ds6_defrt_rm
                0x00008434       0x48 contiki-srf06-cc26xx.a(uip-ds6-route.o)
                0x00008434                uip_ds6_defrt_rm
 .text.uip_ds6_defrt_lookup
                0x0000847c       0x34 contiki-srf06-cc26xx.a(uip-ds6-route.o)
                0x0000847c                uip_ds6_defrt_lookup
 .text.uip_ds6_defrt_add
                0x000084b0       0x5c contiki-srf06-cc26xx.a(uip-ds6-route.o)
                0x000084b0                uip_ds6_defrt_add
 .text.uip_ds6_defrt_choose
                0x0000850c       0x34 contiki-srf06-cc26xx.a(uip-ds6-route.o)
                0x0000850c                uip_ds6_defrt_choose
 .text.uip_ds6_defrt_periodic
                0x00008540       0x3c contiki-srf06-cc26xx.a(uip-ds6-route.o)
                0x00008540                uip_ds6_defrt_periodic
 .text.echo_reply_input
                0x0000857c      0x110 contiki-srf06-cc26xx.a(uip-icmp6.o)
 .text.echo_request_input
                0x0000868c      0x118 contiki-srf06-cc26xx.a(uip-icmp6.o)
 .text.uip_icmp6_input
                0x000087a4       0x3c contiki-srf06-cc26xx.a(uip-icmp6.o)
                0x000087a4                uip_icmp6_input
 .text.uip_icmp6_register_input_handler
                0x000087e0        0xc contiki-srf06-cc26xx.a(uip-icmp6.o)
                0x000087e0                uip_icmp6_register_input_handler
 .text.uip_icmp6_error_output
                0x000087ec      0x158 contiki-srf06-cc26xx.a(uip-icmp6.o)
                0x000087ec                uip_icmp6_error_output
 .text.uip_icmp6_send
                0x00008944       0x84 contiki-srf06-cc26xx.a(uip-icmp6.o)
                0x00008944                uip_icmp6_send
 .text.uip_icmp6_init
                0x000089c8       0x24 contiki-srf06-cc26xx.a(uip-icmp6.o)
                0x000089c8                uip_icmp6_init
 .text.uip_nd6_init
                0x000089ec        0x4 contiki-srf06-cc26xx.a(uip-nd6.o)
                0x000089ec                uip_nd6_init
 .text.start_periodic_tcp_timer
                0x000089f0       0x1c contiki-srf06-cc26xx.a(tcpip.o)
 .text.tcpip_set_outputfunc
                0x00008a0c        0xc contiki-srf06-cc26xx.a(tcpip.o)
                0x00008a0c                tcpip_set_outputfunc
 .text.tcpip_icmp6_call
                0x00008a18       0x28 contiki-srf06-cc26xx.a(tcpip.o)
                0x00008a18                tcpip_icmp6_call
 .text.tcpip_input
                0x00008a40       0x24 contiki-srf06-cc26xx.a(tcpip.o)
                0x00008a40                tcpip_input
 .text.tcpip_ipv6_output
                0x00008a64       0xc8 contiki-srf06-cc26xx.a(tcpip.o)
                0x00008a64                tcpip_ipv6_output
 .text.process_thread_tcpip_process
                0x00008b2c      0x208 contiki-srf06-cc26xx.a(tcpip.o)
 .text.tcpip_uipcall
                0x00008d34       0x90 contiki-srf06-cc26xx.a(tcpip.o)
                0x00008d34                tcpip_uipcall
 .text.uip_debug_ipaddr_print
                0x00008dc4       0xb0 contiki-srf06-cc26xx.a(uip-debug.o)
                0x00008dc4                uip_debug_ipaddr_print
 .text.rpl_get_mode
                0x00008e74        0xc contiki-srf06-cc26xx.a(rpl.o)
                0x00008e74                rpl_get_mode
 .text.rpl_purge_routes
                0x00008e80       0x7c contiki-srf06-cc26xx.a(rpl.o)
                0x00008e80                rpl_purge_routes
 .text.rpl_remove_routes
                0x00008efc       0x24 contiki-srf06-cc26xx.a(rpl.o)
                0x00008efc                rpl_remove_routes
 .text.rpl_remove_routes_by_nexthop
                0x00008f20       0x40 contiki-srf06-cc26xx.a(rpl.o)
                0x00008f20                rpl_remove_routes_by_nexthop
 .text.rpl_add_route
                0x00008f60       0x2c contiki-srf06-cc26xx.a(rpl.o)
                0x00008f60                rpl_add_route
 .text.rpl_link_neighbor_callback
                0x00008f8c       0x78 contiki-srf06-cc26xx.a(rpl.o)
                0x00008f8c                rpl_link_neighbor_callback
 .text.rpl_ipv6_neighbor_callback
                0x00009004       0x30 contiki-srf06-cc26xx.a(rpl.o)
                0x00009004                rpl_ipv6_neighbor_callback
 .text.rpl_purge_dags
                0x00009034       0x40 contiki-srf06-cc26xx.a(rpl.o)
                0x00009034                rpl_purge_dags
 .text.rpl_init
                0x00009074       0x58 contiki-srf06-cc26xx.a(rpl.o)
                0x00009074                rpl_init
 .text.lollipop_greater_than
                0x000090cc       0x3c contiki-srf06-cc26xx.a(rpl-dag.o)
 .text.rpl_set_preferred_parent
                0x00009108       0x2c contiki-srf06-cc26xx.a(rpl-dag.o)
 .text.set_ip_from_prefix
                0x00009134       0x2c contiki-srf06-cc26xx.a(rpl-dag.o)
 .text.check_prefix
                0x00009160       0x78 contiki-srf06-cc26xx.a(rpl-dag.o)
 .text.find_parent_any_dag_any_instance
                0x000091d8       0x1c contiki-srf06-cc26xx.a(rpl-dag.o)
 .text.rpl_get_nbr
                0x000091f4       0x28 contiki-srf06-cc26xx.a(rpl-dag.o)
                0x000091f4                rpl_get_nbr
 .text.rpl_dag_init
                0x0000921c       0x14 contiki-srf06-cc26xx.a(rpl-dag.o)
                0x0000921c                rpl_dag_init
 .text.rpl_get_parent
                0x00009230       0x10 contiki-srf06-cc26xx.a(rpl-dag.o)
                0x00009230                rpl_get_parent
 .text.rpl_get_parent_ipaddr
                0x00009240       0x18 contiki-srf06-cc26xx.a(rpl-dag.o)
                0x00009240                rpl_get_parent_ipaddr
 .text.rpl_repair_root
                0x00009258       0x5c contiki-srf06-cc26xx.a(rpl-dag.o)
                0x00009258                rpl_repair_root
 .text.rpl_set_prefix
                0x000092b4       0x98 contiki-srf06-cc26xx.a(rpl-dag.o)
                0x000092b4                rpl_set_prefix
 .text.rpl_set_default_route
                0x0000934c       0x3c contiki-srf06-cc26xx.a(rpl-dag.o)
                0x0000934c                rpl_set_default_route
 .text.rpl_alloc_instance
                0x00009388       0x34 contiki-srf06-cc26xx.a(rpl-dag.o)
                0x00009388                rpl_alloc_instance
 .text.rpl_alloc_dag
                0x000093bc       0x5c contiki-srf06-cc26xx.a(rpl-dag.o)
                0x000093bc                rpl_alloc_dag
 .text.rpl_add_parent
                0x00009418       0x44 contiki-srf06-cc26xx.a(rpl-dag.o)
                0x00009418                rpl_add_parent
 .text.rpl_find_parent
                0x0000945c       0x18 contiki-srf06-cc26xx.a(rpl-dag.o)
                0x0000945c                rpl_find_parent
 .text.rpl_find_parent_any_dag
                0x00009474       0x20 contiki-srf06-cc26xx.a(rpl-dag.o)
                0x00009474                rpl_find_parent_any_dag
 .text.rpl_select_parent
                0x00009494       0x84 contiki-srf06-cc26xx.a(rpl-dag.o)
                0x00009494                rpl_select_parent
 .text.rpl_select_dag
                0x00009518      0x17c contiki-srf06-cc26xx.a(rpl-dag.o)
                0x00009518                rpl_select_dag
 .text.rpl_nullify_parent
                0x00009694       0x4c contiki-srf06-cc26xx.a(rpl-dag.o)
                0x00009694                rpl_nullify_parent
 .text.rpl_remove_parent
                0x000096e0       0x1c contiki-srf06-cc26xx.a(rpl-dag.o)
                0x000096e0                rpl_remove_parent
 .text.nbr_callback
                0x000096fc        0x4 contiki-srf06-cc26xx.a(rpl-dag.o)
 .text.remove_parents.constprop.5
                0x00009700       0x44 contiki-srf06-cc26xx.a(rpl-dag.o)
 .text.rpl_free_dag
                0x00009744       0x38 contiki-srf06-cc26xx.a(rpl-dag.o)
                0x00009744                rpl_free_dag
 .text.rpl_move_parent
                0x0000977c       0x4c contiki-srf06-cc26xx.a(rpl-dag.o)
                0x0000977c                rpl_move_parent
 .text.rpl_get_any_dag
                0x000097c8       0x18 contiki-srf06-cc26xx.a(rpl-dag.o)
                0x000097c8                rpl_get_any_dag
 .text.rpl_get_instance
                0x000097e0       0x20 contiki-srf06-cc26xx.a(rpl-dag.o)
                0x000097e0                rpl_get_instance
 .text.rpl_join_instance
                0x00009800      0x144 contiki-srf06-cc26xx.a(rpl-dag.o)
                0x00009800                rpl_join_instance
 .text.rpl_local_repair
                0x00009944       0x68 contiki-srf06-cc26xx.a(rpl-dag.o)
                0x00009944                rpl_local_repair
 .text.rpl_process_parent_event
                0x000099ac       0x60 contiki-srf06-cc26xx.a(rpl-dag.o)
                0x000099ac                rpl_process_parent_event
 .text.rpl_add_dag
                0x00009a0c      0x150 contiki-srf06-cc26xx.a(rpl-dag.o)
                0x00009a0c                rpl_add_dag
 .text.rpl_recalculate_ranks
                0x00009b5c       0x50 contiki-srf06-cc26xx.a(rpl-dag.o)
                0x00009b5c                rpl_recalculate_ranks
 .text.rpl_process_dio
                0x00009bac      0x318 contiki-srf06-cc26xx.a(rpl-dag.o)
                0x00009bac                rpl_process_dio
 .text.rpl_verify_header
                0x00009ec4      0x104 contiki-srf06-cc26xx.a(rpl-ext-header.)
                0x00009ec4                rpl_verify_header
 .text.rpl_update_header_empty
                0x00009fc8      0x12c contiki-srf06-cc26xx.a(rpl-ext-header.)
                0x00009fc8                rpl_update_header_empty
 .text.rpl_update_header_final
                0x0000a0f4       0x88 contiki-srf06-cc26xx.a(rpl-ext-header.)
                0x0000a0f4                rpl_update_header_final
 .text.rpl_invert_header
                0x0000a17c       0x68 contiki-srf06-cc26xx.a(rpl-ext-header.)
                0x0000a17c                rpl_invert_header
 .text.rpl_insert_header
                0x0000a1e4       0x1c contiki-srf06-cc26xx.a(rpl-ext-header.)
                0x0000a1e4                rpl_insert_header
 .text.get32    0x0000a200       0x20 contiki-srf06-cc26xx.a(rpl-icmp6.o)
 .text.dao_ack_input
                0x0000a220       0x14 contiki-srf06-cc26xx.a(rpl-icmp6.o)
 .text.dio_input
                0x0000a234      0x2b8 contiki-srf06-cc26xx.a(rpl-icmp6.o)
 .text.dis_output
                0x0000a4ec       0x58 contiki-srf06-cc26xx.a(rpl-icmp6.o)
                0x0000a4ec                dis_output
 .text.dio_output
                0x0000a544      0x2dc contiki-srf06-cc26xx.a(rpl-icmp6.o)
                0x0000a544                dio_output
 .text.dis_input
                0x0000a820       0x40 contiki-srf06-cc26xx.a(rpl-icmp6.o)
 .text.dao_output_target
                0x0000a860      0x104 contiki-srf06-cc26xx.a(rpl-icmp6.o)
                0x0000a860                dao_output_target
 .text.dao_output
                0x0000a964       0x58 contiki-srf06-cc26xx.a(rpl-icmp6.o)
                0x0000a964                dao_output
 .text.dao_ack_output
                0x0000a9bc       0x30 contiki-srf06-cc26xx.a(rpl-icmp6.o)
                0x0000a9bc                dao_ack_output
 .text.dao_input
                0x0000a9ec      0x218 contiki-srf06-cc26xx.a(rpl-icmp6.o)
 .text.rpl_icmp6_register_handlers
                0x0000ac04       0x30 contiki-srf06-cc26xx.a(rpl-icmp6.o)
                0x0000ac04                rpl_icmp6_register_handlers
 .text.reset    0x0000ac34        0x4 contiki-srf06-cc26xx.a(rpl-mrhof.o)
 .text.update_metric_container
                0x0000ac38        0x8 contiki-srf06-cc26xx.a(rpl-mrhof.o)
 .text.calculate_rank
                0x0000ac40       0x44 contiki-srf06-cc26xx.a(rpl-mrhof.o)
 .text.neighbor_link_callback
                0x0000ac84       0x54 contiki-srf06-cc26xx.a(rpl-mrhof.o)
 .text.best_dag
                0x0000acd8       0x2c contiki-srf06-cc26xx.a(rpl-mrhof.o)
 .text.best_parent
                0x0000ad04       0x60 contiki-srf06-cc26xx.a(rpl-mrhof.o)
 .text.new_dio_interval
                0x0000ad64       0x60 contiki-srf06-cc26xx.a(rpl-timers.o)
 .text.handle_periodic_timer
                0x0000adc4       0x3c contiki-srf06-cc26xx.a(rpl-timers.o)
 .text.set_dao_lifetime_timer
                0x0000ae00       0x3c contiki-srf06-cc26xx.a(rpl-timers.o)
 .text.handle_unicast_dio_timer
                0x0000ae3c       0x1c contiki-srf06-cc26xx.a(rpl-timers.o)
 .text.handle_dio_timer
                0x0000ae58       0x8c contiki-srf06-cc26xx.a(rpl-timers.o)
 .text.schedule_dao
                0x0000aee4       0x54 contiki-srf06-cc26xx.a(rpl-timers.o)
 .text.handle_dao_timer
                0x0000af38       0x5c contiki-srf06-cc26xx.a(rpl-timers.o)
 .text.rpl_reset_periodic_timer
                0x0000af94       0x3c contiki-srf06-cc26xx.a(rpl-timers.o)
                0x0000af94                rpl_reset_periodic_timer
 .text.rpl_reset_dio_timer
                0x0000afd0       0x1c contiki-srf06-cc26xx.a(rpl-timers.o)
                0x0000afd0                rpl_reset_dio_timer
 .text.rpl_schedule_dao
                0x0000afec        0x8 contiki-srf06-cc26xx.a(rpl-timers.o)
                0x0000afec                rpl_schedule_dao
 .text.rpl_schedule_unicast_dio_immediately
                0x0000aff4       0x14 contiki-srf06-cc26xx.a(rpl-timers.o)
                0x0000aff4                rpl_schedule_unicast_dio_immediately
 .text.rpl_schedule_probing
                0x0000b008       0x38 contiki-srf06-cc26xx.a(rpl-timers.o)
                0x0000b008                rpl_schedule_probing
 .text.handle_probing_timer
                0x0000b040       0xdc contiki-srf06-cc26xx.a(rpl-timers.o)
 .text.NOROM_AONRTCCurrentCompareValueGet
                0x0000b11c       0x24 contiki-srf06-cc26xx.a(aon_rtc.o)
                0x0000b11c                NOROM_AONRTCCurrentCompareValueGet
 .text.NOROM_CPUcpsid
                0x0000b140        0x8 contiki-srf06-cc26xx.a(cpu.o)
                0x0000b140                NOROM_CPUcpsid
 .text.NOROM_CPUcpsie
                0x0000b148        0x8 contiki-srf06-cc26xx.a(cpu.o)
                0x0000b148                NOROM_CPUcpsie
 .text.NOROM_CPUdelay
                0x0000b150        0x8 contiki-srf06-cc26xx.a(cpu.o)
                0x0000b150                NOROM_CPUdelay
 .text.NOROM_DDI16BitfieldWrite
                0x0000b158       0x4c contiki-srf06-cc26xx.a(ddi.o)
                0x0000b158                NOROM_DDI16BitfieldWrite
 .text.NOROM_DDI16BitfieldRead
                0x0000b1a4       0x48 contiki-srf06-cc26xx.a(ddi.o)
                0x0000b1a4                NOROM_DDI16BitfieldRead
 .text.NOROM_OSCClockSourceSet
                0x0000b1ec       0x50 contiki-srf06-cc26xx.a(osc.o)
                0x0000b1ec                NOROM_OSCClockSourceSet
 .text.NOROM_OSCClockSourceGet
                0x0000b23c       0x24 contiki-srf06-cc26xx.a(osc.o)
                0x0000b23c                NOROM_OSCClockSourceGet
 .text.NOROM_OSCInterfaceEnable
                0x0000b260       0x34 contiki-srf06-cc26xx.a(osc.o)
                0x0000b260                NOROM_OSCInterfaceEnable
 .text.NOROM_PowerCtrlSourceSet
                0x0000b294       0x30 contiki-srf06-cc26xx.a(pwr_ctrl.o)
                0x0000b294                NOROM_PowerCtrlSourceSet
 .text.HapiTrimDeviceShutDown
                0x0000b2c4      0x4f4 contiki-srf06-cc26xx.a(setup.o)
 .text.trimDevice
                0x0000b7b8       0xfc contiki-srf06-cc26xx.a(setup.o)
                0x0000b7b8                trimDevice
 .text.SysCtrlSetRechargeBeforePowerDown
                0x0000b8b4      0x1e8 contiki-srf06-cc26xx.a(sys_ctrl.o)
                0x0000b8b4                SysCtrlSetRechargeBeforePowerDown
 .text.SysCtrlAdjustRechargeAfterPowerDown
                0x0000ba9c       0x64 contiki-srf06-cc26xx.a(sys_ctrl.o)
                0x0000ba9c                SysCtrlAdjustRechargeAfterPowerDown
 .text.SysCtrl_DCDC_VoltageConditionalControl
                0x0000bb00       0x78 contiki-srf06-cc26xx.a(sys_ctrl.o)
                0x0000bb00                SysCtrl_DCDC_VoltageConditionalControl
 .text.linkaddr_copy
                0x0000bb78        0xc contiki-srf06-cc26xx.a(linkaddr.o)
                0x0000bb78                linkaddr_copy
 .text.linkaddr_cmp
                0x0000bb84       0x10 contiki-srf06-cc26xx.a(linkaddr.o)
                0x0000bb84                linkaddr_cmp
 .text.nbr_set_bit
                0x0000bb94       0x4c contiki-srf06-cc26xx.a(nbr-table.o)
 .text.index_from_lladdr
                0x0000bbe0       0x50 contiki-srf06-cc26xx.a(nbr-table.o)
 .text.nbr_get_bit.constprop.0
                0x0000bc30       0x2c contiki-srf06-cc26xx.a(nbr-table.o)
 .text.nbr_table_register
                0x0000bc5c       0x2c contiki-srf06-cc26xx.a(nbr-table.o)
                0x0000bc5c                nbr_table_register
 .text.nbr_table_next
                0x0000bc88       0x70 contiki-srf06-cc26xx.a(nbr-table.o)
                0x0000bc88                nbr_table_next
 .text.nbr_table_head
                0x0000bcf8       0x58 contiki-srf06-cc26xx.a(nbr-table.o)
                0x0000bcf8                nbr_table_head
 .text.nbr_table_add_lladdr
                0x0000bd50      0x190 contiki-srf06-cc26xx.a(nbr-table.o)
                0x0000bd50                nbr_table_add_lladdr
 .text.nbr_table_get_from_lladdr
                0x0000bee0       0x34 contiki-srf06-cc26xx.a(nbr-table.o)
                0x0000bee0                nbr_table_get_from_lladdr
 .text.nbr_table_remove
                0x0000bf14       0x2c contiki-srf06-cc26xx.a(nbr-table.o)
                0x0000bf14                nbr_table_remove
 .text.nbr_table_lock
                0x0000bf40       0x14 contiki-srf06-cc26xx.a(nbr-table.o)
                0x0000bf40                nbr_table_lock
 .text.nbr_table_unlock
                0x0000bf54       0x14 contiki-srf06-cc26xx.a(nbr-table.o)
                0x0000bf54                nbr_table_unlock
 .text.nbr_table_get_lladdr
                0x0000bf68       0x30 contiki-srf06-cc26xx.a(nbr-table.o)
                0x0000bf68                nbr_table_get_lladdr
 .text.netstack_init
                0x0000bf98       0x38 contiki-srf06-cc26xx.a(netstack.o)
                0x0000bf98                netstack_init
 .text.packetbuf_copyto
                0x0000bfd0       0x50 contiki-srf06-cc26xx.a(packetbuf.o)
                0x0000bfd0                packetbuf_copyto
 .text.packetbuf_hdralloc
                0x0000c020       0x48 contiki-srf06-cc26xx.a(packetbuf.o)
                0x0000c020                packetbuf_hdralloc
 .text.packetbuf_hdrreduce
                0x0000c068       0x2c contiki-srf06-cc26xx.a(packetbuf.o)
                0x0000c068                packetbuf_hdrreduce
 .text.packetbuf_set_datalen
                0x0000c094        0xc contiki-srf06-cc26xx.a(packetbuf.o)
                0x0000c094                packetbuf_set_datalen
 .text.packetbuf_dataptr
                0x0000c0a0       0x14 contiki-srf06-cc26xx.a(packetbuf.o)
                0x0000c0a0                packetbuf_dataptr
 .text.packetbuf_hdrptr
                0x0000c0b4       0x14 contiki-srf06-cc26xx.a(packetbuf.o)
                0x0000c0b4                packetbuf_hdrptr
 .text.packetbuf_datalen
                0x0000c0c8        0xc contiki-srf06-cc26xx.a(packetbuf.o)
                0x0000c0c8                packetbuf_datalen
 .text.packetbuf_totlen
                0x0000c0d4       0x28 contiki-srf06-cc26xx.a(packetbuf.o)
                0x0000c0d4                packetbuf_totlen
 .text.packetbuf_attr_clear
                0x0000c0fc       0x38 contiki-srf06-cc26xx.a(packetbuf.o)
                0x0000c0fc                packetbuf_attr_clear
 .text.packetbuf_clear
                0x0000c134       0x34 contiki-srf06-cc26xx.a(packetbuf.o)
                0x0000c134                packetbuf_clear
 .text.packetbuf_copyfrom
                0x0000c168       0x2c contiki-srf06-cc26xx.a(packetbuf.o)
                0x0000c168                packetbuf_copyfrom
 .text.packetbuf_attr_copyto
                0x0000c194       0x44 contiki-srf06-cc26xx.a(packetbuf.o)
                0x0000c194                packetbuf_attr_copyto
 .text.packetbuf_attr_copyfrom
                0x0000c1d8       0x44 contiki-srf06-cc26xx.a(packetbuf.o)
                0x0000c1d8                packetbuf_attr_copyfrom
 .text.packetbuf_set_attr
                0x0000c21c       0x10 contiki-srf06-cc26xx.a(packetbuf.o)
                0x0000c21c                packetbuf_set_attr
 .text.packetbuf_attr
                0x0000c22c        0xc contiki-srf06-cc26xx.a(packetbuf.o)
                0x0000c22c                packetbuf_attr
 .text.packetbuf_set_addr
                0x0000c238       0x18 contiki-srf06-cc26xx.a(packetbuf.o)
                0x0000c238                packetbuf_set_addr
 .text.packetbuf_addr
                0x0000c250       0x10 contiki-srf06-cc26xx.a(packetbuf.o)
                0x0000c250                packetbuf_addr
 .text.packetbuf_holds_broadcast
                0x0000c260       0x10 contiki-srf06-cc26xx.a(packetbuf.o)
                0x0000c260                packetbuf_holds_broadcast
 .text.queuebuf_init
                0x0000c270       0x1c contiki-srf06-cc26xx.a(queuebuf.o)
                0x0000c270                queuebuf_init
 .text.queuebuf_numfree
                0x0000c28c        0xc contiki-srf06-cc26xx.a(queuebuf.o)
                0x0000c28c                queuebuf_numfree
 .text.queuebuf_new_from_packetbuf
                0x0000c298       0x48 contiki-srf06-cc26xx.a(queuebuf.o)
                0x0000c298                queuebuf_new_from_packetbuf
 .text.queuebuf_update_attr_from_packetbuf
                0x0000c2e0        0xc contiki-srf06-cc26xx.a(queuebuf.o)
                0x0000c2e0                queuebuf_update_attr_from_packetbuf
 .text.queuebuf_update_from_packetbuf
                0x0000c2ec       0x1c contiki-srf06-cc26xx.a(queuebuf.o)
                0x0000c2ec                queuebuf_update_from_packetbuf
 .text.queuebuf_free
                0x0000c308       0x2c contiki-srf06-cc26xx.a(queuebuf.o)
                0x0000c308                queuebuf_free
 .text.queuebuf_to_packetbuf
                0x0000c334       0x30 contiki-srf06-cc26xx.a(queuebuf.o)
                0x0000c334                queuebuf_to_packetbuf
 .text.queuebuf_attr
                0x0000c364        0xc contiki-srf06-cc26xx.a(queuebuf.o)
                0x0000c364                queuebuf_attr
 .text.input_packet
                0x0000c370        0xc contiki-srf06-cc26xx.a(csma.o)
 .text.on       0x0000c37c        0xc contiki-srf06-cc26xx.a(csma.o)
 .text.off      0x0000c388        0xc contiki-srf06-cc26xx.a(csma.o)
 .text.channel_check_interval
                0x0000c394       0x10 contiki-srf06-cc26xx.a(csma.o)
 .text.transmit_packet_list
                0x0000c3a4       0x34 contiki-srf06-cc26xx.a(csma.o)
 .text.free_packet
                0x0000c3d8       0x98 contiki-srf06-cc26xx.a(csma.o)
 .text.packet_sent
                0x0000c470      0x100 contiki-srf06-cc26xx.a(csma.o)
 .text.send_packet
                0x0000c570      0x164 contiki-srf06-cc26xx.a(csma.o)
 .text.init     0x0000c6d4       0x24 contiki-srf06-cc26xx.a(csma.o)
 .text.parse    0x0000c6f8       0xa0 contiki-srf06-cc26xx.a(framer-802154.o)
 .text.create_frame.isra.0
                0x0000c798      0x13c contiki-srf06-cc26xx.a(framer-802154.o)
 .text.create   0x0000c8d4        0x8 contiki-srf06-cc26xx.a(framer-802154.o)
 .text.hdr_length
                0x0000c8dc        0x8 contiki-srf06-cc26xx.a(framer-802154.o)
 .text.mac_call_sent_callback
                0x0000c8e4       0x10 contiki-srf06-cc26xx.a(mac.o)
                0x0000c8e4                mac_call_sent_callback
 .text.duty_cycle
                0x0000c8f4        0x4 contiki-srf06-cc26xx.a(contikimac.o)
 .text.init     0x0000c8f8       0x40 contiki-srf06-cc26xx.a(contikimac.o)
 .text.on       0x0000c938       0x2c contiki-srf06-cc26xx.a(contikimac.o)
 .text.off      0x0000c964       0x38 contiki-srf06-cc26xx.a(contikimac.o)
 .text.recv_burst_off
                0x0000c99c       0x14 contiki-srf06-cc26xx.a(contikimac.o)
 .text.powercycle_turn_radio_off.part.2
                0x0000c9b0       0x10 contiki-srf06-cc26xx.a(contikimac.o)
 .text.turn_off
                0x0000c9c0       0x48 contiki-srf06-cc26xx.a(contikimac.o)
 .text.turn_on  0x0000ca08       0x40 contiki-srf06-cc26xx.a(contikimac.o)
 .text.schedule_powercycle_fixed.part.5
                0x0000ca48       0x2c contiki-srf06-cc26xx.a(contikimac.o)
 .text.input_packet
                0x0000ca74       0xac contiki-srf06-cc26xx.a(contikimac.o)
 .text.send_packet.isra.8
                0x0000cb20      0x228 contiki-srf06-cc26xx.a(contikimac.o)
 .text.qsend_list
                0x0000cd48       0xe0 contiki-srf06-cc26xx.a(contikimac.o)
 .text.qsend_packet
                0x0000ce28       0x24 contiki-srf06-cc26xx.a(contikimac.o)
 .text.powercycle_wrapper
                0x0000ce4c      0x234 contiki-srf06-cc26xx.a(contikimac.o)
 .text.init     0x0000d080        0x4 contiki-srf06-cc26xx.a(nullsec.o)
 .text.input    0x0000d084        0xc contiki-srf06-cc26xx.a(nullsec.o)
 .text.send     0x0000d090       0x20 contiki-srf06-cc26xx.a(nullsec.o)
 .text.sensor_common_read_reg
                0x0000d0b0       0x1c contiki-srf06-cc26xx.a(sensor-common.o)
                0x0000d0b0                sensor_common_read_reg
 .text.sensor_common_write_reg
                0x0000d0cc       0x38 contiki-srf06-cc26xx.a(sensor-common.o)
                0x0000d0cc                sensor_common_write_reg
 .text.sensor_common_set_error_data
                0x0000d104       0x10 contiki-srf06-cc26xx.a(sensor-common.o)
                0x0000d104                sensor_common_set_error_data
 .text.verify_part
                0x0000d114       0x6c contiki-srf06-cc26xx.a(ext-flash.o)
 .text.wait_ready
                0x0000d180       0x64 contiki-srf06-cc26xx.a(ext-flash.o)
 .text.power_down
                0x0000d1e4       0x50 contiki-srf06-cc26xx.a(ext-flash.o)
 .text.ext_flash_open
                0x0000d234       0x60 contiki-srf06-cc26xx.a(ext-flash.o)
                0x0000d234                ext_flash_open
 .text.ext_flash_init
                0x0000d294       0x14 contiki-srf06-cc26xx.a(ext-flash.o)
                0x0000d294                ext_flash_init
 .text.accessible
                0x0000d2a8       0x24 contiki-srf06-cc26xx.a(board-spi.o)
 .text.board_spi_write
                0x0000d2cc       0x3c contiki-srf06-cc26xx.a(board-spi.o)
                0x0000d2cc                board_spi_write
 .text.board_spi_read
                0x0000d308       0x48 contiki-srf06-cc26xx.a(board-spi.o)
                0x0000d308                board_spi_read
 .text.board_spi_flush
                0x0000d350       0x24 contiki-srf06-cc26xx.a(board-spi.o)
                0x0000d350                board_spi_flush
 .text.board_spi_open
                0x0000d374       0xc0 contiki-srf06-cc26xx.a(board-spi.o)
                0x0000d374                board_spi_open
 .text.board_spi_close
                0x0000d434       0x70 contiki-srf06-cc26xx.a(board-spi.o)
                0x0000d434                board_spi_close
 .text.process_thread_rf_core_process
                0x0000d4a4       0x58 contiki-srf06-cc26xx.a(rf-core.o)
 .text.rf_core_is_accessible
                0x0000d4fc       0x10 contiki-srf06-cc26xx.a(rf-core.o)
                0x0000d4fc                rf_core_is_accessible
 .text.rf_core_send_cmd
                0x0000d50c       0xa4 contiki-srf06-cc26xx.a(rf-core.o)
                0x0000d50c                rf_core_send_cmd
 .text.rf_core_wait_cmd_done
                0x0000d5b0       0x30 contiki-srf06-cc26xx.a(rf-core.o)
                0x0000d5b0                rf_core_wait_cmd_done
 .text.rf_core_power_up
                0x0000d5e0       0xb4 contiki-srf06-cc26xx.a(rf-core.o)
                0x0000d5e0                rf_core_power_up
 .text.rf_core_power_down
                0x0000d694       0xe8 contiki-srf06-cc26xx.a(rf-core.o)
                0x0000d694                rf_core_power_down
 .text.rf_core_set_modesel
                0x0000d77c       0x68 contiki-srf06-cc26xx.a(rf-core.o)
                0x0000d77c                rf_core_set_modesel
 .text.rf_core_boot
                0x0000d7e4       0x30 contiki-srf06-cc26xx.a(rf-core.o)
                0x0000d7e4                rf_core_boot
 .text.rf_core_setup_interrupts
                0x0000d814       0x6c contiki-srf06-cc26xx.a(rf-core.o)
                0x0000d814                rf_core_setup_interrupts
 .text.rf_core_cmd_done_en
                0x0000d880       0x28 contiki-srf06-cc26xx.a(rf-core.o)
                0x0000d880                rf_core_cmd_done_en
 .text.rf_core_cmd_done_dis
                0x0000d8a8       0x10 contiki-srf06-cc26xx.a(rf-core.o)
                0x0000d8a8                rf_core_cmd_done_dis
 .text.rf_core_get_last_radio_op
                0x0000d8b8        0xc contiki-srf06-cc26xx.a(rf-core.o)
                0x0000d8b8                rf_core_get_last_radio_op
 .text.rf_core_init_radio_op
                0x0000d8c4       0x20 contiki-srf06-cc26xx.a(rf-core.o)
                0x0000d8c4                rf_core_init_radio_op
 .text.rf_core_primary_mode_register
                0x0000d8e4        0xc contiki-srf06-cc26xx.a(rf-core.o)
                0x0000d8e4                rf_core_primary_mode_register
 .text.RFCCPE1IntHandler
                0x0000d8f0       0x28 contiki-srf06-cc26xx.a(rf-core.o)
                0x0000d8f0                RFCCPE1IntHandler
 .text.RFCCPE0IntHandler
                0x0000d918       0x5c contiki-srf06-cc26xx.a(rf-core.o)
                0x0000d918                RFCCPE0IntHandler
 .text.rf_ble_is_active
                0x0000d974        0xc contiki-srf06-cc26xx.a(rf-ble.o)
                0x0000d974                rf_ble_is_active
 .text.stimer_set
                0x0000d980       0x10 contiki-srf06-cc26xx.a(stimer.o)
                0x0000d980                stimer_set
 .text.stimer_expired
                0x0000d990       0x20 contiki-srf06-cc26xx.a(stimer.o)
                0x0000d990                stimer_expired
 .text.memb_init
                0x0000d9b0       0x24 contiki-srf06-cc26xx.a(memb.o)
                0x0000d9b0                memb_init
 .text.memb_alloc
                0x0000d9d4       0x3c contiki-srf06-cc26xx.a(memb.o)
                0x0000d9d4                memb_alloc
 .text.memb_free
                0x0000da10       0x44 contiki-srf06-cc26xx.a(memb.o)
                0x0000da10                memb_free
 .text.memb_inmemb
                0x0000da54       0x1c contiki-srf06-cc26xx.a(memb.o)
                0x0000da54                memb_inmemb
 .text.memb_numfree
                0x0000da70       0x1c contiki-srf06-cc26xx.a(memb.o)
                0x0000da70                memb_numfree
 .text.AONBatMonTemperatureGetDegC
                0x0000da8c       0x30 contiki-srf06-cc26xx.a(aon_batmon.o)
                0x0000da8c                AONBatMonTemperatureGetDegC
 .text.ChipInfo_GetSupportedProtocol_BV
                0x0000dabc       0x10 contiki-srf06-cc26xx.a(chipinfo.o)
                0x0000dabc                ChipInfo_GetSupportedProtocol_BV
 .text.ChipInfo_GetChipFamily
                0x0000dacc       0x38 contiki-srf06-cc26xx.a(chipinfo.o)
                0x0000dacc                ChipInfo_GetChipFamily
 .text.ChipInfo_GetHwRevision
                0x0000db04       0x98 contiki-srf06-cc26xx.a(chipinfo.o)
                0x0000db04                ChipInfo_GetHwRevision
 .text.ThisCodeIsBuiltForCC26xxHwRev22AndLater_HaltIfViolated
                0x0000db9c       0x2c contiki-srf06-cc26xx.a(chipinfo.o)
                0x0000db9c                ThisCodeIsBuiltForCC26xxHwRev22AndLater_HaltIfViolated
 .text.frame802154_get_pan_id
                0x0000dbc8        0xc contiki-srf06-cc26xx.a(frame802154.o)
                0x0000dbc8                frame802154_get_pan_id
 .text.frame802154_has_panid
                0x0000dbd4       0x54 contiki-srf06-cc26xx.a(frame802154.o)
                0x0000dbd4                frame802154_has_panid
 .text.field_len
                0x0000dc28       0x9c contiki-srf06-cc26xx.a(frame802154.o)
 .text.frame802154_is_broadcast_addr
                0x0000dcc4       0x20 contiki-srf06-cc26xx.a(frame802154.o)
                0x0000dcc4                frame802154_is_broadcast_addr
 .text.frame802154_hdrlen
                0x0000dce4       0x34 contiki-srf06-cc26xx.a(frame802154.o)
                0x0000dce4                frame802154_hdrlen
 .text.frame802154_create
                0x0000dd18      0x10c contiki-srf06-cc26xx.a(frame802154.o)
                0x0000dd18                frame802154_create
 .text.frame802154_parse
                0x0000de24      0x17c contiki-srf06-cc26xx.a(frame802154.o)
                0x0000de24                frame802154_parse
 .text.mac_sequence_is_duplicate
                0x0000dfa0       0x3c contiki-srf06-cc26xx.a(mac-sequence.o)
                0x0000dfa0                mac_sequence_is_duplicate
 .text.mac_sequence_register_seqno
                0x0000dfdc       0x70 contiki-srf06-cc26xx.a(mac-sequence.o)
                0x0000dfdc                mac_sequence_register_seqno
 .text.exp2     0x0000e04c       0x10 /usr/bin/../lib/gcc/arm-none-eabi/4.9.3/../../../../arm-none-eabi/lib/armv7-m/libm.a(lib_a-w_exp2.o)
                0x0000e04c                exp2
 .text.pow      0x0000e05c      0x2f0 /usr/bin/../lib/gcc/arm-none-eabi/4.9.3/../../../../arm-none-eabi/lib/armv7-m/libm.a(lib_a-w_pow.o)
                0x0000e05c                pow
 .text.__ieee754_sqrt
                0x0000e34c      0x18c /usr/bin/../lib/gcc/arm-none-eabi/4.9.3/../../../../arm-none-eabi/lib/armv7-m/libm.a(lib_a-e_sqrt.o)
                0x0000e34c                __ieee754_sqrt
 .text.fabs     0x0000e4d8        0x8 /usr/bin/../lib/gcc/arm-none-eabi/4.9.3/../../../../arm-none-eabi/lib/armv7-m/libm.a(lib_a-s_fabs.o)
                0x0000e4d8                fabs
 .text.finite   0x0000e4e0        0xc /usr/bin/../lib/gcc/arm-none-eabi/4.9.3/../../../../arm-none-eabi/lib/armv7-m/libm.a(lib_a-s_finite.o)
                0x0000e4e0                finite
 .text.__fpclassifyd
                0x0000e4ec       0x58 /usr/bin/../lib/gcc/arm-none-eabi/4.9.3/../../../../arm-none-eabi/lib/armv7-m/libm.a(lib_a-s_fpclassify.o)
                0x0000e4ec                __fpclassifyd
 .text.matherr  0x0000e544        0x4 /usr/bin/../lib/gcc/arm-none-eabi/4.9.3/../../../../arm-none-eabi/lib/armv7-m/libm.a(lib_a-s_matherr.o)
                0x0000e544                matherr
 .text.nan      0x0000e548        0xc /usr/bin/../lib/gcc/arm-none-eabi/4.9.3/../../../../arm-none-eabi/lib/armv7-m/libm.a(lib_a-s_nan.o)
                0x0000e548                nan
 .text.rint     0x0000e554      0x11c /usr/bin/../lib/gcc/arm-none-eabi/4.9.3/../../../../arm-none-eabi/lib/armv7-m/libm.a(lib_a-s_rint.o)
                0x0000e554                rint
 .text.copysign
                0x0000e670       0x10 /usr/bin/../lib/gcc/arm-none-eabi/4.9.3/../../../../arm-none-eabi/lib/armv7-m/libm.a(lib_a-s_copysign.o)
                0x0000e670                copysign
 .text          0x0000e680      0x370 /usr/bin/../lib/gcc/arm-none-eabi/4.9.3/armv7-m/libgcc.a(_arm_addsubdf3.o)
                0x0000e680                __aeabi_drsub
                0x0000e688                __aeabi_dsub
                0x0000e688                __subdf3
                0x0000e68c                __adddf3
                0x0000e68c                __aeabi_dadd
                0x0000e904                __aeabi_ui2d
                0x0000e904                __floatunsidf
                0x0000e924                __floatsidf
                0x0000e924                __aeabi_i2d
                0x0000e948                __extendsfdf2
                0x0000e948                __aeabi_f2d
                0x0000e984                __aeabi_ul2d
                0x0000e984                __floatundidf
                0x0000e994                __floatdidf
                0x0000e994                __aeabi_l2d
 .text          0x0000e9f0      0x424 /usr/bin/../lib/gcc/arm-none-eabi/4.9.3/armv7-m/libgcc.a(_arm_muldivdf3.o)
                0x0000e9f0                __aeabi_dmul
                0x0000e9f0                __muldf3
                0x0000ec44                __aeabi_ddiv
                0x0000ec44                __divdf3
 .text          0x0000ee14      0x110 /usr/bin/../lib/gcc/arm-none-eabi/4.9.3/armv7-m/libgcc.a(_arm_cmpdf2.o)
                0x0000ee14                __gtdf2
                0x0000ee14                __gedf2
                0x0000ee1c                __ltdf2
                0x0000ee1c                __ledf2
                0x0000ee24                __cmpdf2
                0x0000ee24                __eqdf2
                0x0000ee24                __nedf2
                0x0000eea0                __aeabi_cdrcmple
                0x0000eeb0                __aeabi_cdcmple
                0x0000eeb0                __aeabi_cdcmpeq
                0x0000eec0                __aeabi_dcmpeq
                0x0000eed4                __aeabi_dcmplt
                0x0000eee8                __aeabi_dcmple
                0x0000eefc                __aeabi_dcmpge
                0x0000ef10                __aeabi_dcmpgt
 .text          0x0000ef24       0xa0 /usr/bin/../lib/gcc/arm-none-eabi/4.9.3/armv7-m/libgcc.a(_arm_truncdfsf2.o)
                0x0000ef24                __aeabi_d2f
                0x0000ef24                __truncdfsf2
 .text          0x0000efc4      0x21c /usr/bin/../lib/gcc/arm-none-eabi/4.9.3/armv7-m/libgcc.a(_arm_addsubsf3.o)
                0x0000efc4                __aeabi_frsub
                0x0000efcc                __subsf3
                0x0000efcc                __aeabi_fsub
                0x0000efd0                __aeabi_fadd
                0x0000efd0                __addsf3
                0x0000f130                __aeabi_ui2f
                0x0000f130                __floatunsisf
                0x0000f138                __aeabi_i2f
                0x0000f138                __floatsisf
                0x0000f154                __floatundisf
                0x0000f154                __aeabi_ul2f
                0x0000f164                __floatdisf
                0x0000f164                __aeabi_l2f
 .text          0x0000f1e0      0x2a0 /usr/bin/../lib/gcc/arm-none-eabi/4.9.3/armv7-m/libgcc.a(_arm_muldivsf3.o)
                0x0000f1e0                __mulsf3
                0x0000f1e0                __aeabi_fmul
                0x0000f348                __divsf3
                0x0000f348                __aeabi_fdiv
 .text          0x0000f480       0x4c /usr/bin/../lib/gcc/arm-none-eabi/4.9.3/armv7-m/libgcc.a(_arm_fixsfsi.o)
                0x0000f480                __fixsfsi
                0x0000f480                __aeabi_f2iz
 .text          0x0000f4cc       0x30 /usr/bin/../lib/gcc/arm-none-eabi/4.9.3/armv7-m/libgcc.a(_aeabi_uldivmod.o)
                0x0000f4cc                __aeabi_uldivmod
 .text          0x0000f4fc       0x60 /usr/bin/../lib/gcc/arm-none-eabi/4.9.3/armv7-m/libgcc.a(bpabi.o)
                0x0000f4fc                __gnu_ldivmod_helper
                0x0000f52c                __gnu_uldivmod_helper
 .text          0x0000f55c        0x4 /usr/bin/../lib/gcc/arm-none-eabi/4.9.3/armv7-m/libgcc.a(_dvmd_tls.o)
                0x0000f55c                __aeabi_ldiv0
                0x0000f55c                __aeabi_idiv0
 .text          0x0000f560      0x2ac /usr/bin/../lib/gcc/arm-none-eabi/4.9.3/armv7-m/libgcc.a(_divdi3.o)
                0x0000f560                __divdi3
 .text          0x0000f80c      0x270 /usr/bin/../lib/gcc/arm-none-eabi/4.9.3/armv7-m/libgcc.a(_udivdi3.o)
                0x0000f80c                __udivdi3
 .text.__errno  0x0000fa7c        0xc /usr/bin/../lib/gcc/arm-none-eabi/4.9.3/../../../../arm-none-eabi/lib/armv7-m/libc.a(lib_a-errno.o)
                0x0000fa7c                __errno
 .text.memcmp   0x0000fa88       0x64 /usr/bin/../lib/gcc/arm-none-eabi/4.9.3/../../../../arm-none-eabi/lib/armv7-m/libc.a(lib_a-memcmp.o)
                0x0000fa88                memcmp
 .text          0x0000faec       0xec /usr/bin/../lib/gcc/arm-none-eabi/4.9.3/../../../../arm-none-eabi/lib/armv7-m/libc.a(lib_a-memcpy.o)
                0x0000faec                memcpy
 .text.memmove  0x0000fbd8       0xc8 /usr/bin/../lib/gcc/arm-none-eabi/4.9.3/../../../../arm-none-eabi/lib/armv7-m/libc.a(lib_a-memmove.o)
                0x0000fbd8                memmove
 .text.memset   0x0000fca0       0x9c /usr/bin/../lib/gcc/arm-none-eabi/4.9.3/../../../../arm-none-eabi/lib/armv7-m/libc.a(lib_a-memset.o)
                0x0000fca0                memset
 .text.srand    0x0000fd3c       0x14 /usr/bin/../lib/gcc/arm-none-eabi/4.9.3/../../../../arm-none-eabi/lib/armv7-m/libc.a(lib_a-rand.o)
                0x0000fd3c                srand
 .text.rand     0x0000fd50       0x40 /usr/bin/../lib/gcc/arm-none-eabi/4.9.3/../../../../arm-none-eabi/lib/armv7-m/libc.a(lib_a-rand.o)
                0x0000fd50                rand
 .text.strlen   0x0000fd90       0x5c /usr/bin/../lib/gcc/arm-none-eabi/4.9.3/../../../../arm-none-eabi/lib/armv7-m/libc.a(lib_a-strlen.o)
                0x0000fd90                strlen
 *(SORT(.rodata*))
 *fill*         0x0000fdec        0x4 00000000
 .rodata.dp_h   0x0000fdf0       0x10 /usr/bin/../lib/gcc/arm-none-eabi/4.9.3/../../../../arm-none-eabi/lib/armv7-m/libm.a(lib_a-e_pow.o)
 .rodata.dp_l   0x0000fe00       0x10 /usr/bin/../lib/gcc/arm-none-eabi/4.9.3/../../../../arm-none-eabi/lib/armv7-m/libm.a(lib_a-e_pow.o)
 .rodata.bp     0x0000fe10       0x10 /usr/bin/../lib/gcc/arm-none-eabi/4.9.3/../../../../arm-none-eabi/lib/armv7-m/libm.a(lib_a-e_pow.o)
 .rodata.TWO52  0x0000fe20       0x10 /usr/bin/../lib/gcc/arm-none-eabi/4.9.3/../../../../arm-none-eabi/lib/armv7-m/libm.a(lib_a-s_rint.o)
 .rodata.autostart_processes
                0x0000fe30        0x8 serial-interface.co
                0x0000fe30                autostart_processes
 .rodata.str1.4
                0x0000fe38       0x9d serial-interface.co
 *fill*         0x0000fed5        0x3 00000000
 .rodata.str1.4
                0x0000fed8       0xa1 contiki-srf06-cc26xx.a(contiki-main.o)
 *fill*         0x0000ff79        0x3 00000000
 .rodata.str1.4
                0x0000ff7c        0x8 contiki-srf06-cc26xx.a(sensors.o)
 .rodata.str1.4
                0x0000ff84        0x7 contiki-srf06-cc26xx.a(bmp-280-sensor.)
 *fill*         0x0000ff8b        0x1 00000000
 .rodata.bmp_280_sensor
                0x0000ff8c       0x10 contiki-srf06-cc26xx.a(bmp-280-sensor.)
                0x0000ff8c                bmp_280_sensor
 .rodata.tmp_007_sensor
                0x0000ff9c       0x10 contiki-srf06-cc26xx.a(tmp-007-sensor.)
                0x0000ff9c                tmp_007_sensor
 .rodata.str1.4
                0x0000ffac        0x7 contiki-srf06-cc26xx.a(tmp-007-sensor.)
 *fill*         0x0000ffb3        0x1 00000000
 .rodata.str1.4
                0x0000ffb4        0x8 contiki-srf06-cc26xx.a(opt-3001-sensor)
 .rodata.opt_3001_sensor
                0x0000ffbc       0x10 contiki-srf06-cc26xx.a(opt-3001-sensor)
                0x0000ffbc                opt_3001_sensor
 .rodata.hdc_1000_sensor
                0x0000ffcc       0x10 contiki-srf06-cc26xx.a(hdc-1000-sensor)
                0x0000ffcc                hdc_1000_sensor
 .rodata.str1.4
                0x0000ffdc        0x8 contiki-srf06-cc26xx.a(hdc-1000-sensor)
 .rodata.mpu_9250_sensor
                0x0000ffe4       0x10 contiki-srf06-cc26xx.a(mpu-9250-sensor)
                0x0000ffe4                mpu_9250_sensor
 .rodata.str1.4
                0x0000fff4        0x8 contiki-srf06-cc26xx.a(mpu-9250-sensor)
 .rodata.str1.4
                0x0000fffc        0x7 contiki-srf06-cc26xx.a(button-sensor.o)
 *fill*         0x00010003        0x1 00000000
 .rodata.button_left_sensor
                0x00010004       0x10 contiki-srf06-cc26xx.a(button-sensor.o)
                0x00010004                button_left_sensor
 .rodata.button_right_sensor
                0x00010014       0x10 contiki-srf06-cc26xx.a(button-sensor.o)
                0x00010014                button_right_sensor
 .rodata.str1.4
                0x00010024        0x5 contiki-srf06-cc26xx.a(reed-relay.o)
 *fill*         0x00010029        0x3 00000000
 .rodata.reed_relay_sensor
                0x0001002c       0x10 contiki-srf06-cc26xx.a(reed-relay.o)
                0x0001002c                reed_relay_sensor
 .rodata.output_power
                0x0001003c       0x68 contiki-srf06-cc26xx.a(ieee-mode.o)
 .rodata.ieee_mode_driver
                0x000100a4       0x38 contiki-srf06-cc26xx.a(ieee-mode.o)
                0x000100a4                ieee_mode_driver
 .rodata.mode_ieee
                0x000100dc        0x8 contiki-srf06-cc26xx.a(ieee-mode.o)
 .rodata.str1.4
                0x000100e4       0x46 contiki-srf06-cc26xx.a(strformat.o)
 *fill*         0x0001012a        0x2 00000000
 .rodata.buffer.4019
                0x0001012c       0x10 contiki-srf06-cc26xx.a(strformat.o)
 .rodata.buffer.4028
                0x0001013c       0x10 contiki-srf06-cc26xx.a(strformat.o)
 .rodata.str1.4
                0x0001014c        0xf contiki-srf06-cc26xx.a(ctimer.o)
 *fill*         0x0001015b        0x1 00000000
 .rodata.str1.4
                0x0001015c        0xc contiki-srf06-cc26xx.a(etimer.o)
 .rodata.str1.4
                0x00010168        0xe contiki-srf06-cc26xx.a(serial-line.o)
 *fill*         0x00010176        0x2 00000000
 .rodata        0x00010178        0x2 contiki-srf06-cc26xx.a(sicslowpan.o)
 *fill*         0x0001017a        0x2 00000000
 .rodata.ttl_values
                0x0001017c        0x4 contiki-srf06-cc26xx.a(sicslowpan.o)
 .rodata.unc_llconf
                0x00010180        0x4 contiki-srf06-cc26xx.a(sicslowpan.o)
                0x00010180                unc_llconf
 .rodata.llprefix
                0x00010184        0x2 contiki-srf06-cc26xx.a(sicslowpan.o)
                0x00010184                llprefix
 *fill*         0x00010186        0x2 00000000
 .rodata.sicslowpan_driver
                0x00010188        0xc contiki-srf06-cc26xx.a(sicslowpan.o)
                0x00010188                sicslowpan_driver
 .rodata.unc_mxconf
                0x00010194        0x4 contiki-srf06-cc26xx.a(sicslowpan.o)
                0x00010194                unc_mxconf
 .rodata.unc_ctxconf
                0x00010198        0x4 contiki-srf06-cc26xx.a(sicslowpan.o)
                0x00010198                unc_ctxconf
 .rodata.str1.4
                0x0001019c        0xb contiki-srf06-cc26xx.a(sicslowpan.o)
 *fill*         0x000101a7        0x1 00000000
 .rodata.str1.4
                0x000101a8        0xd contiki-srf06-cc26xx.a(tcpip.o)
 *fill*         0x000101b5        0x3 00000000
 .rodata.str1.4
                0x000101b8       0x41 contiki-srf06-cc26xx.a(uip-debug.o)
 *fill*         0x000101f9        0x3 00000000
 .rodata.linkaddr_null
                0x000101fc        0x8 contiki-srf06-cc26xx.a(linkaddr.o)
                0x000101fc                linkaddr_null
 .rodata.str1.4
                0x00010204        0x5 contiki-srf06-cc26xx.a(csma.o)
 *fill*         0x00010209        0x3 00000000
 .rodata.csma_driver
                0x0001020c       0x1c contiki-srf06-cc26xx.a(csma.o)
                0x0001020c                csma_driver
 .rodata.framer_802154
                0x00010228        0xc contiki-srf06-cc26xx.a(framer-802154.o)
                0x00010228                framer_802154
 .rodata.str1.4
                0x00010234        0xb contiki-srf06-cc26xx.a(contikimac.o)
 *fill*         0x0001023f        0x1 00000000
 .rodata.contikimac_driver
                0x00010240       0x20 contiki-srf06-cc26xx.a(contikimac.o)
                0x00010240                contikimac_driver
 .rodata.str1.4
                0x00010260        0x8 contiki-srf06-cc26xx.a(nullsec.o)
 .rodata.nullsec_driver
                0x00010268       0x10 contiki-srf06-cc26xx.a(nullsec.o)
                0x00010268                nullsec_driver
 .rodata        0x00010278        0x4 contiki-srf06-cc26xx.a(ext-flash.o)
 .rodata.str1.4
                0x0001027c       0x46 contiki-srf06-cc26xx.a(rf-core.o)
 *fill*         0x000102c2        0x2 00000000
 .rodata.str1.4
                0x000102c4        0x4 /usr/bin/../lib/gcc/arm-none-eabi/4.9.3/../../../../arm-none-eabi/lib/armv7-m/libm.a(lib_a-w_pow.o)
 .rodata.str1.4
                0x00000000        0x4 /usr/bin/../lib/gcc/arm-none-eabi/4.9.3/../../../../arm-none-eabi/lib/armv7-m/libm.a(lib_a-e_pow.o)
                                  0x1 (size before relaxing)
 .rodata.str1.4
                0x000102c8        0x4 /usr/bin/../lib/gcc/arm-none-eabi/4.9.3/../../../../arm-none-eabi/lib/armv7-m/libc.a(lib_a-impure.o)
                                  0x2 (size before relaxing)
                0x000102cc                _etext = .

.glue_7         0x000102cc        0x0
 .glue_7        0x00000000        0x0 linker stubs

.glue_7t        0x000102cc        0x0
 .glue_7t       0x00000000        0x0 linker stubs

.vfp11_veneer   0x000102cc        0x0
 .vfp11_veneer  0x00000000        0x0 linker stubs

.v4_bx          0x000102cc        0x0
 .v4_bx         0x00000000        0x0 linker stubs

.iplt           0x000102cc        0x0
 .iplt          0x00000000        0x0 obj_srf06-cc26xx/startup_gcc.o

.data           0x20000000      0x659 load address 0x000102cc
                0x20000000                _data = .
 *(SORT(vtable))
 *(SORT(.data*))
 .data.impure_data
                0x20000000      0x428 /usr/bin/../lib/gcc/arm-none-eabi/4.9.3/../../../../arm-none-eabi/lib/armv7-m/libc.a(lib_a-impure.o)
 .data.test_serial
                0x20000428       0x10 serial-interface.co
                0x20000428                test_serial
 .data.sensors_process
                0x20000438       0x10 contiki-srf06-cc26xx.a(sensors.o)
                0x20000438                sensors_process
 .data.sensors  0x20000448       0x24 contiki-srf06-cc26xx.a(sensortag-senso)
                0x20000448                sensors
 .data.buzzer_module
                0x2000046c       0x14 contiki-srf06-cc26xx.a(buzzer.o)
 .data.sensortag_module
                0x20000480       0x14 contiki-srf06-cc26xx.a(board.o)
 .data.uart_module
                0x20000494       0x14 contiki-srf06-cc26xx.a(cc26xx-uart.o)
 .data.cc26xx_rf_lpm_module
                0x200004a8       0x14 contiki-srf06-cc26xx.a(ieee-mode.o)
 .data.tx_power_current
                0x200004bc        0x4 contiki-srf06-cc26xx.a(ieee-mode.o)
                0x200004bc                tx_power_current
 .data.ieee_overrides
                0x200004c0       0x2c contiki-srf06-cc26xx.a(ieee-mode.o)
 .data.ctxt     0x200004ec        0x8 contiki-srf06-cc26xx.a(dbg-printf.o)
 .data.ctimer_process
                0x200004f4       0x10 contiki-srf06-cc26xx.a(ctimer.o)
                0x200004f4                ctimer_process
 .data.etimer_process
                0x20000504       0x10 contiki-srf06-cc26xx.a(etimer.o)
                0x20000504                etimer_process
 .data.serial_line_process
                0x20000514       0x10 contiki-srf06-cc26xx.a(serial-line.o)
                0x20000514                serial_line_process
 .data.ds6_neighbors
                0x20000524        0x4 contiki-srf06-cc26xx.a(uip-ds6-nbr.o)
                0x20000524                ds6_neighbors
 .data.ds6_neighbors_struct
                0x20000528       0x10 contiki-srf06-cc26xx.a(uip-ds6-nbr.o)
 .data.defaultroutermemb
                0x20000538        0xc contiki-srf06-cc26xx.a(uip-ds6-route.o)
 .data.nbr_routes_struct
                0x20000544       0x10 contiki-srf06-cc26xx.a(uip-ds6-route.o)
 .data.nbr_routes
                0x20000554        0x4 contiki-srf06-cc26xx.a(uip-ds6-route.o)
                0x20000554                nbr_routes
 .data.routememb
                0x20000558        0xc contiki-srf06-cc26xx.a(uip-ds6-route.o)
 .data.neighborroutememb
                0x20000564        0xc contiki-srf06-cc26xx.a(uip-ds6-route.o)
 .data.echo_request_handler
                0x20000570        0xc contiki-srf06-cc26xx.a(uip-icmp6.o)
 .data.echo_reply_handler
                0x2000057c        0xc contiki-srf06-cc26xx.a(uip-icmp6.o)
 .data.tcpip_process
                0x20000588       0x10 contiki-srf06-cc26xx.a(tcpip.o)
                0x20000588                tcpip_process
 .data.rpl_parents
                0x20000598        0x4 contiki-srf06-cc26xx.a(rpl-dag.o)
                0x20000598                rpl_parents
 .data.rpl_parents_struct
                0x2000059c       0x10 contiki-srf06-cc26xx.a(rpl-dag.o)
 .data.dao_ack_handler
                0x200005ac        0xc contiki-srf06-cc26xx.a(rpl-icmp6.o)
 .data.dis_handler
                0x200005b8        0xc contiki-srf06-cc26xx.a(rpl-icmp6.o)
 .data.dao_handler
                0x200005c4        0xc contiki-srf06-cc26xx.a(rpl-icmp6.o)
 .data.dio_handler
                0x200005d0        0xc contiki-srf06-cc26xx.a(rpl-icmp6.o)
 .data.rpl_mrhof
                0x200005dc       0x1c contiki-srf06-cc26xx.a(rpl-mrhof.o)
                0x200005dc                rpl_mrhof
 .data.neighbor_addr_mem
                0x200005f8        0xc contiki-srf06-cc26xx.a(nbr-table.o)
 .data.bufmem   0x20000604        0xc contiki-srf06-cc26xx.a(queuebuf.o)
 .data.buframmem
                0x20000610        0xc contiki-srf06-cc26xx.a(queuebuf.o)
 .data.metadata_memb
                0x2000061c        0xc contiki-srf06-cc26xx.a(csma.o)
 .data.neighbor_memb
                0x20000628        0xc contiki-srf06-cc26xx.a(csma.o)
 .data.packet_memb
                0x20000634        0xc contiki-srf06-cc26xx.a(csma.o)
 .data.rf_core_process
                0x20000640       0x10 contiki-srf06-cc26xx.a(rf-core.o)
                0x20000640                rf_core_process
 .data._impure_ptr
                0x20000650        0x4 /usr/bin/../lib/gcc/arm-none-eabi/4.9.3/../../../../arm-none-eabi/lib/armv7-m/libc.a(lib_a-impure.o)
                0x20000650                _impure_ptr
 .data.mac_pan_id
                0x20000654        0x2 contiki-srf06-cc26xx.a(frame802154.o)
 .data.interface
                0x20000656        0x1 contiki-srf06-cc26xx.a(board-i2c.o)
 .data.dao_sequence
                0x20000657        0x1 contiki-srf06-cc26xx.a(rpl-icmp6.o)
 .data.__fdlib_version
                0x20000658        0x1 /usr/bin/../lib/gcc/arm-none-eabi/4.9.3/../../../../arm-none-eabi/lib/armv7-m/libm.a(lib_a-s_lib_ver.o)
                0x20000658                __fdlib_version
                0x20000659                _edata = .

.igot.plt       0x2000065c        0x0 load address 0x00010925
 .igot.plt      0x00000000        0x0 obj_srf06-cc26xx/startup_gcc.o

.ARM.exidx      0x00010928        0x8
 *(SORT(.ARM.exidx*))
 .ARM.exidx     0x00010928        0x8 /usr/bin/../lib/gcc/arm-none-eabi/4.9.3/armv7-m/libgcc.a(_divdi3.o)
 .ARM.exidx     0x00010930        0x0 /usr/bin/../lib/gcc/arm-none-eabi/4.9.3/armv7-m/libgcc.a(_udivdi3.o)
                                  0x8 (size before relaxing)

.bss            0x20000660     0x2de6
                0x20000660                _bss = .
 *(SORT(.bss*))
 .bss.count     0x20000660        0x8 contiki-srf06-cc26xx.a(clock.o)
 .bss.buz_freq  0x20000668        0x4 serial-interface.co
 .bss.buz_state
                0x2000066c        0x4 serial-interface.co
 .bss.timer     0x20000670       0x20 serial-interface.co
 .bss.i.4813    0x20000690        0x4 contiki-srf06-cc26xx.a(sensors.o)
 .bss.events.4814
                0x20000694        0x4 contiki-srf06-cc26xx.a(sensors.o)
 .bss.inited    0x20000698        0x4 contiki-srf06-cc26xx.a(leds-arch.o)
 .bss.sensor_value
                0x2000069c        0x6 contiki-srf06-cc26xx.a(bmp-280-sensor.)
 *fill*         0x200006a2        0x2 
 .bss.calibration_data
                0x200006a4       0x18 contiki-srf06-cc26xx.a(bmp-280-sensor.)
 .bss.startup_timer
                0x200006bc       0x20 contiki-srf06-cc26xx.a(bmp-280-sensor.)
 .bss.enabled   0x200006dc        0x4 contiki-srf06-cc26xx.a(bmp-280-sensor.)
 .bss.obj_temp_latched
                0x200006e0        0x4 contiki-srf06-cc26xx.a(tmp-007-sensor.)
 .bss.startup_timer
                0x200006e4       0x20 contiki-srf06-cc26xx.a(tmp-007-sensor.)
 .bss.enabled   0x20000704        0x4 contiki-srf06-cc26xx.a(tmp-007-sensor.)
 .bss.buf       0x20000708        0x4 contiki-srf06-cc26xx.a(tmp-007-sensor.)
 .bss.amb_temp_latched
                0x2000070c        0x4 contiki-srf06-cc26xx.a(tmp-007-sensor.)
 .bss.startup_timer
                0x20000710       0x20 contiki-srf06-cc26xx.a(opt-3001-sensor)
 .bss.state     0x20000730        0x4 contiki-srf06-cc26xx.a(opt-3001-sensor)
 .bss.startup_timer
                0x20000734       0x20 contiki-srf06-cc26xx.a(hdc-1000-sensor)
 .bss.enabled   0x20000754        0x4 contiki-srf06-cc26xx.a(hdc-1000-sensor)
 .bss.data      0x20000758        0x4 contiki-srf06-cc26xx.a(hdc-1000-sensor)
 .bss.sensor_value
                0x2000075c        0x6 contiki-srf06-cc26xx.a(mpu-9250-sensor)
 *fill*         0x20000762        0x2 
 .bss.startup_timer
                0x20000764       0x20 contiki-srf06-cc26xx.a(mpu-9250-sensor)
 .bss.state     0x20000784        0x4 contiki-srf06-cc26xx.a(mpu-9250-sensor)
 .bss.elements  0x20000788        0x4 contiki-srf06-cc26xx.a(mpu-9250-sensor)
 .bss.left_timer
                0x2000078c       0x10 contiki-srf06-cc26xx.a(button-sensor.o)
 .bss.debouncetimer
                0x2000079c        0x8 contiki-srf06-cc26xx.a(reed-relay.o)
 .bss.last_isr_time
                0x200007a4        0x4 contiki-srf06-cc26xx.a(soc-rtc.o)
 .bss.input_handler
                0x200007a8        0x4 contiki-srf06-cc26xx.a(cc26xx-uart.o)
 .bss.modules_list_list
                0x200007ac        0x4 contiki-srf06-cc26xx.a(lpm.o)
 .bss.handlers  0x200007b0       0x80 contiki-srf06-cc26xx.a(gpio-interrupt.)
 .bss.rf_stats  0x20000830       0x10 contiki-srf06-cc26xx.a(ieee-mode.o)
 .bss.rx_data_queue
                0x20000840        0x8 contiki-srf06-cc26xx.a(ieee-mode.o)
 .bss.rx_read_entry
                0x20000848        0x4 contiki-srf06-cc26xx.a(ieee-mode.o)
 .bss.cmd_ieee_rx_buf