Archive member included because of file (symbol)

contiki-srf06-cc26xx.a(er-coap.o)
                              obj_srf06-cc26xx/res-b1-sep-b2.o (coap_serialize_message)
contiki-srf06-cc26xx.a(er-coap-engine.)
                              obj_srf06-cc26xx/res-hello.o (coap_rest_implementation)
contiki-srf06-cc26xx.a(er-coap-transac)
                              contiki-srf06-cc26xx.a(er-coap-engine.) (coap_register_as_transaction_handler)
contiki-srf06-cc26xx.a(er-coap-observe)
                              contiki-srf06-cc26xx.a(er-coap-transac) (coap_remove_observer_by_client)
contiki-srf06-cc26xx.a(er-coap-separat)
                              obj_srf06-cc26xx/res-separate.o (coap_separate_reject)
contiki-srf06-cc26xx.a(er-coap-res-wel)
                              contiki-srf06-cc26xx.a(er-coap-engine.) (res_well_known_core)
contiki-srf06-cc26xx.a(er-coap-block1.)
                              obj_srf06-cc26xx/res-b1-sep-b2.o (coap_block1_handler)
contiki-srf06-cc26xx.a(er-coap-observe)
                              contiki-srf06-cc26xx.a(er-coap-engine.) (coap_handle_notification)
contiki-srf06-cc26xx.a(rest-engine.o)
                              er-example-server.co (rest_init_engine)
contiki-srf06-cc26xx.a(contiki-main.o)
                              obj_srf06-cc26xx/startup_gcc.o (main)
contiki-srf06-cc26xx.a(sensors.o)
                              er-example-server.co (sensors_event)
contiki-srf06-cc26xx.a(leds.o)
                              contiki-srf06-cc26xx.a(contiki-main.o) (leds_init)
contiki-srf06-cc26xx.a(leds-arch.o)
                              contiki-srf06-cc26xx.a(leds.o) (leds_arch_init)
contiki-srf06-cc26xx.a(sensortag-senso)
                              contiki-srf06-cc26xx.a(sensors.o) (sensors_flags)
contiki-srf06-cc26xx.a(bmp-280-sensor.)
                              contiki-srf06-cc26xx.a(sensortag-senso) (bmp_280_sensor)
contiki-srf06-cc26xx.a(tmp-007-sensor.)
                              contiki-srf06-cc26xx.a(sensortag-senso) (tmp_007_sensor)
contiki-srf06-cc26xx.a(opt-3001-sensor)
                              contiki-srf06-cc26xx.a(sensortag-senso) (opt_3001_sensor)
contiki-srf06-cc26xx.a(hdc-1000-sensor)
                              contiki-srf06-cc26xx.a(sensortag-senso) (hdc_1000_sensor)
contiki-srf06-cc26xx.a(mpu-9250-sensor)
                              contiki-srf06-cc26xx.a(sensortag-senso) (mpu_9250_sensor)
contiki-srf06-cc26xx.a(button-sensor.o)
                              contiki-srf06-cc26xx.a(sensortag-senso) (button_right_sensor)
contiki-srf06-cc26xx.a(reed-relay.o)
                              contiki-srf06-cc26xx.a(sensortag-senso) (reed_relay_sensor)
contiki-srf06-cc26xx.a(board.o)
                              contiki-srf06-cc26xx.a(contiki-main.o) (board_init)
contiki-srf06-cc26xx.a(board-i2c.o)
                              contiki-srf06-cc26xx.a(board.o) (board_i2c_wakeup)
contiki-srf06-cc26xx.a(clock.o)
                              contiki-srf06-cc26xx.a(contiki-main.o) (clock_init)
contiki-srf06-cc26xx.a(rtimer-arch.o)
                              contiki-srf06-cc26xx.a(mpu-9250-sensor) (rtimer_arch_now)
contiki-srf06-cc26xx.a(soc-rtc.o)
                              contiki-srf06-cc26xx.a(contiki-main.o) (soc_rtc_init)
contiki-srf06-cc26xx.a(contiki-watchdo)
                              contiki-srf06-cc26xx.a(contiki-main.o) (watchdog_init)
contiki-srf06-cc26xx.a(putchar.o)
                              obj_srf06-cc26xx/res-b1-sep-b2.o (putchar)
contiki-srf06-cc26xx.a(ieee-addr.o)
                              contiki-srf06-cc26xx.a(contiki-main.o) (ieee_addr_cpy_to)
contiki-srf06-cc26xx.a(cc26xx-uart.o)
                              contiki-srf06-cc26xx.a(contiki-main.o) (cc26xx_uart_init)
contiki-srf06-cc26xx.a(lpm.o)
                              contiki-srf06-cc26xx.a(button-sensor.o) (lpm_shutdown)
contiki-srf06-cc26xx.a(gpio-interrupt.)
                              contiki-srf06-cc26xx.a(button-sensor.o) (gpio_interrupt_register_handler)
contiki-srf06-cc26xx.a(oscillators.o)
                              contiki-srf06-cc26xx.a(contiki-main.o) (oscillators_select_lf_xosc)
contiki-srf06-cc26xx.a(ieee-mode.o)
                              contiki-srf06-cc26xx.a(contiki-main.o) (ieee_mode_driver)
contiki-srf06-cc26xx.a(dbg-printf.o)
                              obj_srf06-cc26xx/res-b1-sep-b2.o (printf)
contiki-srf06-cc26xx.a(dbg-snprintf.o)
                              obj_srf06-cc26xx/res-mirror.o (snprintf)
contiki-srf06-cc26xx.a(strformat.o)
                              contiki-srf06-cc26xx.a(dbg-printf.o) (format_str_v)
contiki-srf06-cc26xx.a(autostart.o)
                              contiki-srf06-cc26xx.a(contiki-main.o) (autostart_start)
contiki-srf06-cc26xx.a(ctimer.o)
                              contiki-srf06-cc26xx.a(contiki-main.o) (ctimer_init)
contiki-srf06-cc26xx.a(energest.o)
                              contiki-srf06-cc26xx.a(contiki-main.o) (energest_init)
contiki-srf06-cc26xx.a(etimer.o)
[...]
Memory Configuration

Name             Origin             Length             Attributes
FLASH            0x00000000         0x0001ffa8         xr
FLASH_CCFG       0x0001ffa8         0x00000058         xr
SRAM             0x20000000         0x00005000         xrw
GPRAM            0x11000000         0x00002000         xrw
*default*        0x00000000         0xffffffff

Linker script and memory map

LOAD obj_srf06-cc26xx/fault-handlers.o
LOAD obj_srf06-cc26xx/ccfg.o
LOAD obj_srf06-cc26xx/startup_gcc.o
LOAD er-example-server.co
LOAD obj_srf06-cc26xx/res-light.o
LOAD obj_srf06-cc26xx/res-hello.o
LOAD obj_srf06-cc26xx/res-mirror.o
LOAD obj_srf06-cc26xx/res-green-toggle.o
LOAD obj_srf06-cc26xx/res-sht11.o
LOAD obj_srf06-cc26xx/res-battery.o
LOAD obj_srf06-cc26xx/res-event.o
LOAD obj_srf06-cc26xx/res-red-toggle.o
LOAD obj_srf06-cc26xx/res-temperature.o
LOAD obj_srf06-cc26xx/res-b1-sep-b2.o
LOAD obj_srf06-cc26xx/res-radio.o
LOAD obj_srf06-cc26xx/res-sub.o
LOAD obj_srf06-cc26xx/res-toggle.o
LOAD obj_srf06-cc26xx/res-separate.o
LOAD obj_srf06-cc26xx/res-push.o
LOAD obj_srf06-cc26xx/res-chunks.o
LOAD contiki-srf06-cc26xx.a
LOAD /usr/bin/../lib/gcc/arm-none-eabi/4.9.3/../../../../arm-none-eabi/lib/armv7-m/libm.a
START GROUP
LOAD /usr/bin/../lib/gcc/arm-none-eabi/4.9.3/armv7-m/libgcc.a
LOAD /usr/bin/../lib/gcc/arm-none-eabi/4.9.3/../../../../arm-none-eabi/lib/armv7-m/libc.a
END GROUP
                0x20005000                _estack = (ORIGIN (SRAM) + 0x5000)
                0x00000000                _Min_Heap_Size = 0x0
                0x00000100                _Min_Stack_Size = 0x100

.text           0x00000000     0xfe49
                0x00000000                _text = .
 *(SORT(.vectors))
 .vectors       0x00000000       0xc8 obj_srf06-cc26xx/startup_gcc.o
                0x00000000                gVectors
 *(SORT(.text*))
 .text.value    0x000000c8       0xa0 contiki-srf06-cc26xx.a(opt-3001-sensor)
 .text.value    0x00000168       0x94 contiki-srf06-cc26xx.a(hdc-1000-sensor)
 *fill*         0x000001fc        0x4 00000000
 .text.value    0x00000200      0x15c contiki-srf06-cc26xx.a(mpu-9250-sensor)
 *fill*         0x0000035c        0x4 00000000
 .text.__ieee754_pow
                0x00000360      0xaa0 /usr/bin/../lib/gcc/arm-none-eabi/4.9.3/../../../../arm-none-eabi/lib/armv7-m/libm.a(lib_a-e_pow.o)
                0x00000360                __ieee754_pow
 .text.scalbn   0x00000e00       0xec /usr/bin/../lib/gcc/arm-none-eabi/4.9.3/../../../../arm-none-eabi/lib/armv7-m/libm.a(lib_a-s_scalbn.o)
                0x00000e00                scalbn
 .text.FaultISR
                0x00000eec       0x18 obj_srf06-cc26xx/fault-handlers.o
                0x00000eec                FaultISR
 .text.ResetISR
                0x00000f04       0x4c obj_srf06-cc26xx/startup_gcc.o
                0x00000f04                ResetISR
 .text.process_thread_er_example_server
                0x00000f50       0xdc er-example-server.co
 .text.res_get_handler
                0x0000102c       0x68 obj_srf06-cc26xx/res-hello.o
 .text.leds_update_green
                0x00001094       0x28 obj_srf06-cc26xx/res-green-toggle.o
                0x00001094                leds_update_green
 .text.res_post_handler
                0x000010bc       0x24 obj_srf06-cc26xx/res-green-toggle.o
 .text.res_get_handler
                0x000010e0       0x84 obj_srf06-cc26xx/res-green-toggle.o
 .text.res_event_handler
                0x00001164       0x1c obj_srf06-cc26xx/res-event.o
 .text.res_get_handler
                0x00001180       0x40 obj_srf06-cc26xx/res-event.o
 .text.leds_update_red
                0x000011c0       0x28 obj_srf06-cc26xx/res-red-toggle.o
                0x000011c0                leds_update_red
 .text.res_post_handler
                0x000011e8       0x24 obj_srf06-cc26xx/res-red-toggle.o
 .text.res_get_handler
                0x0000120c       0x84 obj_srf06-cc26xx/res-red-toggle.o
 .text.res_get_handler
                0x00001290       0x38 obj_srf06-cc26xx/res-separate.o
 .text.res_resume_handler
                0x000012c8       0x70 obj_srf06-cc26xx/res-separate.o
 .text.res_periodic_handler
                0x00001338       0x1c obj_srf06-cc26xx/res-push.o
 .text.res_get_handler
                0x00001354       0x54 obj_srf06-cc26xx/res-push.o
 .text.coap_init_connection
                0x000013a8       0x28 contiki-srf06-cc26xx.a(er-coap.o)
                0x000013a8                coap_init_connection
 .text.coap_get_mid
                0x000013d0       0x10 contiki-srf06-cc26xx.a(er-coap.o)
                0x000013d0                coap_get_mid
 .text.coap_serialize_message
                0x000013e0      0x2e4 contiki-srf06-cc26xx.a(er-coap.o)
                0x000013e0                coap_serialize_message
 .text.coap_send_message
                0x000016c4       0x4c contiki-srf06-cc26xx.a(er-coap.o)
                0x000016c4                coap_send_message
 .text.coap_parse_message
                0x00001710      0x2e4 contiki-srf06-cc26xx.a(er-coap.o)
                0x00001710                coap_parse_message
 .text.coap_set_service_callback
                0x000019f4        0xc contiki-srf06-cc26xx.a(er-coap-engine.)
                0x000019f4                coap_set_service_callback
 .text.process_thread_coap_engine
                0x00001a00      0x38c contiki-srf06-cc26xx.a(er-coap-engine.)
 .text.coap_init_engine
                0x00001d8c        0xc contiki-srf06-cc26xx.a(er-coap-engine.)
                0x00001d8c                coap_init_engine
 .text.coap_register_as_transaction_handler
                0x00001d98       0x14 contiki-srf06-cc26xx.a(er-coap-transac)
                0x00001d98                coap_register_as_transaction_handler
 .text.coap_new_transaction
                0x00001dac       0x44 contiki-srf06-cc26xx.a(er-coap-transac)
                0x00001dac                coap_new_transaction
 .text.coap_clear_transaction
                0x00001df0       0x2c contiki-srf06-cc26xx.a(er-coap-transac)
                0x00001df0                coap_clear_transaction
 .text.coap_send_transaction
                0x00001e1c       0x98 contiki-srf06-cc26xx.a(er-coap-transac)
                0x00001e1c                coap_send_transaction
 .text.coap_get_transaction_by_mid
                0x00001eb4       0x1c contiki-srf06-cc26xx.a(er-coap-transac)
                0x00001eb4                coap_get_transaction_by_mid
 .text.coap_check_transactions
                0x00001ed0       0x2c contiki-srf06-cc26xx.a(er-coap-transac)
                0x00001ed0                coap_check_transactions
 .text.coap_remove_observer
                0x00001efc       0x20 contiki-srf06-cc26xx.a(er-coap-observe)
                0x00001efc                coap_remove_observer
 .text.coap_remove_observer_by_client
                0x00001f1c       0x3c contiki-srf06-cc26xx.a(er-coap-observe)
                0x00001f1c                coap_remove_observer_by_client
 .text.coap_remove_observer_by_token
                0x00001f58       0x58 contiki-srf06-cc26xx.a(er-coap-observe)
                0x00001f58                coap_remove_observer_by_token
 .text.coap_remove_observer_by_uri
                0x00001fb0       0x5c contiki-srf06-cc26xx.a(er-coap-observe)
                0x00001fb0                coap_remove_observer_by_uri
 .text.coap_remove_observer_by_mid
                0x0000200c       0x48 contiki-srf06-cc26xx.a(er-coap-observe)
                0x0000200c                coap_remove_observer_by_mid
 .text.coap_notify_observers_sub
                0x00002054      0x11c contiki-srf06-cc26xx.a(er-coap-observe)
                0x00002054                coap_notify_observers_sub
 .text.coap_observe_handler
                0x00002170      0x10c contiki-srf06-cc26xx.a(er-coap-observe)
                0x00002170                coap_observe_handler
 .text.coap_separate_reject
                0x0000227c       0x1c contiki-srf06-cc26xx.a(er-coap-separat)
                0x0000227c                coap_separate_reject
 .text.coap_separate_accept
                0x00002298       0xd0 contiki-srf06-cc26xx.a(er-coap-separat)
                0x00002298                coap_separate_accept
 .text.well_known_core_get_handler
                0x00002368      0x168 contiki-srf06-cc26xx.a(er-coap-res-wel)
                0x00002368                well_known_core_get_handler
 .text.classify_notification
                0x000024d0       0x54 contiki-srf06-cc26xx.a(er-coap-observe)
 .text.simple_reply.isra.1
                0x00002524       0x38 contiki-srf06-cc26xx.a(er-coap-observe)
 .text.coap_get_obs_subject_by_token
                0x0000255c       0x40 contiki-srf06-cc26xx.a(er-coap-observe)
                0x0000255c                coap_get_obs_subject_by_token
 .text.coap_handle_notification
                0x0000259c       0xa8 contiki-srf06-cc26xx.a(er-coap-observe)
                0x0000259c                coap_handle_notification
 .text.process_thread_rest_engine_process
                0x00002644       0x88 contiki-srf06-cc26xx.a(rest-engine.o)
 .text.rest_invoke_restful_service
                0x000026cc       0xf8 contiki-srf06-cc26xx.a(rest-engine.o)
                0x000026cc                rest_invoke_restful_service
 .text.rest_init_engine
                0x000027c4       0x40 contiki-srf06-cc26xx.a(rest-engine.o)
                0x000027c4                rest_init_engine
 .text.rest_activate_resource
                0x00002804       0x34 contiki-srf06-cc26xx.a(rest-engine.o)
                0x00002804                rest_activate_resource
 .text.rest_get_resources
                0x00002838        0x8 contiki-srf06-cc26xx.a(rest-engine.o)
                0x00002838                rest_get_resources
 .text.startup.main
                0x00002840      0x1e0 contiki-srf06-cc26xx.a(contiki-main.o)
                0x00002840                main
 .text.process_thread_sensors_process
                0x00002a20       0xd4 contiki-srf06-cc26xx.a(sensors.o)
 .text.sensors_changed
                0x00002af4       0x38 contiki-srf06-cc26xx.a(sensors.o)
                0x00002af4                sensors_changed
 .text.leds_init
                0x00002b2c       0x14 contiki-srf06-cc26xx.a(leds.o)
                0x00002b2c                leds_init
 .text.leds_on  0x00002b40       0x10 contiki-srf06-cc26xx.a(leds.o)
                0x00002b40                leds_on
 .text.leds_off
                0x00002b50       0x14 contiki-srf06-cc26xx.a(leds.o)
                0x00002b50                leds_off
 .text.leds_toggle
                0x00002b64       0x10 contiki-srf06-cc26xx.a(leds.o)
                0x00002b64                leds_toggle
 .text.leds_arch_init
                0x00002b74       0x34 contiki-srf06-cc26xx.a(leds-arch.o)
                0x00002b74                leds_arch_init
 .text.leds_arch_set
                0x00002ba8       0x34 contiki-srf06-cc26xx.a(leds-arch.o)
                0x00002ba8                leds_arch_set
 .text.status   0x00002bdc       0x14 contiki-srf06-cc26xx.a(bmp-280-sensor.)
 .text.notify_ready
                0x00002bf0       0x14 contiki-srf06-cc26xx.a(bmp-280-sensor.)
 .text.value    0x00002c04      0x15c contiki-srf06-cc26xx.a(bmp-280-sensor.)
 .text.configure
                0x00002d60       0xac contiki-srf06-cc26xx.a(bmp-280-sensor.)
 .text.status   0x00002e0c       0x14 contiki-srf06-cc26xx.a(tmp-007-sensor.)
 .text.notify_ready
                0x00002e20       0x14 contiki-srf06-cc26xx.a(tmp-007-sensor.)
 .text.enable_sensor
                0x00002e34       0x34 contiki-srf06-cc26xx.a(tmp-007-sensor.)
 .text.configure
                0x00002e68       0x78 contiki-srf06-cc26xx.a(tmp-007-sensor.)
 .text.value    0x00002ee0       0xd8 contiki-srf06-cc26xx.a(tmp-007-sensor.)
 .text.status   0x00002fb8        0xc contiki-srf06-cc26xx.a(opt-3001-sensor)
 .text.enable_sensor
                0x00002fc4       0x44 contiki-srf06-cc26xx.a(opt-3001-sensor)
 .text.configure
                0x00003008       0x44 contiki-srf06-cc26xx.a(opt-3001-sensor)
 .text.notify_ready
                0x0000304c       0x50 contiki-srf06-cc26xx.a(opt-3001-sensor)
 .text.status   0x0000309c       0x14 contiki-srf06-cc26xx.a(hdc-1000-sensor)
 .text.notify_ready
                0x000030b0       0x60 contiki-srf06-cc26xx.a(hdc-1000-sensor)
 .text.configure
                0x00003110       0xa4 contiki-srf06-cc26xx.a(hdc-1000-sensor)
 .text.acc_convert
                0x000031b4       0x58 contiki-srf06-cc26xx.a(mpu-9250-sensor)
 .text.status   0x0000320c       0x14 contiki-srf06-cc26xx.a(mpu-9250-sensor)
 .text.notify_ready
                0x00003220       0x14 contiki-srf06-cc26xx.a(mpu-9250-sensor)
 .text.sensor_sleep
                0x00003234       0x38 contiki-srf06-cc26xx.a(mpu-9250-sensor)
 .text.int_status
                0x0000326c       0x28 contiki-srf06-cc26xx.a(mpu-9250-sensor)
 .text.configure
                0x00003294       0xd4 contiki-srf06-cc26xx.a(mpu-9250-sensor)
 .text.initialise
                0x00003368       0xf0 contiki-srf06-cc26xx.a(mpu-9250-sensor)
 .text.convert_to_le.constprop.4
                0x00003458       0x20 contiki-srf06-cc26xx.a(mpu-9250-sensor)
 .text.status.part.0
                0x00003478       0x14 contiki-srf06-cc26xx.a(button-sensor.o)
 .text.value_left
                0x0000348c       0x24 contiki-srf06-cc26xx.a(button-sensor.o)
 .text.value_right
                0x000034b0       0x18 contiki-srf06-cc26xx.a(button-sensor.o)
 .text.button_press_handler
                0x000034c8       0x60 contiki-srf06-cc26xx.a(button-sensor.o)
 .text.config_buttons
                0x00003528       0x84 contiki-srf06-cc26xx.a(button-sensor.o)
 .text.value    0x000035ac       0x10 contiki-srf06-cc26xx.a(reed-relay.o)
 .text.status   0x000035bc       0x20 contiki-srf06-cc26xx.a(reed-relay.o)
 .text.configure
                0x000035dc       0x68 contiki-srf06-cc26xx.a(reed-relay.o)
 .text.reed_interrupt_handler
                0x00003644       0x28 contiki-srf06-cc26xx.a(reed-relay.o)
 .text.power_domains_on
                0x0000366c       0x20 contiki-srf06-cc26xx.a(board.o)
 .text.shutdown_handler
                0x0000368c       0x64 contiki-srf06-cc26xx.a(board.o)
 .text.board_init
                0x000036f0      0x118 contiki-srf06-cc26xx.a(board.o)
                0x000036f0                board_init
 .text.I2CMasterBusy.isra.2
                0x00003808       0x10 contiki-srf06-cc26xx.a(board-i2c.o)
 .text.I2CMasterBusBusy.isra.3
                0x00003818       0x10 contiki-srf06-cc26xx.a(board-i2c.o)
 .text.accessible
                0x00003828       0x24 contiki-srf06-cc26xx.a(board-i2c.o)
 .text.I2CMasterControl.isra.7
                0x0000384c       0x10 contiki-srf06-cc26xx.a(board-i2c.o)
 .text.i2c_status
                0x0000385c       0x2c contiki-srf06-cc26xx.a(board-i2c.o)
 .text.board_i2c_wakeup
                0x00003888       0x5c contiki-srf06-cc26xx.a(board-i2c.o)
                0x00003888                board_i2c_wakeup
 .text.board_i2c_shutdown
                0x000038e4       0xa4 contiki-srf06-cc26xx.a(board-i2c.o)
                0x000038e4                board_i2c_shutdown
 .text.board_i2c_write
                0x00003988       0x94 contiki-srf06-cc26xx.a(board-i2c.o)
                0x00003988                board_i2c_write
 .text.board_i2c_write_single
                0x00003a1c       0x3c contiki-srf06-cc26xx.a(board-i2c.o)
                0x00003a1c                board_i2c_write_single
 .text.board_i2c_read
                0x00003a58       0x94 contiki-srf06-cc26xx.a(board-i2c.o)
                0x00003a58                board_i2c_read
 .text.board_i2c_write_read
                0x00003aec       0xf4 contiki-srf06-cc26xx.a(board-i2c.o)
                0x00003aec                board_i2c_write_read
 .text.board_i2c_select
                0x00003be0       0xd0 contiki-srf06-cc26xx.a(board-i2c.o)
                0x00003be0                board_i2c_select
 .text.power_domain_on
                0x00003cb0       0x20 contiki-srf06-cc26xx.a(clock.o)
 .text.update_clock_variable
                0x00003cd0       0x2c contiki-srf06-cc26xx.a(clock.o)
 .text.clock_init
                0x00003cfc       0x88 contiki-srf06-cc26xx.a(clock.o)
                0x00003cfc                clock_init
 .text.clock_time
                0x00003d84       0x14 contiki-srf06-cc26xx.a(clock.o)
                0x00003d84                clock_time
 .text.clock_seconds
                0x00003d98       0x18 contiki-srf06-cc26xx.a(clock.o)
                0x00003d98                clock_seconds
 .text.soc_rtc_init
                0x00003db0       0x90 contiki-srf06-cc26xx.a(soc-rtc.o)
                0x00003db0                soc_rtc_init
 .text.soc_rtc_get_next_trigger
                0x00003e40       0x24 contiki-srf06-cc26xx.a(soc-rtc.o)
                0x00003e40                soc_rtc_get_next_trigger
 .text.soc_rtc_schedule_one_shot
                0x00003e64       0x44 contiki-srf06-cc26xx.a(soc-rtc.o)
                0x00003e64                soc_rtc_schedule_one_shot
 .text.soc_rtc_last_isr_time
                0x00003ea8        0xc contiki-srf06-cc26xx.a(soc-rtc.o)
                0x00003ea8                soc_rtc_last_isr_time
 .text.AONRTCIntHandler
                0x00003eb4       0x64 contiki-srf06-cc26xx.a(soc-rtc.o)
                0x00003eb4                AONRTCIntHandler
 .text.lock_config
                0x00003f18       0x18 contiki-srf06-cc26xx.a(contiki-watchdo)
 .text.unlock_config
                0x00003f30       0x2c contiki-srf06-cc26xx.a(contiki-watchdo)
 .text.watchdog_init
                0x00003f5c       0x18 contiki-srf06-cc26xx.a(contiki-watchdo)
                0x00003f5c                watchdog_init
 .text.watchdog_periodic
                0x00003f74       0x14 contiki-srf06-cc26xx.a(contiki-watchdo)
                0x00003f74                watchdog_periodic
 .text.watchdog_start
                0x00003f88       0x20 contiki-srf06-cc26xx.a(contiki-watchdo)
                0x00003f88                watchdog_start
 .text.ieee_addr_cpy_to
                0x00003fa8       0x3c contiki-srf06-cc26xx.a(ieee-addr.o)
                0x00003fa8                ieee_addr_cpy_to
 .text.power_and_clock
                0x00003fe4       0x40 contiki-srf06-cc26xx.a(cc26xx-uart.o)
 .text.accessible
                0x00004024       0x24 contiki-srf06-cc26xx.a(cc26xx-uart.o)
 .text.disable_interrupts
                0x00004048       0x30 contiki-srf06-cc26xx.a(cc26xx-uart.o)
 .text.enable   0x00004078       0xcc contiki-srf06-cc26xx.a(cc26xx-uart.o)
 .text.lpm_drop_handler
                0x00004144       0xa4 contiki-srf06-cc26xx.a(cc26xx-uart.o)
 .text.cc26xx_uart_init
                0x000041e8       0x28 contiki-srf06-cc26xx.a(cc26xx-uart.o)
                0x000041e8                cc26xx_uart_init
 .text.cc26xx_uart_write_byte
                0x00004210       0x28 contiki-srf06-cc26xx.a(cc26xx-uart.o)
                0x00004210                cc26xx_uart_write_byte
 .text.cc26xx_uart_busy
                0x00004238       0x18 contiki-srf06-cc26xx.a(cc26xx-uart.o)
                0x00004238                cc26xx_uart_busy
 .text.UART0IntHandler
                0x00004250       0x50 contiki-srf06-cc26xx.a(cc26xx-uart.o)
                0x00004250                UART0IntHandler
 .text.lpm_shutdown
                0x000042a0      0x184 contiki-srf06-cc26xx.a(lpm.o)
                0x000042a0                lpm_shutdown
 .text.lpm_sleep
                0x00004424       0x14 contiki-srf06-cc26xx.a(lpm.o)
                0x00004424                lpm_sleep
 .text.lpm_drop
                0x00004438      0x1ac contiki-srf06-cc26xx.a(lpm.o)
                0x00004438                lpm_drop
 .text.lpm_register_module
                0x000045e4        0xc contiki-srf06-cc26xx.a(lpm.o)
                0x000045e4                lpm_register_module
 .text.lpm_unregister_module
                0x000045f0        0xc contiki-srf06-cc26xx.a(lpm.o)
                0x000045f0                lpm_unregister_module
 .text.lpm_init
                0x000045fc       0x20 contiki-srf06-cc26xx.a(lpm.o)
                0x000045fc                lpm_init
 .text.lpm_pin_set_default_state
                0x0000461c       0x30 contiki-srf06-cc26xx.a(lpm.o)
                0x0000461c                lpm_pin_set_default_state
 .text.gpio_interrupt_register_handler
                0x0000464c       0x2c contiki-srf06-cc26xx.a(gpio-interrupt.)
                0x0000464c                gpio_interrupt_register_handler
 .text.gpio_interrupt_init
                0x00004678       0x24 contiki-srf06-cc26xx.a(gpio-interrupt.)
                0x00004678                gpio_interrupt_init
 .text.GPIOIntHandler
                0x0000469c       0x30 contiki-srf06-cc26xx.a(gpio-interrupt.)
                0x0000469c                GPIOIntHandler
 .text.osc_interface_dis
                0x000046cc       0x28 contiki-srf06-cc26xx.a(oscillators.o)
 .text.osc_interface_en
                0x000046f4       0x30 contiki-srf06-cc26xx.a(oscillators.o)
 .text.oscillators_select_lf_xosc
                0x00004724       0x44 contiki-srf06-cc26xx.a(oscillators.o)
                0x00004724                oscillators_select_lf_xosc
 .text.oscillators_switch_to_hf_xosc
                0x00004768       0x28 contiki-srf06-cc26xx.a(oscillators.o)
                0x00004768                oscillators_switch_to_hf_xosc
 .text.oscillators_switch_to_hf_rc
                0x00004790       0x2c contiki-srf06-cc26xx.a(oscillators.o)
                0x00004790                oscillators_switch_to_hf_rc
 .text.release_data_entry
                0x000047bc       0x14 contiki-srf06-cc26xx.a(ieee-mode.o)
 .text.rf_is_on
                0x000047d0       0x18 contiki-srf06-cc26xx.a(ieee-mode.o)
 .text.rx_on    0x000047e8       0x50 contiki-srf06-cc26xx.a(ieee-mode.o)
 .text.rf_radio_setup
                0x00004838       0x70 contiki-srf06-cc26xx.a(ieee-mode.o)
 .text.pending_packet
                0x000048a8       0x2c contiki-srf06-cc26xx.a(ieee-mode.o)
 .text.prepare  0x000048d4       0x1c contiki-srf06-cc26xx.a(ieee-mode.o)
 .text.read_frame
                0x000048f0       0x4c contiki-srf06-cc26xx.a(ieee-mode.o)
 .text.soft_off
                0x0000493c       0x2c contiki-srf06-cc26xx.a(ieee-mode.o)
 .text.get_object
                0x00004968       0x38 contiki-srf06-cc26xx.a(ieee-mode.o)
 .text.rx_off   0x000049a0       0x48 contiki-srf06-cc26xx.a(ieee-mode.o)
 .text.off      0x000049e8       0x4c contiki-srf06-cc26xx.a(ieee-mode.o)
 .text.on       0x00004a34       0x88 contiki-srf06-cc26xx.a(ieee-mode.o)
 .text.set_value
                0x00004abc      0x134 contiki-srf06-cc26xx.a(ieee-mode.o)
 .text.get_value
                0x00004bf0       0xf0 contiki-srf06-cc26xx.a(ieee-mode.o)
 .text.transmit
                0x00004ce0       0xa8 contiki-srf06-cc26xx.a(ieee-mode.o)
 .text.set_object
                0x00004d88       0x50 contiki-srf06-cc26xx.a(ieee-mode.o)
 .text.init     0x00004dd8       0xc8 contiki-srf06-cc26xx.a(ieee-mode.o)
 .text.printf   0x00004ea0       0x20 contiki-srf06-cc26xx.a(dbg-printf.o)
                0x00004ea0                printf
 .text.vsnprintf
                0x00004ec0       0x28 contiki-srf06-cc26xx.a(dbg-snprintf.o)
                0x00004ec0                vsnprintf
 .text.fill_space
                0x00004ee8       0x34 contiki-srf06-cc26xx.a(strformat.o)
 .text.format_str_v
                0x00004f1c      0x6e8 contiki-srf06-cc26xx.a(strformat.o)
                0x00004f1c                format_str_v
 .text.process_thread_ctimer_process
                0x00005604       0x80 contiki-srf06-cc26xx.a(ctimer.o)
 .text.ctimer_init
                0x00005684       0x28 contiki-srf06-cc26xx.a(ctimer.o)
                0x00005684                ctimer_init
 .text.ctimer_set_with_process
                0x000056ac       0x44 contiki-srf06-cc26xx.a(ctimer.o)
                0x000056ac                ctimer_set_with_process
 .text.ctimer_set
                0x000056f0       0x14 contiki-srf06-cc26xx.a(ctimer.o)
                0x000056f0                ctimer_set
 .text.ctimer_reset
                0x00005704       0x38 contiki-srf06-cc26xx.a(ctimer.o)
                0x00005704                ctimer_reset
 .text.ctimer_stop
                0x0000573c       0x2c contiki-srf06-cc26xx.a(ctimer.o)
                0x0000573c                ctimer_stop
 .text.update_time
                0x00005768       0x44 contiki-srf06-cc26xx.a(etimer.o)
 .text.etimer_request_poll
                0x000057ac        0xc contiki-srf06-cc26xx.a(etimer.o)
                0x000057ac                etimer_request_poll
 .text.process_thread_etimer_process
                0x000057b8       0x94 contiki-srf06-cc26xx.a(etimer.o)
 .text.add_timer
                0x0000584c       0x40 contiki-srf06-cc26xx.a(etimer.o)
 .text.etimer_pending
                0x0000588c       0x10 contiki-srf06-cc26xx.a(etimer.o)
                0x0000588c                etimer_pending
 .text.etimer_next_expiration_time
                0x0000589c       0x14 contiki-srf06-cc26xx.a(etimer.o)
                0x0000589c                etimer_next_expiration_time
 .text.etimer_stop
                0x000058b0       0x34 contiki-srf06-cc26xx.a(etimer.o)
                0x000058b0                etimer_stop
 .text.call_process.part.0
                0x000058e4       0x38 contiki-srf06-cc26xx.a(process.o)
 .text.exit_process
                0x0000591c       0x80 contiki-srf06-cc26xx.a(process.o)
 .text.do_poll  0x0000599c       0x30 contiki-srf06-cc26xx.a(process.o)
 .text.process_alloc_event
                0x000059cc       0x10 contiki-srf06-cc26xx.a(process.o)
                0x000059cc                process_alloc_event
 .text.process_init
                0x000059dc       0x30 contiki-srf06-cc26xx.a(process.o)
                0x000059dc                process_init
 .text.process_run
                0x00005a0c       0xb0 contiki-srf06-cc26xx.a(process.o)
                0x00005a0c                process_run
 .text.process_nevents
                0x00005abc       0x14 contiki-srf06-cc26xx.a(process.o)
                0x00005abc                process_nevents
 .text.process_post
                0x00005ad0       0x44 contiki-srf06-cc26xx.a(process.o)
                0x00005ad0                process_post
 .text.process_post_synch
                0x00005b14       0x14 contiki-srf06-cc26xx.a(process.o)
                0x00005b14                process_post_synch
 .text.process_start
                0x00005b28       0x30 contiki-srf06-cc26xx.a(process.o)
                0x00005b28                process_start
 .text.process_poll
                0x00005b58       0x18 contiki-srf06-cc26xx.a(process.o)
                0x00005b58                process_poll
 .text.rtimer_run_next
                0x00005b70       0x28 contiki-srf06-cc26xx.a(rtimer.o)
                0x00005b70                rtimer_run_next
 .text.process_thread_serial_line_process
                0x00005b98       0x98 contiki-srf06-cc26xx.a(serial-line.o)
 .text.serial_line_init
                0x00005c30       0x24 contiki-srf06-cc26xx.a(serial-line.o)
                0x00005c30                serial_line_init
 .text.clear_fragments
                0x00005c54       0x3c contiki-srf06-cc26xx.a(sicslowpan.o)
 .text.sicslowpan_init
                0x00005c90       0x24 contiki-srf06-cc26xx.a(sicslowpan.o)
                0x00005c90                sicslowpan_init
 .text.set_packet_attrs
                0x00005cb4       0x44 contiki-srf06-cc26xx.a(sicslowpan.o)
 .text.compress_addr_64
                0x00005cf8       0x90 contiki-srf06-cc26xx.a(sicslowpan.o)
 .text.addr_context_lookup_by_prefix
                0x00005d88       0x28 contiki-srf06-cc26xx.a(sicslowpan.o)
 .text.send_packet
                0x00005db0       0x24 contiki-srf06-cc26xx.a(sicslowpan.o)
 .text.packet_sent
                0x00005dd4       0x28 contiki-srf06-cc26xx.a(sicslowpan.o)
 .text.store_fragment
                0x00005dfc       0x58 contiki-srf06-cc26xx.a(sicslowpan.o)
 .text.uncompress_addr
                0x00005e54       0xa4 contiki-srf06-cc26xx.a(sicslowpan.o)
 .text.output   0x00005ef8      0x6a8 contiki-srf06-cc26xx.a(sicslowpan.o)
 .text.add_fragment
                0x000065a0      0x124 contiki-srf06-cc26xx.a(sicslowpan.o)
 .text.input    0x000066c4      0x5a4 contiki-srf06-cc26xx.a(sicslowpan.o)
 .text.upper_layer_chksum
                0x00006c68       0x54 contiki-srf06-cc26xx.a(uip6.o)
 .text.ext_hdr_options_process
                0x00006cbc       0xb0 contiki-srf06-cc26xx.a(uip6.o)
 .text.uip_init
                0x00006d6c       0x3c contiki-srf06-cc26xx.a(uip6.o)
                0x00006d6c                uip_init
 .text.remove_ext_hdr
                0x00006da8       0x5c contiki-srf06-cc26xx.a(uip6.o)
                0x00006da8                remove_ext_hdr
 .text.uip_udp_new
                0x00006e04       0xb0 contiki-srf06-cc26xx.a(uip6.o)
                0x00006e04                uip_udp_new
 .text.uip_process
                0x00006eb4      0x464 contiki-srf06-cc26xx.a(uip6.o)
                0x00006eb4                uip_process
 .text.uip_ds6_prefix_add
                0x00007318       0x64 contiki-srf06-cc26xx.a(uip-ds6.o)
                0x00007318                uip_ds6_prefix_add
 .text.uip_ds6_is_addr_onlink
                0x0000737c       0x40 contiki-srf06-cc26xx.a(uip-ds6.o)
                0x0000737c                uip_ds6_is_addr_onlink
 .text.uip_ds6_addr_lookup
                0x000073bc       0x2c contiki-srf06-cc26xx.a(uip-ds6.o)
                0x000073bc                uip_ds6_addr_lookup
 .text.uip_ds6_get_link_local
                0x000073e8       0x40 contiki-srf06-cc26xx.a(uip-ds6.o)
                0x000073e8                uip_ds6_get_link_local
 .text.uip_ds6_maddr_add
                0x00007428       0x4c contiki-srf06-cc26xx.a(uip-ds6.o)
                0x00007428                uip_ds6_maddr_add
 .text.uip_ds6_addr_add
                0x00007474       0x94 contiki-srf06-cc26xx.a(uip-ds6.o)
                0x00007474                uip_ds6_addr_add
 .text.uip_ds6_maddr_lookup
                0x00007508       0x2c contiki-srf06-cc26xx.a(uip-ds6.o)
                0x00007508                uip_ds6_maddr_lookup
 .text.uip_ds6_addr_rm
                0x00007534       0x44 contiki-srf06-cc26xx.a(uip-ds6.o)
                0x00007534                uip_ds6_addr_rm
 .text.uip_ds6_periodic
                0x00007578       0x50 contiki-srf06-cc26xx.a(uip-ds6.o)
                0x00007578                uip_ds6_periodic
 .text.uip_ds6_select_src
                0x000075c8       0x94 contiki-srf06-cc26xx.a(uip-ds6.o)
                0x000075c8                uip_ds6_select_src
 .text.uip_ds6_compute_reachable_time
                0x0000765c       0x28 contiki-srf06-cc26xx.a(uip-ds6.o)
                0x0000765c                uip_ds6_compute_reachable_time
 .text.uip_ds6_init
                0x00007684       0xe0 contiki-srf06-cc26xx.a(uip-ds6.o)
                0x00007684                uip_ds6_init
 .text.uip_ds6_nbr_rm
                0x00007764       0x20 contiki-srf06-cc26xx.a(uip-ds6-nbr.o)
                0x00007764                uip_ds6_nbr_rm
 .text.uip_ds6_neighbors_init
                0x00007784       0x14 contiki-srf06-cc26xx.a(uip-ds6-nbr.o)
                0x00007784                uip_ds6_neighbors_init
 .text.uip_ds6_nbr_add
                0x00007798       0x60 contiki-srf06-cc26xx.a(uip-ds6-nbr.o)
                0x00007798                uip_ds6_nbr_add
 .text.uip_ds6_nbr_get_ll
                0x000077f8       0x10 contiki-srf06-cc26xx.a(uip-ds6-nbr.o)
                0x000077f8                uip_ds6_nbr_get_ll
 .text.uip_ds6_nbr_lookup
                0x00007808       0x38 contiki-srf06-cc26xx.a(uip-ds6-nbr.o)
                0x00007808                uip_ds6_nbr_lookup
 .text.uip_ds6_nbr_ll_lookup
                0x00007840       0x10 contiki-srf06-cc26xx.a(uip-ds6-nbr.o)
                0x00007840                uip_ds6_nbr_ll_lookup
 .text.uip_ds6_link_neighbor_callback
                0x00007850       0x2c contiki-srf06-cc26xx.a(uip-ds6-nbr.o)
                0x00007850                uip_ds6_link_neighbor_callback
 .text.uip_ds6_neighbor_periodic
                0x0000787c       0x58 contiki-srf06-cc26xx.a(uip-ds6-nbr.o)
                0x0000787c                uip_ds6_neighbor_periodic
 .text.call_route_callback
                0x000078d4       0x48 contiki-srf06-cc26xx.a(uip-ds6-route.o)
 .text.uip_ds6_route_init
                0x0000791c       0x4c contiki-srf06-cc26xx.a(uip-ds6-route.o)
                0x0000791c                uip_ds6_route_init
 .text.uip_ds6_route_nexthop
                0x00007968       0x20 contiki-srf06-cc26xx.a(uip-ds6-route.o)
                0x00007968                uip_ds6_route_nexthop
 .text.uip_ds6_route_head
                0x00007988        0xc contiki-srf06-cc26xx.a(uip-ds6-route.o)
                0x00007988                uip_ds6_route_head
 .text.uip_ds6_route_lookup
                0x00007994       0x64 contiki-srf06-cc26xx.a(uip-ds6-route.o)
                0x00007994                uip_ds6_route_lookup
 .text.uip_ds6_route_rm
                0x000079f8       0x9c contiki-srf06-cc26xx.a(uip-ds6-route.o)
                0x000079f8                uip_ds6_route_rm
 .text.rm_routelist
                0x00007a94       0x30 contiki-srf06-cc26xx.a(uip-ds6-route.o)
 .text.uip_ds6_route_add
                0x00007ac4      0x10c contiki-srf06-cc26xx.a(uip-ds6-route.o)
                0x00007ac4                uip_ds6_route_add
 .text.uip_ds6_defrt_rm
                0x00007bd0       0x44 contiki-srf06-cc26xx.a(uip-ds6-route.o)
                0x00007bd0                uip_ds6_defrt_rm
 .text.uip_ds6_defrt_lookup
                0x00007c14       0x2c contiki-srf06-cc26xx.a(uip-ds6-route.o)
                0x00007c14                uip_ds6_defrt_lookup
 .text.uip_ds6_defrt_add
                0x00007c40       0x64 contiki-srf06-cc26xx.a(uip-ds6-route.o)
                0x00007c40                uip_ds6_defrt_add
 .text.uip_ds6_defrt_choose
                0x00007ca4       0x30 contiki-srf06-cc26xx.a(uip-ds6-route.o)
                0x00007ca4                uip_ds6_defrt_choose
 .text.uip_ds6_defrt_periodic
                0x00007cd4       0x30 contiki-srf06-cc26xx.a(uip-ds6-route.o)
                0x00007cd4                uip_ds6_defrt_periodic
 .text.echo_reply_input
                0x00007d04       0xe8 contiki-srf06-cc26xx.a(uip-icmp6.o)
 .text.echo_request_input
                0x00007dec      0x100 contiki-srf06-cc26xx.a(uip-icmp6.o)
 .text.uip_icmp6_input
                0x00007eec       0x38 contiki-srf06-cc26xx.a(uip-icmp6.o)
                0x00007eec                uip_icmp6_input
 .text.uip_icmp6_register_input_handler
                0x00007f24        0xc contiki-srf06-cc26xx.a(uip-icmp6.o)
                0x00007f24                uip_icmp6_register_input_handler
 .text.uip_icmp6_error_output
                0x00007f30      0x148 contiki-srf06-cc26xx.a(uip-icmp6.o)
                0x00007f30                uip_icmp6_error_output
 .text.uip_icmp6_send
                0x00008078       0x8c contiki-srf06-cc26xx.a(uip-icmp6.o)
                0x00008078                uip_icmp6_send
 .text.uip_icmp6_init
                0x00008104       0x1c contiki-srf06-cc26xx.a(uip-icmp6.o)
                0x00008104                uip_icmp6_init
 .text.tcpip_output
                0x00008120       0x10 contiki-srf06-cc26xx.a(tcpip.o)
                0x00008120                tcpip_output
 .text.tcpip_set_outputfunc
                0x00008130        0xc contiki-srf06-cc26xx.a(tcpip.o)
                0x00008130                tcpip_set_outputfunc
 .text.udp_new  0x0000813c       0x18 contiki-srf06-cc26xx.a(tcpip.o)
                0x0000813c                udp_new
 .text.tcpip_icmp6_call
                0x00008154       0x28 contiki-srf06-cc26xx.a(tcpip.o)
                0x00008154                tcpip_icmp6_call
 .text.tcpip_input
                0x0000817c       0x24 contiki-srf06-cc26xx.a(tcpip.o)
                0x0000817c                tcpip_input
 .text.tcpip_ipv6_output
                0x000081a0       0xc0 contiki-srf06-cc26xx.a(tcpip.o)
                0x000081a0                tcpip_ipv6_output
 .text.process_thread_tcpip_process
                0x00008260       0xdc contiki-srf06-cc26xx.a(tcpip.o)
 .text.tcpip_uipcall
                0x0000833c       0x2c contiki-srf06-cc26xx.a(tcpip.o)
                0x0000833c                tcpip_uipcall
 .text.uip_debug_ipaddr_print
                0x00008368       0xa0 contiki-srf06-cc26xx.a(uip-debug.o)
                0x00008368                uip_debug_ipaddr_print
 .text.uip_udp_packet_send
                0x00008408       0x38 contiki-srf06-cc26xx.a(uip-udp-packet.)
                0x00008408                uip_udp_packet_send
 .text.rpl_get_mode
                0x00008440        0xc contiki-srf06-cc26xx.a(rpl.o)
                0x00008440                rpl_get_mode
 .text.rpl_purge_routes
                0x0000844c       0x64 contiki-srf06-cc26xx.a(rpl.o)
                0x0000844c                rpl_purge_routes
 .text.rpl_link_neighbor_callback
                0x000084b0       0x70 contiki-srf06-cc26xx.a(rpl.o)
                0x000084b0                rpl_link_neighbor_callback
 .text.rpl_ipv6_neighbor_callback
                0x00008520       0x28 contiki-srf06-cc26xx.a(rpl.o)
                0x00008520                rpl_ipv6_neighbor_callback
 .text.rpl_purge_dags
                0x00008548       0x3c contiki-srf06-cc26xx.a(rpl.o)
                0x00008548                rpl_purge_dags
 .text.rpl_init
                0x00008584       0x58 contiki-srf06-cc26xx.a(rpl.o)
                0x00008584                rpl_init
 .text.rpl_set_preferred_parent
                0x000085dc       0x28 contiki-srf06-cc26xx.a(rpl-dag.o)
 .text.set_ip_from_prefix
                0x00008604       0x2c contiki-srf06-cc26xx.a(rpl-dag.o)
 .text.find_parent_any_dag_any_instance
                0x00008630       0x1c contiki-srf06-cc26xx.a(rpl-dag.o)
 .text.rpl_get_nbr
                0x0000864c       0x28 contiki-srf06-cc26xx.a(rpl-dag.o)
                0x0000864c                rpl_get_nbr
 .text.rpl_dag_init
                0x00008674       0x14 contiki-srf06-cc26xx.a(rpl-dag.o)
                0x00008674                rpl_dag_init
 .text.rpl_get_parent
                0x00008688       0x10 contiki-srf06-cc26xx.a(rpl-dag.o)
                0x00008688                rpl_get_parent
 .text.rpl_get_parent_ipaddr
                0x00008698       0x18 contiki-srf06-cc26xx.a(rpl-dag.o)
                0x00008698                rpl_get_parent_ipaddr
 .text.rpl_alloc_instance
                0x000086b0       0x34 contiki-srf06-cc26xx.a(rpl-dag.o)
                0x000086b0                rpl_alloc_instance
 .text.rpl_add_parent
                0x000086e4       0x44 contiki-srf06-cc26xx.a(rpl-dag.o)
                0x000086e4                rpl_add_parent
 .text.rpl_select_parent
                0x00008728       0x6c contiki-srf06-cc26xx.a(rpl-dag.o)
                0x00008728                rpl_select_parent
 .text.rpl_remove_parent
                0x00008794       0x1c contiki-srf06-cc26xx.a(rpl-dag.o)
                0x00008794                rpl_remove_parent
 .text.remove_parents.constprop.4
                0x000087b0       0x2c contiki-srf06-cc26xx.a(rpl-dag.o)
 .text.rpl_get_any_dag
                0x000087dc       0x18 contiki-srf06-cc26xx.a(rpl-dag.o)
                0x000087dc                rpl_get_any_dag
 .text.rpl_get_instance
                0x000087f4       0x20 contiki-srf06-cc26xx.a(rpl-dag.o)
                0x000087f4                rpl_get_instance
 .text.rpl_find_of
                0x00008814       0x14 contiki-srf06-cc26xx.a(rpl-dag.o)
                0x00008814                rpl_find_of
 .text.rpl_join_instance
                0x00008828      0x118 contiki-srf06-cc26xx.a(rpl-dag.o)
                0x00008828                rpl_join_instance
 .text.rpl_local_repair
                0x00008940       0x58 contiki-srf06-cc26xx.a(rpl-dag.o)
                0x00008940                rpl_local_repair
 .text.rpl_recalculate_ranks
                0x00008998       0x3c contiki-srf06-cc26xx.a(rpl-dag.o)
                0x00008998                rpl_recalculate_ranks
 .text.rpl_verify_header
                0x000089d4      0x114 contiki-srf06-cc26xx.a(rpl-ext-header.)
                0x000089d4                rpl_verify_header
 .text.rpl_update_header_empty
                0x00008ae8      0x138 contiki-srf06-cc26xx.a(rpl-ext-header.)
                0x00008ae8                rpl_update_header_empty
 .text.rpl_update_header_final
                0x00008c20       0x88 contiki-srf06-cc26xx.a(rpl-ext-header.)
                0x00008c20                rpl_update_header_final
 .text.rpl_invert_header
                0x00008ca8       0x68 contiki-srf06-cc26xx.a(rpl-ext-header.)
                0x00008ca8                rpl_invert_header
 .text.rpl_insert_header
                0x00008d10       0x1c contiki-srf06-cc26xx.a(rpl-ext-header.)
                0x00008d10                rpl_insert_header
 .text.dao_ack_input
                0x00008d2c       0x14 contiki-srf06-cc26xx.a(rpl-icmp6.o)
 .text.dio_input
                0x00008d40      0x288 contiki-srf06-cc26xx.a(rpl-icmp6.o)
 .text.dis_output
                0x00008fc8       0x54 contiki-srf06-cc26xx.a(rpl-icmp6.o)
                0x00008fc8                dis_output
 .text.dio_output
                0x0000901c      0x20c contiki-srf06-cc26xx.a(rpl-icmp6.o)
                0x0000901c                dio_output
 .text.dis_input
                0x00009228       0x3c contiki-srf06-cc26xx.a(rpl-icmp6.o)
 .text.dao_output_target
                0x00009264       0xe0 contiki-srf06-cc26xx.a(rpl-icmp6.o)
                0x00009264                dao_output_target
 .text.dao_output
                0x00009344       0x64 contiki-srf06-cc26xx.a(rpl-icmp6.o)
                0x00009344                dao_output
 .text.dao_ack_output
                0x000093a8       0x34 contiki-srf06-cc26xx.a(rpl-icmp6.o)
                0x000093a8                dao_ack_output
 .text.dao_input
                0x000093dc      0x1e4 contiki-srf06-cc26xx.a(rpl-icmp6.o)
 .text.rpl_icmp6_register_handlers
                0x000095c0       0x30 contiki-srf06-cc26xx.a(rpl-icmp6.o)
                0x000095c0                rpl_icmp6_register_handlers
 .text.new_dio_interval
                0x000095f0       0x58 contiki-srf06-cc26xx.a(rpl-timers.o)
 .text.handle_periodic_timer
                0x00009648       0x3c contiki-srf06-cc26xx.a(rpl-timers.o)
 .text.set_dao_lifetime_timer
                0x00009684       0x3c contiki-srf06-cc26xx.a(rpl-timers.o)
 .text.handle_dio_timer
                0x000096c0       0x80 contiki-srf06-cc26xx.a(rpl-timers.o)
 .text.schedule_dao
                0x00009740       0x54 contiki-srf06-cc26xx.a(rpl-timers.o)
 .text.handle_dao_timer
                0x00009794       0x58 contiki-srf06-cc26xx.a(rpl-timers.o)
 .text.rpl_reset_periodic_timer
                0x000097ec       0x34 contiki-srf06-cc26xx.a(rpl-timers.o)
                0x000097ec                rpl_reset_periodic_timer
 .text.rpl_schedule_unicast_dio_immediately
                0x00009820       0x14 contiki-srf06-cc26xx.a(rpl-timers.o)
                0x00009820                rpl_schedule_unicast_dio_immediately
 .text.rpl_schedule_probing
                0x00009834       0x30 contiki-srf06-cc26xx.a(rpl-timers.o)
                0x00009834                rpl_schedule_probing
 .text.handle_probing_timer
                0x00009864       0xd0 contiki-srf06-cc26xx.a(rpl-timers.o)
 .text.NOROM_AONRTCCurrentCompareValueGet
                0x00009934       0x20 contiki-srf06-cc26xx.a(aon_rtc.o)
                0x00009934                NOROM_AONRTCCurrentCompareValueGet
 .text.NOROM_DDI16BitfieldWrite
                0x00009954       0x48 contiki-srf06-cc26xx.a(ddi.o)
                0x00009954                NOROM_DDI16BitfieldWrite
 .text.NOROM_DDI16BitfieldRead
                0x0000999c       0x40 contiki-srf06-cc26xx.a(ddi.o)
                0x0000999c                NOROM_DDI16BitfieldRead
 .text.NOROM_OSCClockSourceSet
                0x000099dc       0x4c contiki-srf06-cc26xx.a(osc.o)
                0x000099dc                NOROM_OSCClockSourceSet
 .text.NOROM_OSCClockSourceGet
                0x00009a28       0x24 contiki-srf06-cc26xx.a(osc.o)
                0x00009a28                NOROM_OSCClockSourceGet
 .text.NOROM_OSCInterfaceEnable
                0x00009a4c       0x38 contiki-srf06-cc26xx.a(osc.o)
                0x00009a4c                NOROM_OSCInterfaceEnable
 .text.NOROM_PowerCtrlSourceSet
                0x00009a84       0x2c contiki-srf06-cc26xx.a(pwr_ctrl.o)
                0x00009a84                NOROM_PowerCtrlSourceSet
 .text.AuxAdiDdiSafeWrite.constprop.1
                0x00009ab0       0x28 contiki-srf06-cc26xx.a(setup.o)
 .text.HapiTrimDeviceShutDown
                0x00009ad8      0x3e4 contiki-srf06-cc26xx.a(setup.o)
 .text.trimDevice
                0x00009ebc       0xf8 contiki-srf06-cc26xx.a(setup.o)
                0x00009ebc                trimDevice
 .text.SysCtrlSetRechargeBeforePowerDown
                0x00009fb4      0x190 contiki-srf06-cc26xx.a(sys_ctrl.o)
                0x00009fb4                SysCtrlSetRechargeBeforePowerDown
 .text.SysCtrlAdjustRechargeAfterPowerDown
                0x0000a144       0x60 contiki-srf06-cc26xx.a(sys_ctrl.o)
                0x0000a144                SysCtrlAdjustRechargeAfterPowerDown
 .text.SysCtrl_DCDC_VoltageConditionalControl
                0x0000a1a4       0x74 contiki-srf06-cc26xx.a(sys_ctrl.o)
                0x0000a1a4                SysCtrl_DCDC_VoltageConditionalControl
 .text.index_from_key
                0x0000a218       0x20 contiki-srf06-cc26xx.a(nbr-table.o)
 .text.index_from_lladdr
                0x0000a238       0x40 contiki-srf06-cc26xx.a(nbr-table.o)
 .text.key_from_item
                0x0000a278       0x2c contiki-srf06-cc26xx.a(nbr-table.o)
 .text.nbr_get_bit.constprop.0
                0x0000a2a4       0x30 contiki-srf06-cc26xx.a(nbr-table.o)
 .text.nbr_table_register
                0x0000a2d4       0x28 contiki-srf06-cc26xx.a(nbr-table.o)
                0x0000a2d4                nbr_table_register
 .text.nbr_table_head
                0x0000a2fc       0x34 contiki-srf06-cc26xx.a(nbr-table.o)
                0x0000a2fc                nbr_table_head
 .text.nbr_table_add_lladdr
                0x0000a330      0x11c contiki-srf06-cc26xx.a(nbr-table.o)
                0x0000a330                nbr_table_add_lladdr
 .text.nbr_table_remove
                0x0000a44c       0x2c contiki-srf06-cc26xx.a(nbr-table.o)
                0x0000a44c                nbr_table_remove
 .text.nbr_table_lock
                0x0000a478       0x14 contiki-srf06-cc26xx.a(nbr-table.o)
                0x0000a478                nbr_table_lock
 .text.nbr_table_unlock
                0x0000a48c       0x14 contiki-srf06-cc26xx.a(nbr-table.o)
                0x0000a48c                nbr_table_unlock
 .text.netstack_init
                0x0000a4a0       0x38 contiki-srf06-cc26xx.a(netstack.o)
                0x0000a4a0                netstack_init
 .text.packetbuf_copyto
                0x0000a4d8       0x50 contiki-srf06-cc26xx.a(packetbuf.o)
                0x0000a4d8                packetbuf_copyto
 .text.packetbuf_hdrreduce
                0x0000a528       0x2c contiki-srf06-cc26xx.a(packetbuf.o)
                0x0000a528                packetbuf_hdrreduce
 .text.packetbuf_set_datalen
                0x0000a554        0xc contiki-srf06-cc26xx.a(packetbuf.o)
                0x0000a554                packetbuf_set_datalen
 .text.packetbuf_dataptr
                0x0000a560       0x14 contiki-srf06-cc26xx.a(packetbuf.o)
                0x0000a560                packetbuf_dataptr
 .text.packetbuf_hdrptr
                0x0000a574       0x14 contiki-srf06-cc26xx.a(packetbuf.o)
                0x0000a574                packetbuf_hdrptr
 .text.packetbuf_datalen
                0x0000a588        0xc contiki-srf06-cc26xx.a(packetbuf.o)
                0x0000a588                packetbuf_datalen
 .text.packetbuf_hdrlen
                0x0000a594       0x1c contiki-srf06-cc26xx.a(packetbuf.o)
                0x0000a594                packetbuf_hdrlen
 .text.packetbuf_totlen
                0x0000a5b0       0x14 contiki-srf06-cc26xx.a(packetbuf.o)
                0x0000a5b0                packetbuf_totlen
 .text.packetbuf_hdralloc
                0x0000a5c4       0x28 contiki-srf06-cc26xx.a(packetbuf.o)
                0x0000a5c4                packetbuf_hdralloc
 .text.packetbuf_attr_clear
                0x0000a5ec       0x38 contiki-srf06-cc26xx.a(packetbuf.o)
                0x0000a5ec                packetbuf_attr_clear
 .text.packetbuf_clear
                0x0000a624       0x30 contiki-srf06-cc26xx.a(packetbuf.o)
                0x0000a624                packetbuf_clear
 .text.packetbuf_copyfrom
                0x0000a654       0x2c contiki-srf06-cc26xx.a(packetbuf.o)
                0x0000a654                packetbuf_copyfrom
 .text.packetbuf_attr_copyto
                0x0000a680       0x34 contiki-srf06-cc26xx.a(packetbuf.o)
                0x0000a680                packetbuf_attr_copyto
 .text.packetbuf_attr_copyfrom
                0x0000a6b4       0x34 contiki-srf06-cc26xx.a(packetbuf.o)
                0x0000a6b4                packetbuf_attr_copyfrom
 .text.packetbuf_set_attr
                0x0000a6e8       0x10 contiki-srf06-cc26xx.a(packetbuf.o)
                0x0000a6e8                packetbuf_set_attr
 .text.packetbuf_attr
                0x0000a6f8        0xc contiki-srf06-cc26xx.a(packetbuf.o)
                0x0000a6f8                packetbuf_attr
 .text.packetbuf_set_addr
                0x0000a704       0x18 contiki-srf06-cc26xx.a(packetbuf.o)
                0x0000a704                packetbuf_set_addr
 .text.packetbuf_addr
                0x0000a71c       0x10 contiki-srf06-cc26xx.a(packetbuf.o)
                0x0000a71c                packetbuf_addr
 .text.packetbuf_holds_broadcast
                0x0000a72c       0x10 contiki-srf06-cc26xx.a(packetbuf.o)
                0x0000a72c                packetbuf_holds_broadcast
 .text.queuebuf_init
                0x0000a73c       0x1c contiki-srf06-cc26xx.a(queuebuf.o)
                0x0000a73c                queuebuf_init
 .text.queuebuf_numfree
                0x0000a758        0xc contiki-srf06-cc26xx.a(queuebuf.o)
                0x0000a758                queuebuf_numfree
 .text.queuebuf_new_from_packetbuf
                0x0000a764       0x44 contiki-srf06-cc26xx.a(queuebuf.o)
                0x0000a764                queuebuf_new_from_packetbuf
 .text.queuebuf_free
                0x0000a7a8       0x2c contiki-srf06-cc26xx.a(queuebuf.o)
                0x0000a7a8                queuebuf_free
 .text.queuebuf_to_packetbuf
                0x0000a7d4       0x30 contiki-srf06-cc26xx.a(queuebuf.o)
                0x0000a7d4                queuebuf_to_packetbuf
 .text.create_frame.isra.0
                0x0000a804      0x124 contiki-srf06-cc26xx.a(framer-802154.o)
 .text.send_packet
                0x0000a928        0xc contiki-srf06-cc26xx.a(nullmac.o)
 .text.packet_input
                0x0000a934        0xc contiki-srf06-cc26xx.a(nullmac.o)
 .text.on       0x0000a940        0xc contiki-srf06-cc26xx.a(nullmac.o)
 .text.off      0x0000a94c        0xc contiki-srf06-cc26xx.a(nullmac.o)
 .text.on       0x0000a958        0xc contiki-srf06-cc26xx.a(nullrdc.o)
 .text.send_one_packet
                0x0000a964      0x118 contiki-srf06-cc26xx.a(nullrdc.o)
 .text.off      0x0000aa7c       0x18 contiki-srf06-cc26xx.a(nullrdc.o)
 .text.packet_input
                0x0000aa94       0x54 contiki-srf06-cc26xx.a(nullrdc.o)
 .text.input    0x0000aae8        0xc contiki-srf06-cc26xx.a(nullsec.o)
 .text.send     0x0000aaf4       0x20 contiki-srf06-cc26xx.a(nullsec.o)
 .text.sensor_common_write_reg
                0x0000ab14       0x30 contiki-srf06-cc26xx.a(sensor-common.o)
                0x0000ab14                sensor_common_write_reg
 .text.verify_part
                0x0000ab44       0x64 contiki-srf06-cc26xx.a(ext-flash.o)
 .text.wait_ready
                0x0000aba8       0x5c contiki-srf06-cc26xx.a(ext-flash.o)
 .text.ext_flash_open
                0x0000ac04       0x54 contiki-srf06-cc26xx.a(ext-flash.o)
                0x0000ac04                ext_flash_open
 .text.ext_flash_close
                0x0000ac58       0x4c contiki-srf06-cc26xx.a(ext-flash.o)
                0x0000ac58                ext_flash_close
 .text.buzzer_init
                0x0000aca4        0xc contiki-srf06-cc26xx.a(buzzer.o)
                0x0000aca4                buzzer_init
 .text.buzzer_stop
                0x0000acb0       0x74 contiki-srf06-cc26xx.a(buzzer.o)
                0x0000acb0                buzzer_stop
 .text.accessible
                0x0000ad24       0x24 contiki-srf06-cc26xx.a(board-spi.o)
 .text.board_spi_write
                0x0000ad48       0x3c contiki-srf06-cc26xx.a(board-spi.o)
                0x0000ad48                board_spi_write
 .text.board_spi_read
                0x0000ad84       0x48 contiki-srf06-cc26xx.a(board-spi.o)
                0x0000ad84                board_spi_read
 .text.board_spi_flush
                0x0000adcc       0x24 contiki-srf06-cc26xx.a(board-spi.o)
                0x0000adcc                board_spi_flush
 .text.board_spi_open
                0x0000adf0       0xbc contiki-srf06-cc26xx.a(board-spi.o)
                0x0000adf0                board_spi_open
 .text.board_spi_close
                0x0000aeac       0x70 contiki-srf06-cc26xx.a(board-spi.o)
                0x0000aeac                board_spi_close
 .text.process_thread_rf_core_process
                0x0000af1c       0x58 contiki-srf06-cc26xx.a(rf-core.o)
 .text.rf_core_is_accessible
                0x0000af74       0x10 contiki-srf06-cc26xx.a(rf-core.o)
                0x0000af74                rf_core_is_accessible
 .text.rf_core_send_cmd
                0x0000af84       0x80 contiki-srf06-cc26xx.a(rf-core.o)
                0x0000af84                rf_core_send_cmd
 .text.rf_core_wait_cmd_done
                0x0000b004       0x2c contiki-srf06-cc26xx.a(rf-core.o)
                0x0000b004                rf_core_wait_cmd_done
 .text.rf_core_power_up
                0x0000b030       0xac contiki-srf06-cc26xx.a(rf-core.o)
                0x0000b030                rf_core_power_up
 .text.rf_core_set_modesel
                0x0000b0dc       0x5c contiki-srf06-cc26xx.a(rf-core.o)
                0x0000b0dc                rf_core_set_modesel
 .text.rf_core_start_rat
                0x0000b138       0x1c contiki-srf06-cc26xx.a(rf-core.o)
                0x0000b138                rf_core_start_rat
 .text.rf_core_setup_interrupts
                0x0000b154       0x5c contiki-srf06-cc26xx.a(rf-core.o)
                0x0000b154                rf_core_setup_interrupts
 .text.rf_core_cmd_done_en
                0x0000b1b0       0x24 contiki-srf06-cc26xx.a(rf-core.o)
                0x0000b1b0                rf_core_cmd_done_en
 .text.rf_core_cmd_done_dis
                0x0000b1d4       0x10 contiki-srf06-cc26xx.a(rf-core.o)
                0x0000b1d4                rf_core_cmd_done_dis
 .text.rf_core_get_last_radio_op
                0x0000b1e4        0xc contiki-srf06-cc26xx.a(rf-core.o)
                0x0000b1e4                rf_core_get_last_radio_op
 .text.rf_core_power_down
                0x0000b1f0       0xb8 contiki-srf06-cc26xx.a(rf-core.o)
                0x0000b1f0                rf_core_power_down
 .text.rf_core_primary_mode_register
                0x0000b2a8        0xc contiki-srf06-cc26xx.a(rf-core.o)
                0x0000b2a8                rf_core_primary_mode_register
 .text.RFCCPE1IntHandler
                0x0000b2b4       0x20 contiki-srf06-cc26xx.a(rf-core.o)
                0x0000b2b4                RFCCPE1IntHandler
 .text.RFCCPE0IntHandler
                0x0000b2d4       0x58 contiki-srf06-cc26xx.a(rf-core.o)
                0x0000b2d4                RFCCPE0IntHandler
 .text.rf_ble_is_active
                0x0000b32c        0xc contiki-srf06-cc26xx.a(rf-ble.o)
                0x0000b32c                rf_ble_is_active
 .text.stimer_expired
                0x0000b338       0x20 contiki-srf06-cc26xx.a(stimer.o)
                0x0000b338                stimer_expired
 .text.AONBatMonTemperatureGetDegC
                0x0000b358       0x30 contiki-srf06-cc26xx.a(aon_batmon.o)
                0x0000b358                AONBatMonTemperatureGetDegC
 .text.ChipInfo_GetSupportedProtocol_BV
                0x0000b388       0x10 contiki-srf06-cc26xx.a(chipinfo.o)
                0x0000b388                ChipInfo_GetSupportedProtocol_BV
 .text.ChipInfo_GetChipFamily
                0x0000b398       0x34 contiki-srf06-cc26xx.a(chipinfo.o)
                0x0000b398                ChipInfo_GetChipFamily
 .text.ChipInfo_GetHwRevision
                0x0000b3cc       0x68 contiki-srf06-cc26xx.a(chipinfo.o)
                0x0000b3cc                ChipInfo_GetHwRevision
 .text.frame802154_get_pan_id
                0x0000b434        0xc contiki-srf06-cc26xx.a(frame802154.o)
                0x0000b434                frame802154_get_pan_id
 .text.frame802154_parse
                0x0000b440      0x174 contiki-srf06-cc26xx.a(frame802154.o)
                0x0000b440                frame802154_parse
 .text.mac_sequence_is_duplicate
                0x0000b5b4       0x38 contiki-srf06-cc26xx.a(mac-sequence.o)
                0x0000b5b4                mac_sequence_is_duplicate
 .text.mac_sequence_register_seqno
                0x0000b5ec       0x64 contiki-srf06-cc26xx.a(mac-sequence.o)
                0x0000b5ec                mac_sequence_register_seqno
 .text.exp2     0x0000b650       0x10 /usr/bin/../lib/gcc/arm-none-eabi/4.9.3/../../../../arm-none-eabi/lib/armv7-m/libm.a(lib_a-w_exp2.o)
                0x0000b650                exp2
 .text.pow      0x0000b660      0x2f0 /usr/bin/../lib/gcc/arm-none-eabi/4.9.3/../../../../arm-none-eabi/lib/armv7-m/libm.a(lib_a-w_pow.o)
                0x0000b660                pow
 .text.__ieee754_sqrt
                0x0000b950      0x18c /usr/bin/../lib/gcc/arm-none-eabi/4.9.3/../../../../arm-none-eabi/lib/armv7-m/libm.a(lib_a-e_sqrt.o)
                0x0000b950                __ieee754_sqrt
 .text.fabs     0x0000badc        0x8 /usr/bin/../lib/gcc/arm-none-eabi/4.9.3/../../../../arm-none-eabi/lib/armv7-m/libm.a(lib_a-s_fabs.o)
                0x0000badc                fabs
 .text.finite   0x0000bae4        0xc /usr/bin/../lib/gcc/arm-none-eabi/4.9.3/../../../../arm-none-eabi/lib/armv7-m/libm.a(lib_a-s_finite.o)
                0x0000bae4                finite
 .text.__fpclassifyd
                0x0000baf0       0x58 /usr/bin/../lib/gcc/arm-none-eabi/4.9.3/../../../../arm-none-eabi/lib/armv7-m/libm.a(lib_a-s_fpclassify.o)
                0x0000baf0                __fpclassifyd
 .text.matherr  0x0000bb48        0x4 /usr/bin/../lib/gcc/arm-none-eabi/4.9.3/../../../../arm-none-eabi/lib/armv7-m/libm.a(lib_a-s_matherr.o)
                0x0000bb48                matherr
 .text.nan      0x0000bb4c        0xc /usr/bin/../lib/gcc/arm-none-eabi/4.9.3/../../../../arm-none-eabi/lib/armv7-m/libm.a(lib_a-s_nan.o)
                0x0000bb4c                nan
 .text.rint     0x0000bb58      0x11c /usr/bin/../lib/gcc/arm-none-eabi/4.9.3/../../../../arm-none-eabi/lib/armv7-m/libm.a(lib_a-s_rint.o)
                0x0000bb58                rint
 .text.copysign
                0x0000bc74       0x10 /usr/bin/../lib/gcc/arm-none-eabi/4.9.3/../../../../arm-none-eabi/lib/armv7-m/libm.a(lib_a-s_copysign.o)
                0x0000bc74                copysign
 .text          0x0000bc84      0x370 /usr/bin/../lib/gcc/arm-none-eabi/4.9.3/armv7-m/libgcc.a(_arm_addsubdf3.o)
                0x0000bc84                __aeabi_drsub
                0x0000bc8c                __aeabi_dsub
                0x0000bc8c                __subdf3
                0x0000bc90                __adddf3
                0x0000bc90                __aeabi_dadd
                0x0000bf08                __aeabi_ui2d
                0x0000bf08                __floatunsidf
                0x0000bf28                __floatsidf
                0x0000bf28                __aeabi_i2d
                0x0000bf4c                __extendsfdf2
                0x0000bf4c                __aeabi_f2d
                0x0000bf88                __aeabi_ul2d
                0x0000bf88                __floatundidf
                0x0000bf98                __floatdidf
                0x0000bf98                __aeabi_l2d
 .text          0x0000bff4      0x424 /usr/bin/../lib/gcc/arm-none-eabi/4.9.3/armv7-m/libgcc.a(_arm_muldivdf3.o)
                0x0000bff4                __aeabi_dmul
                0x0000bff4                __muldf3
                0x0000c248                __aeabi_ddiv
                0x0000c248                __divdf3
 .text          0x0000c418      0x110 /usr/bin/../lib/gcc/arm-none-eabi/4.9.3/armv7-m/libgcc.a(_arm_cmpdf2.o)
                0x0000c418                __gtdf2
                0x0000c418                __gedf2
                0x0000c420                __ltdf2
                0x0000c420                __ledf2
                0x0000c428                __cmpdf2
                0x0000c428                __eqdf2
                0x0000c428                __nedf2
                0x0000c4a4                __aeabi_cdrcmple
                0x0000c4b4                __aeabi_cdcmple
                0x0000c4b4                __aeabi_cdcmpeq
                0x0000c4c4                __aeabi_dcmpeq
                0x0000c4d8                __aeabi_dcmplt
                0x0000c4ec                __aeabi_dcmple
                0x0000c500                __aeabi_dcmpge
                0x0000c514                __aeabi_dcmpgt
 .text          0x0000c528       0xa0 /usr/bin/../lib/gcc/arm-none-eabi/4.9.3/armv7-m/libgcc.a(_arm_truncdfsf2.o)
                0x0000c528                __aeabi_d2f
                0x0000c528                __truncdfsf2
 .text          0x0000c5c8      0x21c /usr/bin/../lib/gcc/arm-none-eabi/4.9.3/armv7-m/libgcc.a(_arm_addsubsf3.o)
                0x0000c5c8                __aeabi_frsub
                0x0000c5d0                __subsf3
                0x0000c5d0                __aeabi_fsub
                0x0000c5d4                __aeabi_fadd
                0x0000c5d4                __addsf3
                0x0000c734                __aeabi_ui2f
                0x0000c734                __floatunsisf
                0x0000c73c                __aeabi_i2f
                0x0000c73c                __floatsisf
                0x0000c758                __floatundisf
                0x0000c758                __aeabi_ul2f
                0x0000c768                __floatdisf
                0x0000c768                __aeabi_l2f
 .text          0x0000c7e4      0x2a0 /usr/bin/../lib/gcc/arm-none-eabi/4.9.3/armv7-m/libgcc.a(_arm_muldivsf3.o)
                0x0000c7e4                __mulsf3
                0x0000c7e4                __aeabi_fmul
                0x0000c94c                __divsf3
                0x0000c94c                __aeabi_fdiv
 .text          0x0000ca84       0x4c /usr/bin/../lib/gcc/arm-none-eabi/4.9.3/armv7-m/libgcc.a(_arm_fixsfsi.o)
                0x0000ca84                __fixsfsi
                0x0000ca84                __aeabi_f2iz
 .text          0x0000cad0       0x30 /usr/bin/../lib/gcc/arm-none-eabi/4.9.3/armv7-m/libgcc.a(_aeabi_uldivmod.o)
                0x0000cad0                __aeabi_uldivmod
 .text          0x0000cb00       0x60 /usr/bin/../lib/gcc/arm-none-eabi/4.9.3/armv7-m/libgcc.a(bpabi.o)
                0x0000cb00                __gnu_ldivmod_helper
                0x0000cb30                __gnu_uldivmod_helper
 .text          0x0000cb60        0x4 /usr/bin/../lib/gcc/arm-none-eabi/4.9.3/armv7-m/libgcc.a(_dvmd_tls.o)
                0x0000cb60                __aeabi_ldiv0
                0x0000cb60                __aeabi_idiv0
 .text          0x0000cb64      0x2ac /usr/bin/../lib/gcc/arm-none-eabi/4.9.3/armv7-m/libgcc.a(_divdi3.o)
                0x0000cb64                __divdi3
 .text          0x0000ce10      0x270 /usr/bin/../lib/gcc/arm-none-eabi/4.9.3/armv7-m/libgcc.a(_udivdi3.o)
                0x0000ce10                __udivdi3
 .text.atoi     0x0000d080        0x8 /usr/bin/../lib/gcc/arm-none-eabi/4.9.3/../../../../arm-none-eabi/lib/armv7-m/libc.a(lib_a-atoi.o)
                0x0000d080                atoi
 .text.__errno  0x0000d088        0xc /usr/bin/../lib/gcc/arm-none-eabi/4.9.3/../../../../arm-none-eabi/lib/armv7-m/libc.a(lib_a-errno.o)
                0x0000d088                __errno
 .text.memchr   0x0000d094       0x94 /usr/bin/../lib/gcc/arm-none-eabi/4.9.3/../../../../arm-none-eabi/lib/armv7-m/libc.a(lib_a-memchr.o)
                0x0000d094                memchr
 .text.memcmp   0x0000d128       0x64 /usr/bin/../lib/gcc/arm-none-eabi/4.9.3/../../../../arm-none-eabi/lib/armv7-m/libc.a(lib_a-memcmp.o)
                0x0000d128                memcmp
 .text          0x0000d18c       0xec /usr/bin/../lib/gcc/arm-none-eabi/4.9.3/../../../../arm-none-eabi/lib/armv7-m/libc.a(lib_a-memcpy.o)
                0x0000d18c                memcpy
 .text.memmove  0x0000d278       0xc8 /usr/bin/../lib/gcc/arm-none-eabi/4.9.3/../../../../arm-none-eabi/lib/armv7-m/libc.a(lib_a-memmove.o)
                0x0000d278                memmove
 .text.memset   0x0000d340       0x9c /usr/bin/../lib/gcc/arm-none-eabi/4.9.3/../../../../arm-none-eabi/lib/armv7-m/libc.a(lib_a-memset.o)
                0x0000d340                memset
 .text.srand    0x0000d3dc       0x14 /usr/bin/../lib/gcc/arm-none-eabi/4.9.3/../../../../arm-none-eabi/lib/armv7-m/libc.a(lib_a-rand.o)
                0x0000d3dc                srand
 .text.rand     0x0000d3f0       0x40 /usr/bin/../lib/gcc/arm-none-eabi/4.9.3/../../../../arm-none-eabi/lib/armv7-m/libc.a(lib_a-rand.o)
                0x0000d3f0                rand
 .text.strchr   0x0000d430       0xcc /usr/bin/../lib/gcc/arm-none-eabi/4.9.3/../../../../arm-none-eabi/lib/armv7-m/libc.a(lib_a-strchr.o)
                0x0000d430                strchr
 .text.strcpy   0x0000d4fc       0xbc /usr/bin/../lib/gcc/arm-none-eabi/4.9.3/../../../../arm-none-eabi/lib/armv7-m/libc.a(lib_a-strcpy.o)
                0x0000d4fc                strcpy
 .text.strlen   0x0000d5b8       0x5c /usr/bin/../lib/gcc/arm-none-eabi/4.9.3/../../../../arm-none-eabi/lib/armv7-m/libc.a(lib_a-strlen.o)
                0x0000d5b8                strlen
 .text.strncmp  0x0000d614       0x94 /usr/bin/../lib/gcc/arm-none-eabi/4.9.3/../../../../arm-none-eabi/lib/armv7-m/libc.a(lib_a-strncmp.o)
                0x0000d614                strncmp
 .text.strncpy  0x0000d6a8       0x68 /usr/bin/../lib/gcc/arm-none-eabi/4.9.3/../../../../arm-none-eabi/lib/armv7-m/libc.a(lib_a-strncpy.o)
                0x0000d6a8                strncpy
 .text._strtol_r
                0x0000d710      0x11c /usr/bin/../lib/gcc/arm-none-eabi/4.9.3/../../../../arm-none-eabi/lib/armv7-m/libc.a(lib_a-strtol.o)
                0x0000d710                _strtol_r
 .text.strtol   0x0000d82c       0x18 /usr/bin/../lib/gcc/arm-none-eabi/4.9.3/../../../../arm-none-eabi/lib/armv7-m/libc.a(lib_a-strtol.o)
                0x0000d82c                strtol
 .text.NmiSRHandler
                0x0000d844        0x2 obj_srf06-cc26xx/startup_gcc.o
                0x0000d844                NmiSR
 .text.IntDefaultHandler
                0x0000d846        0x2 obj_srf06-cc26xx/startup_gcc.o
                0x0000d846                TRNGIntHandler
                0x0000d846                SSI0IntHandler
                0x0000d846                SWEvent0IntHandler
                0x0000d846                uDMAIntHandler
                0x0000d846                WatchdogIntHandler
                0x0000d846                RFCHardwareIntHandler
                0x0000d846                Timer1BIntHandler
                0x0000d846                I2SIntHandler
                0x0000d846                Timer2BIntHandler
                0x0000d846                Timer2AIntHandler
                0x0000d846                Timer1AIntHandler
                0x0000d846                AONIntHandler
                0x0000d846                AUXSWEvent0IntHandler
                0x0000d846                AUXADCIntHandler
                0x0000d846                PendSVIntHandler
                0x0000d846                AUXSWEvent1IntHandler
                0x0000d846                SVCallIntHandler
                0x0000d846                MPUFaultIntHandler
                0x0000d846                SysTickIntHandler
                0x0000d846                BusFaultIntHandler
                0x0000d846                AONProgIntHandler
                0x0000d846                AUXCompAIntHandler
                0x0000d846                SSI1IntHandler
                0x0000d846                FlashIntHandler
                0x0000d846                uDMAErrIntHandler
                0x0000d846                UsageFaultIntHandler
                0x0000d846                RFCCmdAckIntHandler
                0x0000d846                CryptoIntHandler
                0x0000d846                Timer0AIntHandler
                0x0000d846                I2CIntHandler
                0x0000d846                DebugMonIntHandler
                0x0000d846                Timer0BIntHandler
                0x0000d846                AUXCombEventIntHandler
                0x0000d846                Timer3AIntHandler
                0x0000d846                DynProgIntHandler
                0x0000d846                Timer3BIntHandler
 .text.res_post_handler
                0x0000d848        0x6 obj_srf06-cc26xx/res-toggle.o
 .text.coap_parse_int_option
                0x0000d84e       0x16 contiki-srf06-cc26xx.a(er-coap.o)
 .text.coap_merge_multi_option
                0x0000d864       0x32 contiki-srf06-cc26xx.a(er-coap.o)
 .text.coap_get_variable
                0x0000d896       0x6a contiki-srf06-cc26xx.a(er-coap.o)
 .text.coap_set_option_header
                0x0000d900       0x76 contiki-srf06-cc26xx.a(er-coap.o)
 .text.coap_serialize_int_option
                0x0000d976       0x60 contiki-srf06-cc26xx.a(er-coap.o)
 .text.coap_serialize_array_option.part.0
                0x0000d9d6       0x20 contiki-srf06-cc26xx.a(er-coap.o)
 .text.coap_serialize_array_option
                0x0000d9f6       0x76 contiki-srf06-cc26xx.a(er-coap.o)
 .text.coap_init_message
                0x0000da6c       0x1a contiki-srf06-cc26xx.a(er-coap.o)
                0x0000da6c                coap_init_message
 .text.coap_get_query_variable
                0x0000da86       0x26 contiki-srf06-cc26xx.a(er-coap.o)
                0x0000da86                coap_get_query_variable
 .text.coap_get_post_variable
                0x0000daac       0x1e contiki-srf06-cc26xx.a(er-coap.o)
                0x0000daac                coap_get_post_variable
 .text.coap_set_status_code
                0x0000daca        0xc contiki-srf06-cc26xx.a(er-coap.o)
                0x0000daca                coap_set_status_code
 .text.coap_set_token
                0x0000dad6       0x16 contiki-srf06-cc26xx.a(er-coap.o)
                0x0000dad6                coap_set_token
 .text.coap_get_header_content_format
                0x0000daec       0x18 contiki-srf06-cc26xx.a(er-coap.o)
                0x0000daec                coap_get_header_content_format
 .text.coap_set_header_content_format
                0x0000db04        0xe contiki-srf06-cc26xx.a(er-coap.o)
                0x0000db04                coap_set_header_content_format
 .text.coap_get_header_accept
                0x0000db12       0x1a contiki-srf06-cc26xx.a(er-coap.o)
                0x0000db12                coap_get_header_accept
 .text.coap_get_header_max_age
                0x0000db2c       0x10 contiki-srf06-cc26xx.a(er-coap.o)
                0x0000db2c                coap_get_header_max_age
 .text.coap_set_header_max_age
                0x0000db3c        0xe contiki-srf06-cc26xx.a(er-coap.o)
                0x0000db3c                coap_set_header_max_age
 .text.coap_set_header_etag
                0x0000db4a       0x22 contiki-srf06-cc26xx.a(er-coap.o)
                0x0000db4a                coap_set_header_etag
 .text.coap_get_header_if_match
                0x0000db6c       0x1c contiki-srf06-cc26xx.a(er-coap.o)
                0x0000db6c                coap_get_header_if_match
 .text.coap_get_header_if_none_match
                0x0000db88        0x8 contiki-srf06-cc26xx.a(er-coap.o)
                0x0000db88                coap_get_header_if_none_match
 .text.coap_get_header_uri_host
                0x0000db90       0x18 contiki-srf06-cc26xx.a(er-coap.o)
                0x0000db90                coap_get_header_uri_host
 .text.coap_get_header_uri_path
                0x0000dba8       0x18 contiki-srf06-cc26xx.a(er-coap.o)
                0x0000dba8                coap_get_header_uri_path
 .text.coap_set_header_uri_path
                0x0000dbc0       0x20 contiki-srf06-cc26xx.a(er-coap.o)
                0x0000dbc0                coap_set_header_uri_path
 .text.coap_get_header_uri_query
                0x0000dbe0       0x16 contiki-srf06-cc26xx.a(er-coap.o)
                0x0000dbe0                coap_get_header_uri_query
 .text.coap_set_header_location_query
                0x0000dbf6       0x20 contiki-srf06-cc26xx.a(er-coap.o)
                0x0000dbf6                coap_set_header_location_query
 .text.coap_set_header_location_path
                0x0000dc16       0x40 contiki-srf06-cc26xx.a(er-coap.o)
                0x0000dc16                coap_set_header_location_path
 .text.coap_get_header_observe
                0x0000dc56       0x18 contiki-srf06-cc26xx.a(er-coap.o)
                0x0000dc56                coap_get_header_observe
 .text.coap_set_header_observe
                0x0000dc6e        0xe contiki-srf06-cc26xx.a(er-coap.o)
                0x0000dc6e                coap_set_header_observe
 .text.coap_get_header_block2
                0x0000dc7c       0x32 contiki-srf06-cc26xx.a(er-coap.o)
                0x0000dc7c                coap_get_header_block2
 .text.coap_set_header_block2
                0x0000dcae       0x32 contiki-srf06-cc26xx.a(er-coap.o)
                0x0000dcae                coap_set_header_block2
 .text.coap_set_header_block1
                0x0000dce0       0x2e contiki-srf06-cc26xx.a(er-coap.o)
                0x0000dce0                coap_set_header_block1
 .text.coap_get_header_size2
                0x0000dd0e       0x1a contiki-srf06-cc26xx.a(er-coap.o)
                0x0000dd0e                coap_get_header_size2
 .text.coap_set_header_size2
                0x0000dd28       0x10 contiki-srf06-cc26xx.a(er-coap.o)
                0x0000dd28                coap_set_header_size2
 .text.coap_get_payload
                0x0000dd38       0x12 contiki-srf06-cc26xx.a(er-coap.o)
                0x0000dd38                coap_get_payload
 .text.coap_set_payload
                0x0000dd4a       0x12 contiki-srf06-cc26xx.a(er-coap.o)
                0x0000dd4a                coap_set_payload
 .text.coap_get_rest_method
                0x0000dd5c        0xc contiki-srf06-cc26xx.a(er-coap-engine.)
                0x0000dd5c                coap_get_rest_method
 .text.coap_notify_observers
                0x0000dd68        0x6 contiki-srf06-cc26xx.a(er-coap-observe)
                0x0000dd68                coap_notify_observers
 .text.coap_separate_resume
                0x0000dd6e       0x30 contiki-srf06-cc26xx.a(er-coap-separat)
                0x0000dd6e                coap_separate_resume
 .text.fade     0x0000dd9e       0x54 contiki-srf06-cc26xx.a(contiki-main.o)
 .text.select_on_bus
                0x0000ddf2        0x8 contiki-srf06-cc26xx.a(bmp-280-sensor.)
 .text.status_right
                0x0000ddfa       0x10 contiki-srf06-cc26xx.a(button-sensor.o)
 .text.config_left
                0x0000de0a        0xc contiki-srf06-cc26xx.a(button-sensor.o)
 .text.config_right
                0x0000de16        0xc contiki-srf06-cc26xx.a(button-sensor.o)
 .text.status_left
                0x0000de22       0x10 contiki-srf06-cc26xx.a(button-sensor.o)
 .text.lpm_wakeup_handler
                0x0000de32        0x4 contiki-srf06-cc26xx.a(board.o)
 .text.clock_update
                0x0000de36       0x16 contiki-srf06-cc26xx.a(clock.o)
                0x0000de36                clock_update
 .text.rtimer_arch_init
                0x0000de4c        0x2 contiki-srf06-cc26xx.a(rtimer-arch.o)
                0x0000de4c                rtimer_arch_init
 .text.rtimer_arch_schedule
                0x0000de4e        0x8 contiki-srf06-cc26xx.a(rtimer-arch.o)
                0x0000de4e                rtimer_arch_schedule
 .text.rtimer_arch_now
                0x0000de56        0x4 contiki-srf06-cc26xx.a(rtimer-arch.o)
                0x0000de56                rtimer_arch_now
 .text.putchar  0x0000de5a        0xe contiki-srf06-cc26xx.a(putchar.o)
                0x0000de5a                putchar
 .text.puts     0x0000de68       0x2c contiki-srf06-cc26xx.a(putchar.o)
                0x0000de68                puts
 .text.dbg_send_bytes
                0x0000de94       0x28 contiki-srf06-cc26xx.a(putchar.o)
                0x0000de94                dbg_send_bytes
 .text.IntMasterEnable
                0x0000debc        0xe contiki-srf06-cc26xx.a(lpm.o)
 .text.oscillators_select_lf_rcosc
                0x0000deca       0x30 contiki-srf06-cc26xx.a(oscillators.o)
                0x0000deca                oscillators_select_lf_rcosc
 .text.oscillators_request_hf_xosc
                0x0000defa       0x24 contiki-srf06-cc26xx.a(oscillators.o)
                0x0000defa                oscillators_request_hf_xosc
 .text.request  0x0000df1e       0x10 contiki-srf06-cc26xx.a(ieee-mode.o)
 .text.soft_on  0x0000df2e       0x16 contiki-srf06-cc26xx.a(ieee-mode.o)
 .text.transmitting
                0x0000df44       0x3e contiki-srf06-cc26xx.a(ieee-mode.o)
 .text.get_cca_info.part.3
                0x0000df82       0x30 contiki-srf06-cc26xx.a(ieee-mode.o)
 .text.send     0x0000dfb2       0x12 contiki-srf06-cc26xx.a(ieee-mode.o)
 .text.channel_clear
                0x0000dfc4       0x54 contiki-srf06-cc26xx.a(ieee-mode.o)
 .text.receiving_packet
                0x0000e018       0x3a contiki-srf06-cc26xx.a(ieee-mode.o)
 .text.write_str
                0x0000e052       0x10 contiki-srf06-cc26xx.a(dbg-printf.o)
 .text.buffer_str
                0x0000e062       0x28 contiki-srf06-cc26xx.a(dbg-snprintf.o)
 .text.snprintf
                0x0000e08a       0x1a contiki-srf06-cc26xx.a(dbg-snprintf.o)
                0x0000e08a                snprintf
 .text.autostart_start
                0x0000e0a4       0x14 contiki-srf06-cc26xx.a(autostart.o)
                0x0000e0a4                autostart_start
 .text.energest_init
                0x0000e0b8        0x2 contiki-srf06-cc26xx.a(energest.o)
                0x0000e0b8                energest_init
 .text.etimer_set
                0x0000e0ba       0x12 contiki-srf06-cc26xx.a(etimer.o)
                0x0000e0ba                etimer_set
 .text.etimer_reset
                0x0000e0cc       0x12 contiki-srf06-cc26xx.a(etimer.o)
                0x0000e0cc                etimer_reset
 .text.etimer_restart
                0x0000e0de       0x12 contiki-srf06-cc26xx.a(etimer.o)
                0x0000e0de                etimer_restart
 .text.etimer_expired
                0x0000e0f0        0xa contiki-srf06-cc26xx.a(etimer.o)
                0x0000e0f0                etimer_expired
 .text.etimer_expiration_time
                0x0000e0fa        0x6 contiki-srf06-cc26xx.a(etimer.o)
                0x0000e0fa                etimer_expiration_time
 .text.call_process
                0x0000e100        0xc contiki-srf06-cc26xx.a(process.o)
 .text.rtimer_init
                0x0000e10c        0x4 contiki-srf06-cc26xx.a(rtimer.o)
                0x0000e10c                rtimer_init
 .text.timer_set
                0x0000e110        0xe contiki-srf06-cc26xx.a(timer.o)
                0x0000e110                timer_set
 .text.timer_reset
                0x0000e11e        0xa contiki-srf06-cc26xx.a(timer.o)
                0x0000e11e                timer_reset
 .text.timer_restart
                0x0000e128        0xc contiki-srf06-cc26xx.a(timer.o)
                0x0000e128                timer_restart
 .text.timer_expired
                0x0000e134       0x1c contiki-srf06-cc26xx.a(timer.o)
                0x0000e134                timer_expired
 .text.list_init
                0x0000e150        0x6 contiki-srf06-cc26xx.a(list.o)
                0x0000e150                list_init
 .text.list_head
                0x0000e156        0x4 contiki-srf06-cc26xx.a(list.o)
                0x0000e156                list_head
 .text.list_tail
                0x0000e15a       0x10 contiki-srf06-cc26xx.a(list.o)
                0x0000e15a                list_tail
 .text.list_remove
                0x0000e16a       0x28 contiki-srf06-cc26xx.a(list.o)
                0x0000e16a                list_remove
 .text.list_add
                0x0000e192       0x1e contiki-srf06-cc26xx.a(list.o)
                0x0000e192                list_add
 .text.list_push
                0x0000e1b0       0x12 contiki-srf06-cc26xx.a(list.o)
                0x0000e1b0                list_push
 .text.list_length
                0x0000e1c2        0xe contiki-srf06-cc26xx.a(list.o)
                0x0000e1c2                list_length
 .text.list_item_next
                0x0000e1d0        0x6 contiki-srf06-cc26xx.a(list.o)
                0x0000e1d0                list_item_next
 .text.memb_init
                0x0000e1d6       0x20 contiki-srf06-cc26xx.a(memb.o)
                0x0000e1d6                memb_init
 .text.memb_alloc
                0x0000e1f6       0x28 contiki-srf06-cc26xx.a(memb.o)
                0x0000e1f6                memb_alloc
 .text.memb_free
                0x0000e21e       0x2c contiki-srf06-cc26xx.a(memb.o)
                0x0000e21e                memb_free
 .text.memb_inmemb
                0x0000e24a       0x1c contiki-srf06-cc26xx.a(memb.o)
                0x0000e24a                memb_inmemb
 .text.memb_numfree
                0x0000e266       0x1c contiki-srf06-cc26xx.a(memb.o)
                0x0000e266                memb_numfree
 .text.random_init
                0x0000e282        0x4 contiki-srf06-cc26xx.a(random.o)
                0x0000e282                random_init
 .text.random_rand
                0x0000e286        0xa contiki-srf06-cc26xx.a(random.o)
                0x0000e286                random_rand
 .text.ringbuf_init
                0x0000e290        0xe contiki-srf06-cc26xx.a(ringbuf.o)
                0x0000e290                ringbuf_init
 .text.ringbuf_get
                0x0000e29e       0x20 contiki-srf06-cc26xx.a(ringbuf.o)
                0x0000e29e                ringbuf_get
 .text.chksum   0x0000e2be       0x38 contiki-srf06-cc26xx.a(uip6.o)
 .text.uip_icmp6chksum
                0x0000e2f6        0x6 contiki-srf06-cc26xx.a(uip6.o)
                0x0000e2f6                uip_icmp6chksum
 .text.uip_udpchksum
                0x0000e2fc        0x6 contiki-srf06-cc26xx.a(uip6.o)
                0x0000e2fc                uip_udpchksum
 .text.uip_htonl
                0x0000e302       0x14 contiki-srf06-cc26xx.a(uip6.o)
                0x0000e302                uip_htonl
 .text.uip_ds6_list_loop
                0x0000e316       0x48 contiki-srf06-cc26xx.a(uip-ds6.o)
                0x0000e316                uip_ds6_list_loop
 .text.uip_ds6_maddr_rm
                0x0000e35e        0x8 contiki-srf06-cc26xx.a(uip-ds6.o)
                0x0000e35e                uip_ds6_maddr_rm
 .text.uip_ds6_set_addr_iid
                0x0000e366       0x12 contiki-srf06-cc26xx.a(uip-ds6.o)
                0x0000e366                uip_ds6_set_addr_iid
 .text.get_match_length
                0x0000e378       0x3a contiki-srf06-cc26xx.a(uip-ds6.o)
                0x0000e378                get_match_length
 .text.uip_ds6_nbr_ipaddr_from_lladdr
                0x0000e3b2        0x4 contiki-srf06-cc26xx.a(uip-ds6-nbr.o)
                0x0000e3b2                uip_ds6_nbr_ipaddr_from_lladdr
 .text.uip_ds6_nbr_lladdr_from_ipaddr
                0x0000e3b6       0x12 contiki-srf06-cc26xx.a(uip-ds6-nbr.o)
                0x0000e3b6                uip_ds6_nbr_lladdr_from_ipaddr
 .text.uip_ds6_route_next
                0x0000e3c8        0x8 contiki-srf06-cc26xx.a(uip-ds6-route.o)
                0x0000e3c8                uip_ds6_route_next
 .text.rm_routelist_callback
                0x0000e3d0        0x4 contiki-srf06-cc26xx.a(uip-ds6-route.o)
 .text.uip_nd6_init
                0x0000e3d4        0x2 contiki-srf06-cc26xx.a(uip-nd6.o)
                0x0000e3d4                uip_nd6_init
 .text.rpl_remove_routes
                0x0000e3d6       0x1e contiki-srf06-cc26xx.a(rpl.o)
                0x0000e3d6                rpl_remove_routes
 .text.rpl_remove_routes_by_nexthop
                0x0000e3f4       0x36 contiki-srf06-cc26xx.a(rpl.o)
                0x0000e3f4                rpl_remove_routes_by_nexthop
 .text.rpl_add_route
                0x0000e42a       0x28 contiki-srf06-cc26xx.a(rpl.o)
                0x0000e42a                rpl_add_route
 .text.lollipop_greater_than
                0x0000e452       0x34 contiki-srf06-cc26xx.a(rpl-dag.o)
 .text.check_prefix
                0x0000e486       0x58 contiki-srf06-cc26xx.a(rpl-dag.o)
 .text.rpl_set_prefix
                0x0000e4de       0x6c contiki-srf06-cc26xx.a(rpl-dag.o)
                0x0000e4de                rpl_set_prefix
 .text.rpl_set_default_route
                0x0000e54a       0x38 contiki-srf06-cc26xx.a(rpl-dag.o)
                0x0000e54a                rpl_set_default_route
 .text.rpl_find_parent
                0x0000e582       0x16 contiki-srf06-cc26xx.a(rpl-dag.o)
                0x0000e582                rpl_find_parent
 .text.rpl_find_parent_any_dag
                0x0000e598       0x1e contiki-srf06-cc26xx.a(rpl-dag.o)
                0x0000e598                rpl_find_parent_any_dag
 .text.rpl_select_dag
                0x0000e5b6      0x152 contiki-srf06-cc26xx.a(rpl-dag.o)
                0x0000e5b6                rpl_select_dag
 .text.rpl_nullify_parent
                0x0000e708       0x48 contiki-srf06-cc26xx.a(rpl-dag.o)
                0x0000e708                rpl_nullify_parent
 .text.nbr_callback
                0x0000e750        0x4 contiki-srf06-cc26xx.a(rpl-dag.o)
 .text.rpl_free_dag
                0x0000e754       0x2e contiki-srf06-cc26xx.a(rpl-dag.o)
                0x0000e754                rpl_free_dag
 .text.rpl_move_parent
                0x0000e782       0x48 contiki-srf06-cc26xx.a(rpl-dag.o)
                0x0000e782                rpl_move_parent
 .text.rpl_repair_root
                0x0000e7ca       0x48 contiki-srf06-cc26xx.a(rpl-dag.o)
                0x0000e7ca                rpl_repair_root
 .text.rpl_alloc_dag
                0x0000e812       0x48 contiki-srf06-cc26xx.a(rpl-dag.o)
                0x0000e812                rpl_alloc_dag
 .text.rpl_process_parent_event
                0x0000e85a       0x60 contiki-srf06-cc26xx.a(rpl-dag.o)
                0x0000e85a                rpl_process_parent_event
 .text.rpl_add_dag
                0x0000e8ba      0x10c contiki-srf06-cc26xx.a(rpl-dag.o)
                0x0000e8ba                rpl_add_dag
 .text.rpl_process_dio
                0x0000e9c6      0x2bc contiki-srf06-cc26xx.a(rpl-dag.o)
                0x0000e9c6                rpl_process_dio
 .text.get32    0x0000ec82       0x18 contiki-srf06-cc26xx.a(rpl-icmp6.o)
 .text.set32    0x0000ec9a       0x12 contiki-srf06-cc26xx.a(rpl-icmp6.o)
 .text.get16    0x0000ecac        0xc contiki-srf06-cc26xx.a(rpl-icmp6.o)
 .text.set16    0x0000ecb8        0xa contiki-srf06-cc26xx.a(rpl-icmp6.o)
 .text.reset    0x0000ecc2        0x2 contiki-srf06-cc26xx.a(rpl-mrhof.o)
 .text.update_metric_container
                0x0000ecc4        0x6 contiki-srf06-cc26xx.a(rpl-mrhof.o)
 .text.calculate_rank
                0x0000ecca       0x34 contiki-srf06-cc26xx.a(rpl-mrhof.o)
 .text.neighbor_link_callback
                0x0000ecfe       0x46 contiki-srf06-cc26xx.a(rpl-mrhof.o)
 .text.best_dag
                0x0000ed44       0x2c contiki-srf06-cc26xx.a(rpl-mrhof.o)
 .text.best_parent
                0x0000ed70       0x5a contiki-srf06-cc26xx.a(rpl-mrhof.o)
 .text.handle_unicast_dio_timer
                0x0000edca       0x1c contiki-srf06-cc26xx.a(rpl-timers.o)
 .text.rpl_reset_dio_timer
                0x0000ede6       0x1c contiki-srf06-cc26xx.a(rpl-timers.o)
                0x0000ede6                rpl_reset_dio_timer
 .text.rpl_schedule_dao
                0x0000ee02        0x8 contiki-srf06-cc26xx.a(rpl-timers.o)
                0x0000ee02                rpl_schedule_dao
 .text.NOROM_CPUcpsid
                0x0000ee0a        0x8 contiki-srf06-cc26xx.a(cpu.o)
                0x0000ee0a                NOROM_CPUcpsid
 .text.NOROM_CPUcpsie
                0x0000ee12        0x8 contiki-srf06-cc26xx.a(cpu.o)
                0x0000ee12                NOROM_CPUcpsie
 .text.NOROM_CPUdelay
                0x0000ee1a        0x8 contiki-srf06-cc26xx.a(cpu.o)
                0x0000ee1a                NOROM_CPUdelay
 .text.linkaddr_copy
                0x0000ee22        0xa contiki-srf06-cc26xx.a(linkaddr.o)
                0x0000ee22                linkaddr_copy
 .text.linkaddr_cmp
                0x0000ee2c       0x10 contiki-srf06-cc26xx.a(linkaddr.o)
                0x0000ee2c                linkaddr_cmp
 .text.nbr_set_bit
                0x0000ee3c       0x38 contiki-srf06-cc26xx.a(nbr-table.o)
 .text.item_from_key
                0x0000ee74       0x22 contiki-srf06-cc26xx.a(nbr-table.o)
 .text.nbr_table_next
                0x0000ee96       0x2e contiki-srf06-cc26xx.a(nbr-table.o)
                0x0000ee96                nbr_table_next
 .text.nbr_table_get_from_lladdr
                0x0000eec4       0x32 contiki-srf06-cc26xx.a(nbr-table.o)
                0x0000eec4                nbr_table_get_from_lladdr
 .text.nbr_table_get_lladdr
                0x0000eef6        0xc contiki-srf06-cc26xx.a(nbr-table.o)
                0x0000eef6                nbr_table_get_lladdr
 .text.parse    0x0000ef02       0x94 contiki-srf06-cc26xx.a(framer-802154.o)
 .text.create   0x0000ef96        0x6 contiki-srf06-cc26xx.a(framer-802154.o)
 .text.hdr_length
                0x0000ef9c        0x6 contiki-srf06-cc26xx.a(framer-802154.o)
 .text.channel_check_interval
                0x0000efa2        0x4 contiki-srf06-cc26xx.a(nullmac.o)
 .text.init     0x0000efa6        0x2 contiki-srf06-cc26xx.a(nullmac.o)
 .text.channel_check_interval
                0x0000efa8        0x4 contiki-srf06-cc26xx.a(nullrdc.o)
 .text.init     0x0000efac        0x4 contiki-srf06-cc26xx.a(nullrdc.o)
 .text.send_list
                0x0000efb0       0x20 contiki-srf06-cc26xx.a(nullrdc.o)
 .text.send_packet
                0x0000efd0        0x4 contiki-srf06-cc26xx.a(nullrdc.o)
 .text.init     0x0000efd4        0x2 contiki-srf06-cc26xx.a(nullsec.o)
 .text.sensor_common_read_reg
                0x0000efd6       0x1a contiki-srf06-cc26xx.a(sensor-common.o)
                0x0000efd6                sensor_common_read_reg
 .text.sensor_common_set_error_data
                0x0000eff0        0xe contiki-srf06-cc26xx.a(sensor-common.o)
                0x0000eff0                sensor_common_set_error_data
 .text.ext_flash_init
                0x0000effe        0xe contiki-srf06-cc26xx.a(ext-flash.o)
                0x0000effe                ext_flash_init
 .text.IntMasterEnable
                0x0000f00c        0xe contiki-srf06-cc26xx.a(rf-core.o)
 .text.rf_core_init_radio_op
                0x0000f01a       0x1e contiki-srf06-cc26xx.a(rf-core.o)
                0x0000f01a                rf_core_init_radio_op
 .text.rf_core_boot
                0x0000f038       0x1c contiki-srf06-cc26xx.a(rf-core.o)
                0x0000f038                rf_core_boot
 .text.stimer_set
                0x0000f054        0xe contiki-srf06-cc26xx.a(stimer.o)
                0x0000f054                stimer_set
 .text.ThisCodeIsBuiltForCC26xxHwRev22AndLater_HaltIfViolated
                0x0000f062       0x14 contiki-srf06-cc26xx.a(chipinfo.o)
                0x0000f062                ThisCodeIsBuiltForCC26xxHwRev22AndLater_HaltIfViolated
 .text.frame802154_has_panid
                0x0000f076       0x4c contiki-srf06-cc26xx.a(frame802154.o)
                0x0000f076                frame802154_has_panid
 .text.field_len
                0x0000f0c2       0x84 contiki-srf06-cc26xx.a(frame802154.o)
 .text.frame802154_is_broadcast_addr
                0x0000f146       0x1e contiki-srf06-cc26xx.a(frame802154.o)
                0x0000f146                frame802154_is_broadcast_addr
 .text.frame802154_hdrlen
                0x0000f164       0x32 contiki-srf06-cc26xx.a(frame802154.o)
                0x0000f164                frame802154_hdrlen
 .text.frame802154_create
                0x0000f196       0xe6 contiki-srf06-cc26xx.a(frame802154.o)
                0x0000f196                frame802154_create
 .text.mac_call_sent_callback
                0x0000f27c       0x16 contiki-srf06-cc26xx.a(mac.o)
                0x0000f27c                mac_call_sent_callback
 *(SORT(.rodata*))
 *fill*         0x0000f292        0x6 00000000
 .rodata.dp_h   0x0000f298       0x10 /usr/bin/../lib/gcc/arm-none-eabi/4.9.3/../../../../arm-none-eabi/lib/armv7-m/libm.a(lib_a-e_pow.o)
 .rodata.dp_l   0x0000f2a8       0x10 /usr/bin/../lib/gcc/arm-none-eabi/4.9.3/../../../../arm-none-eabi/lib/armv7-m/libm.a(lib_a-e_pow.o)
 .rodata.bp     0x0000f2b8       0x10 /usr/bin/../lib/gcc/arm-none-eabi/4.9.3/../../../../arm-none-eabi/lib/armv7-m/libm.a(lib_a-e_pow.o)
 .rodata.TWO52  0x0000f2c8       0x10 /usr/bin/../lib/gcc/arm-none-eabi/4.9.3/../../../../arm-none-eabi/lib/armv7-m/libm.a(lib_a-s_rint.o)
 .rodata.autostart_processes
                0x0000f2d8        0x8 er-example-server.co
                0x0000f2d8                autostart_processes
 .rodata.coap_rest_implementation