Archive member included because of file (symbol)

contiki-srf06-cc26xx.a(contiki-main.o)
                              obj_srf06-cc26xx/startup_gcc.o (main)
contiki-srf06-cc26xx.a(sensors.o)
                              contiki-srf06-cc26xx.a(contiki-main.o) (sensors_process)
contiki-srf06-cc26xx.a(leds.o)
                              contiki-srf06-cc26xx.a(contiki-main.o) (leds_init)
contiki-srf06-cc26xx.a(leds-arch.o)
                              contiki-srf06-cc26xx.a(leds.o) (leds_arch_init)
contiki-srf06-cc26xx.a(sensortag-senso)
                              contiki-srf06-cc26xx.a(sensors.o) (sensors_flags)
contiki-srf06-cc26xx.a(bmp-280-sensor.)
                              contiki-srf06-cc26xx.a(sensortag-senso) (bmp_280_sensor)
contiki-srf06-cc26xx.a(tmp-007-sensor.)
                              contiki-srf06-cc26xx.a(sensortag-senso) (tmp_007_sensor)
contiki-srf06-cc26xx.a(opt-3001-sensor)
                              udp-server.co (opt_3001_sensor)
contiki-srf06-cc26xx.a(hdc-1000-sensor)
                              contiki-srf06-cc26xx.a(sensortag-senso) (hdc_1000_sensor)
contiki-srf06-cc26xx.a(mpu-9250-sensor)
                              contiki-srf06-cc26xx.a(sensortag-senso) (mpu_9250_sensor)
contiki-srf06-cc26xx.a(button-sensor.o)
                              contiki-srf06-cc26xx.a(sensortag-senso) (button_right_sensor)
contiki-srf06-cc26xx.a(reed-relay.o)
                              contiki-srf06-cc26xx.a(sensortag-senso) (reed_relay_sensor)
contiki-srf06-cc26xx.a(board.o)
                              contiki-srf06-cc26xx.a(contiki-main.o) (board_init)
contiki-srf06-cc26xx.a(board-i2c.o)
                              contiki-srf06-cc26xx.a(board.o) (board_i2c_wakeup)
contiki-srf06-cc26xx.a(clock.o)
                              contiki-srf06-cc26xx.a(contiki-main.o) (clock_init)
contiki-srf06-cc26xx.a(rtimer-arch.o)
                              contiki-srf06-cc26xx.a(mpu-9250-sensor) (rtimer_arch_now)
contiki-srf06-cc26xx.a(soc-rtc.o)
                              contiki-srf06-cc26xx.a(contiki-main.o) (soc_rtc_init)
contiki-srf06-cc26xx.a(contiki-watchdo)
                              contiki-srf06-cc26xx.a(contiki-main.o) (watchdog_init)
contiki-srf06-cc26xx.a(putchar.o)
                              contiki-srf06-cc26xx.a(contiki-main.o) (putchar)
contiki-srf06-cc26xx.a(ieee-addr.o)
                              contiki-srf06-cc26xx.a(contiki-main.o) (ieee_addr_cpy_to)
contiki-srf06-cc26xx.a(cc26xx-uart.o)
                              contiki-srf06-cc26xx.a(contiki-main.o) (cc26xx_uart_init)
contiki-srf06-cc26xx.a(lpm.o)
                              contiki-srf06-cc26xx.a(button-sensor.o) (lpm_shutdown)
contiki-srf06-cc26xx.a(gpio-interrupt.)
                              contiki-srf06-cc26xx.a(button-sensor.o) (gpio_interrupt_register_handler)
contiki-srf06-cc26xx.a(oscillators.o)
                              contiki-srf06-cc26xx.a(contiki-main.o) (oscillators_select_lf_xosc)
contiki-srf06-cc26xx.a(ieee-mode.o)
                              contiki-srf06-cc26xx.a(contiki-main.o) (ieee_mode_driver)
contiki-srf06-cc26xx.a(dbg-printf.o)
                              udp-server.co (printf)
contiki-srf06-cc26xx.a(strformat.o)
                              contiki-srf06-cc26xx.a(dbg-printf.o) (format_str_v)
contiki-srf06-cc26xx.a(autostart.o)
                              contiki-srf06-cc26xx.a(contiki-main.o) (autostart_start)
contiki-srf06-cc26xx.a(ctimer.o)
                              contiki-srf06-cc26xx.a(contiki-main.o) (ctimer_init)
contiki-srf06-cc26xx.a(energest.o)
                              contiki-srf06-cc26xx.a(contiki-main.o) (energest_init)
contiki-srf06-cc26xx.a(etimer.o)
                              contiki-srf06-cc26xx.a(clock.o) (etimer_request_poll)
contiki-srf06-cc26xx.a(process.o)
                              contiki-srf06-cc26xx.a(sensors.o) (process_alloc_event)
contiki-srf06-cc26xx.a(rtimer.o)
                              contiki-srf06-cc26xx.a(contiki-main.o) (rtimer_init)
contiki-srf06-cc26xx.a(timer.o)
                              contiki-srf06-cc26xx.a(button-sensor.o) (timer_set)
contiki-srf06-cc26xx.a(serial-line.o)
                              contiki-srf06-cc26xx.a(contiki-main.o) (serial_line_init)
contiki-srf06-cc26xx.a(list.o)
                              contiki-srf06-cc26xx.a(lpm.o) (list_init)
contiki-srf06-cc26xx.a(random.o)
                              contiki-srf06-cc26xx.a(contiki-main.o) (random_init)
contiki-srf06-cc26xx.a(ringbuf.o)
                              contiki-srf06-cc26xx.a(serial-line.o) (ringbuf_init)
contiki-srf06-cc26xx.a(sicslowpan.o)
                              contiki-srf06-cc26xx.a(contiki-main.o) (sicslowpan_driver)
contiki-srf06-cc26xx.a(uip6.o)
                              udp-server.co (uip_aligned_buf)
contiki-srf06-cc26xx.a(uip-ds6.o)
                              contiki-srf06-cc26xx.a(uip6.o) (uip_ds6_is_addr_onlink)
contiki-srf06-cc26xx.a(uip-ds6-nbr.o)
[...]
Memory Configuration

Name             Origin             Length             Attributes
FLASH            0x00000000         0x0001ffa8         xr
FLASH_CCFG       0x0001ffa8         0x00000058         xr
SRAM             0x20000000         0x00005000         xrw
GPRAM            0x11000000         0x00002000         xrw
*default*        0x00000000         0xffffffff

Linker script and memory map

LOAD obj_srf06-cc26xx/fault-handlers.o
LOAD obj_srf06-cc26xx/ccfg.o
LOAD obj_srf06-cc26xx/startup_gcc.o
LOAD udp-server.co
LOAD contiki-srf06-cc26xx.a
LOAD /usr/bin/../lib/gcc/arm-none-eabi/4.9.3/../../../../arm-none-eabi/lib/armv7-m/libm.a
START GROUP
LOAD /usr/bin/../lib/gcc/arm-none-eabi/4.9.3/armv7-m/libgcc.a
LOAD /usr/bin/../lib/gcc/arm-none-eabi/4.9.3/../../../../arm-none-eabi/lib/armv7-m/libc.a
END GROUP
                0x20005000                _estack = (ORIGIN (SRAM) + 0x5000)
                0x00000000                _Min_Heap_Size = 0x0
                0x00000100                _Min_Stack_Size = 0x100

.text           0x00000000    0x11f2c
                0x00000000                _text = .
 *(SORT(.vectors))
 .vectors       0x00000000       0xc8 obj_srf06-cc26xx/startup_gcc.o
                0x00000000                gVectors
 *(SORT(.text*))
 .text.value    0x000000c8       0xb0 contiki-srf06-cc26xx.a(opt-3001-sensor)
 .text.value    0x00000178       0x9c contiki-srf06-cc26xx.a(hdc-1000-sensor)
 *fill*         0x00000214        0x4 00000000
 .text.value    0x00000218      0x1b4 contiki-srf06-cc26xx.a(mpu-9250-sensor)
 *fill*         0x000003cc        0x4 00000000
 .text.__ieee754_pow
                0x000003d0      0xaa0 /usr/bin/../lib/gcc/arm-none-eabi/4.9.3/../../../../arm-none-eabi/lib/armv7-m/libm.a(lib_a-e_pow.o)
                0x000003d0                __ieee754_pow
 .text.scalbn   0x00000e70       0xec /usr/bin/../lib/gcc/arm-none-eabi/4.9.3/../../../../arm-none-eabi/lib/armv7-m/libm.a(lib_a-s_scalbn.o)
                0x00000e70                scalbn
 .text.FaultISR
                0x00000f5c       0x18 obj_srf06-cc26xx/fault-handlers.o
                0x00000f5c                FaultISR
 .text.NmiSRHandler
                0x00000f74        0x4 obj_srf06-cc26xx/startup_gcc.o
                0x00000f74                NmiSR
 .text.IntDefaultHandler
                0x00000f78        0x4 obj_srf06-cc26xx/startup_gcc.o
                0x00000f78                TRNGIntHandler
                0x00000f78                SSI0IntHandler
                0x00000f78                SWEvent0IntHandler
                0x00000f78                uDMAIntHandler
                0x00000f78                WatchdogIntHandler
                0x00000f78                RFCHardwareIntHandler
                0x00000f78                Timer1BIntHandler
                0x00000f78                I2SIntHandler
                0x00000f78                Timer2BIntHandler
                0x00000f78                Timer2AIntHandler
                0x00000f78                Timer1AIntHandler
                0x00000f78                AONIntHandler
                0x00000f78                AUXSWEvent0IntHandler
                0x00000f78                AUXADCIntHandler
                0x00000f78                PendSVIntHandler
                0x00000f78                AUXSWEvent1IntHandler
                0x00000f78                SVCallIntHandler
                0x00000f78                MPUFaultIntHandler
                0x00000f78                SysTickIntHandler
                0x00000f78                BusFaultIntHandler
                0x00000f78                AONProgIntHandler
                0x00000f78                AUXCompAIntHandler
                0x00000f78                SSI1IntHandler
                0x00000f78                FlashIntHandler
                0x00000f78                uDMAErrIntHandler
                0x00000f78                UsageFaultIntHandler
                0x00000f78                RFCCmdAckIntHandler
                0x00000f78                CryptoIntHandler
                0x00000f78                Timer0AIntHandler
                0x00000f78                I2CIntHandler
                0x00000f78                DebugMonIntHandler
                0x00000f78                Timer0BIntHandler
                0x00000f78                AUXCombEventIntHandler
                0x00000f78                Timer3AIntHandler
                0x00000f78                DynProgIntHandler
                0x00000f78                Timer3BIntHandler
 .text.ResetISR
                0x00000f7c       0x5c obj_srf06-cc26xx/startup_gcc.o
                0x00000f7c                ResetISR
 .text.process_thread_udp_server_process
                0x00000fd8      0x1c0 udp-server.co
 .text.light_reading
                0x00001198       0x94 udp-server.co
 .text.fade     0x0000122c       0x64 contiki-srf06-cc26xx.a(contiki-main.o)
 .text.startup.main
                0x00001290      0x1e4 contiki-srf06-cc26xx.a(contiki-main.o)
                0x00001290                main
 .text.process_thread_sensors_process
                0x00001474       0xf8 contiki-srf06-cc26xx.a(sensors.o)
 .text.sensors_changed
                0x0000156c       0x50 contiki-srf06-cc26xx.a(sensors.o)
                0x0000156c                sensors_changed
 .text.leds_init
                0x000015bc       0x14 contiki-srf06-cc26xx.a(leds.o)
                0x000015bc                leds_init
 .text.leds_on  0x000015d0       0x14 contiki-srf06-cc26xx.a(leds.o)
                0x000015d0                leds_on
 .text.leds_off
                0x000015e4       0x14 contiki-srf06-cc26xx.a(leds.o)
                0x000015e4                leds_off
 .text.leds_arch_init
                0x000015f8       0x38 contiki-srf06-cc26xx.a(leds-arch.o)
                0x000015f8                leds_arch_init
 .text.leds_arch_set
                0x00001630       0x34 contiki-srf06-cc26xx.a(leds-arch.o)
                0x00001630                leds_arch_set
 .text.status   0x00001664       0x14 contiki-srf06-cc26xx.a(bmp-280-sensor.)
 .text.notify_ready
                0x00001678       0x14 contiki-srf06-cc26xx.a(bmp-280-sensor.)
 .text.enable_sensor
                0x0000168c       0x2c contiki-srf06-cc26xx.a(bmp-280-sensor.)
 .text.configure
                0x000016b8       0x94 contiki-srf06-cc26xx.a(bmp-280-sensor.)
 .text.value    0x0000174c      0x15c contiki-srf06-cc26xx.a(bmp-280-sensor.)
 .text.status   0x000018a8       0x14 contiki-srf06-cc26xx.a(tmp-007-sensor.)
 .text.notify_ready
                0x000018bc       0x14 contiki-srf06-cc26xx.a(tmp-007-sensor.)
 .text.enable_sensor
                0x000018d0       0x2c contiki-srf06-cc26xx.a(tmp-007-sensor.)
 .text.configure
                0x000018fc       0x94 contiki-srf06-cc26xx.a(tmp-007-sensor.)
 .text.value    0x00001990       0xec contiki-srf06-cc26xx.a(tmp-007-sensor.)
 .text.status   0x00001a7c        0xc contiki-srf06-cc26xx.a(opt-3001-sensor)
 .text.enable_sensor
                0x00001a88       0x44 contiki-srf06-cc26xx.a(opt-3001-sensor)
 .text.notify_ready
                0x00001acc       0x54 contiki-srf06-cc26xx.a(opt-3001-sensor)
 .text.configure
                0x00001b20       0x4c contiki-srf06-cc26xx.a(opt-3001-sensor)
 .text.status   0x00001b6c       0x14 contiki-srf06-cc26xx.a(hdc-1000-sensor)
 .text.notify_ready
                0x00001b80       0x60 contiki-srf06-cc26xx.a(hdc-1000-sensor)
 .text.configure
                0x00001be0       0xb8 contiki-srf06-cc26xx.a(hdc-1000-sensor)
 .text.acc_convert
                0x00001c98       0x70 contiki-srf06-cc26xx.a(mpu-9250-sensor)
 .text.status   0x00001d08       0x14 contiki-srf06-cc26xx.a(mpu-9250-sensor)
 .text.notify_ready
                0x00001d1c       0x14 contiki-srf06-cc26xx.a(mpu-9250-sensor)
 .text.sensor_sleep
                0x00001d30       0x38 contiki-srf06-cc26xx.a(mpu-9250-sensor)
 .text.configure
                0x00001d68       0xdc contiki-srf06-cc26xx.a(mpu-9250-sensor)
 .text.int_status
                0x00001e44       0x28 contiki-srf06-cc26xx.a(mpu-9250-sensor)
 .text.initialise
                0x00001e6c       0xfc contiki-srf06-cc26xx.a(mpu-9250-sensor)
 .text.status.part.0
                0x00001f68       0x14 contiki-srf06-cc26xx.a(button-sensor.o)
 .text.value_left
                0x00001f7c       0x24 contiki-srf06-cc26xx.a(button-sensor.o)
 .text.value_right
                0x00001fa0       0x18 contiki-srf06-cc26xx.a(button-sensor.o)
 .text.status_left
                0x00001fb8       0x10 contiki-srf06-cc26xx.a(button-sensor.o)
 .text.status_right
                0x00001fc8       0x10 contiki-srf06-cc26xx.a(button-sensor.o)
 .text.config_buttons
                0x00001fd8       0x8c contiki-srf06-cc26xx.a(button-sensor.o)
 .text.config_left
                0x00002064        0xc contiki-srf06-cc26xx.a(button-sensor.o)
 .text.config_right
                0x00002070        0xc contiki-srf06-cc26xx.a(button-sensor.o)
 .text.button_press_handler
                0x0000207c       0x64 contiki-srf06-cc26xx.a(button-sensor.o)
 .text.value    0x000020e0       0x10 contiki-srf06-cc26xx.a(reed-relay.o)
 .text.status   0x000020f0       0x20 contiki-srf06-cc26xx.a(reed-relay.o)
 .text.configure
                0x00002110       0x6c contiki-srf06-cc26xx.a(reed-relay.o)
 .text.reed_interrupt_handler
                0x0000217c       0x28 contiki-srf06-cc26xx.a(reed-relay.o)
 .text.power_domains_on
                0x000021a4       0x20 contiki-srf06-cc26xx.a(board.o)
 .text.lpm_wakeup_handler
                0x000021c4        0x4 contiki-srf06-cc26xx.a(board.o)
 .text.shutdown_handler
                0x000021c8       0x68 contiki-srf06-cc26xx.a(board.o)
 .text.board_init
                0x00002230      0x118 contiki-srf06-cc26xx.a(board.o)
                0x00002230                board_init
 .text.i2c_status
                0x00002348       0x34 contiki-srf06-cc26xx.a(board-i2c.o)
 .text.accessible
                0x0000237c       0x24 contiki-srf06-cc26xx.a(board-i2c.o)
 .text.board_i2c_wakeup
                0x000023a0       0x5c contiki-srf06-cc26xx.a(board-i2c.o)
                0x000023a0                board_i2c_wakeup
 .text.board_i2c_shutdown
                0x000023fc       0xa4 contiki-srf06-cc26xx.a(board-i2c.o)
                0x000023fc                board_i2c_shutdown
 .text.board_i2c_write
                0x000024a0       0xc0 contiki-srf06-cc26xx.a(board-i2c.o)
                0x000024a0                board_i2c_write
 .text.board_i2c_write_single
                0x00002560       0x44 contiki-srf06-cc26xx.a(board-i2c.o)
                0x00002560                board_i2c_write_single
 .text.board_i2c_read
                0x000025a4       0xb4 contiki-srf06-cc26xx.a(board-i2c.o)
                0x000025a4                board_i2c_read
 .text.board_i2c_write_read
                0x00002658      0x138 contiki-srf06-cc26xx.a(board-i2c.o)
                0x00002658                board_i2c_write_read
 .text.board_i2c_select
                0x00002790       0xdc contiki-srf06-cc26xx.a(board-i2c.o)
                0x00002790                board_i2c_select
 .text.power_domain_on
                0x0000286c       0x20 contiki-srf06-cc26xx.a(clock.o)
 .text.clock_init
                0x0000288c       0x90 contiki-srf06-cc26xx.a(clock.o)
                0x0000288c                clock_init
 .text.clock_time
                0x0000291c       0x34 contiki-srf06-cc26xx.a(clock.o)
                0x0000291c                clock_time
 .text.clock_update
                0x00002950       0x3c contiki-srf06-cc26xx.a(clock.o)
                0x00002950                clock_update
 .text.clock_seconds
                0x0000298c       0x18 contiki-srf06-cc26xx.a(clock.o)
                0x0000298c                clock_seconds
 .text.rtimer_arch_init
                0x000029a4        0x4 contiki-srf06-cc26xx.a(rtimer-arch.o)
                0x000029a4                rtimer_arch_init
 .text.rtimer_arch_schedule
                0x000029a8        0x8 contiki-srf06-cc26xx.a(rtimer-arch.o)
                0x000029a8                rtimer_arch_schedule
 .text.rtimer_arch_now
                0x000029b0        0x4 contiki-srf06-cc26xx.a(rtimer-arch.o)
                0x000029b0                rtimer_arch_now
 .text.soc_rtc_init
                0x000029b4       0x94 contiki-srf06-cc26xx.a(soc-rtc.o)
                0x000029b4                soc_rtc_init
 .text.soc_rtc_get_next_trigger
                0x00002a48       0x28 contiki-srf06-cc26xx.a(soc-rtc.o)
                0x00002a48                soc_rtc_get_next_trigger
 .text.soc_rtc_schedule_one_shot
                0x00002a70       0x4c contiki-srf06-cc26xx.a(soc-rtc.o)
                0x00002a70                soc_rtc_schedule_one_shot
 .text.soc_rtc_last_isr_time
                0x00002abc        0xc contiki-srf06-cc26xx.a(soc-rtc.o)
                0x00002abc                soc_rtc_last_isr_time
 .text.AONRTCIntHandler
                0x00002ac8       0x68 contiki-srf06-cc26xx.a(soc-rtc.o)
                0x00002ac8                AONRTCIntHandler
 .text.lock_config
                0x00002b30       0x18 contiki-srf06-cc26xx.a(contiki-watchdo)
 .text.unlock_config
                0x00002b48       0x2c contiki-srf06-cc26xx.a(contiki-watchdo)
 .text.watchdog_init
                0x00002b74       0x1c contiki-srf06-cc26xx.a(contiki-watchdo)
                0x00002b74                watchdog_init
 .text.watchdog_start
                0x00002b90       0x30 contiki-srf06-cc26xx.a(contiki-watchdo)
                0x00002b90                watchdog_start
 .text.watchdog_periodic
                0x00002bc0       0x1c contiki-srf06-cc26xx.a(contiki-watchdo)
                0x00002bc0                watchdog_periodic
 .text.putchar  0x00002bdc       0x10 contiki-srf06-cc26xx.a(putchar.o)
                0x00002bdc                putchar
 .text.puts     0x00002bec       0x30 contiki-srf06-cc26xx.a(putchar.o)
                0x00002bec                puts
 .text.dbg_send_bytes
                0x00002c1c       0x40 contiki-srf06-cc26xx.a(putchar.o)
                0x00002c1c                dbg_send_bytes
 .text.ieee_addr_cpy_to
                0x00002c5c       0x40 contiki-srf06-cc26xx.a(ieee-addr.o)
                0x00002c5c                ieee_addr_cpy_to
 .text.power_and_clock
                0x00002c9c       0x40 contiki-srf06-cc26xx.a(cc26xx-uart.o)
 .text.enable   0x00002cdc       0xf4 contiki-srf06-cc26xx.a(cc26xx-uart.o)
 .text.accessible
                0x00002dd0       0x24 contiki-srf06-cc26xx.a(cc26xx-uart.o)
 .text.lpm_drop_handler
                0x00002df4       0xcc contiki-srf06-cc26xx.a(cc26xx-uart.o)
 .text.cc26xx_uart_init
                0x00002ec0       0x28 contiki-srf06-cc26xx.a(cc26xx-uart.o)
                0x00002ec0                cc26xx_uart_init
 .text.cc26xx_uart_write_byte
                0x00002ee8       0x28 contiki-srf06-cc26xx.a(cc26xx-uart.o)
                0x00002ee8                cc26xx_uart_write_byte
 .text.cc26xx_uart_busy
                0x00002f10       0x18 contiki-srf06-cc26xx.a(cc26xx-uart.o)
                0x00002f10                cc26xx_uart_busy
 .text.UART0IntHandler
                0x00002f28       0x54 contiki-srf06-cc26xx.a(cc26xx-uart.o)
                0x00002f28                UART0IntHandler
 .text.lpm_shutdown
                0x00002f7c      0x1b8 contiki-srf06-cc26xx.a(lpm.o)
                0x00002f7c                lpm_shutdown
 .text.lpm_drop
                0x00003134      0x1fc contiki-srf06-cc26xx.a(lpm.o)
                0x00003134                lpm_drop
 .text.lpm_sleep
                0x00003330       0x14 contiki-srf06-cc26xx.a(lpm.o)
                0x00003330                lpm_sleep
 .text.lpm_register_module
                0x00003344        0xc contiki-srf06-cc26xx.a(lpm.o)
                0x00003344                lpm_register_module
 .text.lpm_unregister_module
                0x00003350        0xc contiki-srf06-cc26xx.a(lpm.o)
                0x00003350                lpm_unregister_module
 .text.lpm_init
                0x0000335c       0x20 contiki-srf06-cc26xx.a(lpm.o)
                0x0000335c                lpm_init
 .text.lpm_pin_set_default_state
                0x0000337c       0x30 contiki-srf06-cc26xx.a(lpm.o)
                0x0000337c                lpm_pin_set_default_state
 .text.gpio_interrupt_register_handler
                0x000033ac       0x2c contiki-srf06-cc26xx.a(gpio-interrupt.)
                0x000033ac                gpio_interrupt_register_handler
 .text.gpio_interrupt_init
                0x000033d8       0x24 contiki-srf06-cc26xx.a(gpio-interrupt.)
                0x000033d8                gpio_interrupt_init
 .text.GPIOIntHandler
                0x000033fc       0x30 contiki-srf06-cc26xx.a(gpio-interrupt.)
                0x000033fc                GPIOIntHandler
 .text.osc_interface_dis
                0x0000342c       0x28 contiki-srf06-cc26xx.a(oscillators.o)
 .text.osc_interface_en
                0x00003454       0x30 contiki-srf06-cc26xx.a(oscillators.o)
 .text.oscillators_select_lf_xosc
                0x00003484       0x48 contiki-srf06-cc26xx.a(oscillators.o)
                0x00003484                oscillators_select_lf_xosc
 .text.oscillators_select_lf_rcosc
                0x000034cc       0x30 contiki-srf06-cc26xx.a(oscillators.o)
                0x000034cc                oscillators_select_lf_rcosc
 .text.oscillators_request_hf_xosc
                0x000034fc       0x24 contiki-srf06-cc26xx.a(oscillators.o)
                0x000034fc                oscillators_request_hf_xosc
 .text.oscillators_switch_to_hf_xosc
                0x00003520       0x28 contiki-srf06-cc26xx.a(oscillators.o)
                0x00003520                oscillators_switch_to_hf_xosc
 .text.oscillators_switch_to_hf_rc
                0x00003548       0x2c contiki-srf06-cc26xx.a(oscillators.o)
                0x00003548                oscillators_switch_to_hf_rc
 .text.request  0x00003574       0x20 contiki-srf06-cc26xx.a(ieee-mode.o)
 .text.rx_on    0x00003594       0x60 contiki-srf06-cc26xx.a(ieee-mode.o)
 .text.rf_radio_setup
                0x000035f4       0x74 contiki-srf06-cc26xx.a(ieee-mode.o)
 .text.soft_on  0x00003668       0x18 contiki-srf06-cc26xx.a(ieee-mode.o)
 .text.pending_packet
                0x00003680       0x34 contiki-srf06-cc26xx.a(ieee-mode.o)
 .text.prepare  0x000036b4       0x1c contiki-srf06-cc26xx.a(ieee-mode.o)
 .text.read_frame
                0x000036d0       0x58 contiki-srf06-cc26xx.a(ieee-mode.o)
 .text.soft_off
                0x00003728       0x3c contiki-srf06-cc26xx.a(ieee-mode.o)
 .text.get_object
                0x00003764       0x30 contiki-srf06-cc26xx.a(ieee-mode.o)
 .text.transmitting
                0x00003794       0x4c contiki-srf06-cc26xx.a(ieee-mode.o)
 .text.rx_off   0x000037e0       0x5c contiki-srf06-cc26xx.a(ieee-mode.o)
 .text.get_cca_info
                0x0000383c       0x44 contiki-srf06-cc26xx.a(ieee-mode.o)
 .text.off      0x00003880       0x4c contiki-srf06-cc26xx.a(ieee-mode.o)
 .text.receiving_packet
                0x000038cc       0x40 contiki-srf06-cc26xx.a(ieee-mode.o)
 .text.on       0x0000390c       0x9c contiki-srf06-cc26xx.a(ieee-mode.o)
 .text.set_value
                0x000039a8      0x158 contiki-srf06-cc26xx.a(ieee-mode.o)
 .text.get_value
                0x00003b00      0x138 contiki-srf06-cc26xx.a(ieee-mode.o)
 .text.transmit
                0x00003c38       0xbc contiki-srf06-cc26xx.a(ieee-mode.o)
 .text.send     0x00003cf4       0x24 contiki-srf06-cc26xx.a(ieee-mode.o)
 .text.set_object
                0x00003d18       0x68 contiki-srf06-cc26xx.a(ieee-mode.o)
 .text.channel_clear
                0x00003d80       0x68 contiki-srf06-cc26xx.a(ieee-mode.o)
 .text.init     0x00003de8       0xe0 contiki-srf06-cc26xx.a(ieee-mode.o)
 .text.write_str
                0x00003ec8       0x14 contiki-srf06-cc26xx.a(dbg-printf.o)
 .text.printf   0x00003edc       0x24 contiki-srf06-cc26xx.a(dbg-printf.o)
                0x00003edc                printf
 .text.fill_space
                0x00003f00       0x3c contiki-srf06-cc26xx.a(strformat.o)
 .text.format_str_v
                0x00003f3c      0x95c contiki-srf06-cc26xx.a(strformat.o)
                0x00003f3c                format_str_v
 .text.autostart_start
                0x00004898       0x18 contiki-srf06-cc26xx.a(autostart.o)
                0x00004898                autostart_start
 .text.process_thread_ctimer_process
                0x000048b0       0x94 contiki-srf06-cc26xx.a(ctimer.o)
 .text.ctimer_init
                0x00004944       0x28 contiki-srf06-cc26xx.a(ctimer.o)
                0x00004944                ctimer_init
 .text.ctimer_set_with_process
                0x0000496c       0x4c contiki-srf06-cc26xx.a(ctimer.o)
                0x0000496c                ctimer_set_with_process
 .text.ctimer_set
                0x000049b8       0x18 contiki-srf06-cc26xx.a(ctimer.o)
                0x000049b8                ctimer_set
 .text.ctimer_reset
                0x000049d0       0x38 contiki-srf06-cc26xx.a(ctimer.o)
                0x000049d0                ctimer_reset
 .text.ctimer_stop
                0x00004a08       0x34 contiki-srf06-cc26xx.a(ctimer.o)
                0x00004a08                ctimer_stop
 .text.energest_init
                0x00004a3c        0x4 contiki-srf06-cc26xx.a(energest.o)
                0x00004a3c                energest_init
 .text.update_time
                0x00004a40       0x44 contiki-srf06-cc26xx.a(etimer.o)
 .text.process_thread_etimer_process
                0x00004a84       0xc8 contiki-srf06-cc26xx.a(etimer.o)
 .text.add_timer
                0x00004b4c       0x54 contiki-srf06-cc26xx.a(etimer.o)
 .text.etimer_request_poll
                0x00004ba0        0xc contiki-srf06-cc26xx.a(etimer.o)
                0x00004ba0                etimer_request_poll
 .text.etimer_set
                0x00004bac       0x14 contiki-srf06-cc26xx.a(etimer.o)
                0x00004bac                etimer_set
 .text.etimer_reset
                0x00004bc0       0x14 contiki-srf06-cc26xx.a(etimer.o)
                0x00004bc0                etimer_reset
 .text.etimer_restart
                0x00004bd4       0x14 contiki-srf06-cc26xx.a(etimer.o)
                0x00004bd4                etimer_restart
 .text.etimer_expired
                0x00004be8        0xc contiki-srf06-cc26xx.a(etimer.o)
                0x00004be8                etimer_expired
 .text.etimer_expiration_time
                0x00004bf4        0x8 contiki-srf06-cc26xx.a(etimer.o)
                0x00004bf4                etimer_expiration_time
 .text.etimer_pending
                0x00004bfc       0x10 contiki-srf06-cc26xx.a(etimer.o)
                0x00004bfc                etimer_pending
 .text.etimer_next_expiration_time
                0x00004c0c       0x14 contiki-srf06-cc26xx.a(etimer.o)
                0x00004c0c                etimer_next_expiration_time
 .text.etimer_stop
                0x00004c20       0x4c contiki-srf06-cc26xx.a(etimer.o)
                0x00004c20                etimer_stop
 .text.exit_process
                0x00004c6c       0xb0 contiki-srf06-cc26xx.a(process.o)
 .text.call_process.part.0
                0x00004d1c       0x38 contiki-srf06-cc26xx.a(process.o)
 .text.do_poll  0x00004d54       0x3c contiki-srf06-cc26xx.a(process.o)
 .text.process_alloc_event
                0x00004d90       0x10 contiki-srf06-cc26xx.a(process.o)
                0x00004d90                process_alloc_event
 .text.process_exit
                0x00004da0        0xc contiki-srf06-cc26xx.a(process.o)
                0x00004da0                process_exit
 .text.process_init
                0x00004dac       0x34 contiki-srf06-cc26xx.a(process.o)
                0x00004dac                process_init
 .text.process_run
                0x00004de0       0xd8 contiki-srf06-cc26xx.a(process.o)
                0x00004de0                process_run
 .text.process_nevents
                0x00004eb8       0x14 contiki-srf06-cc26xx.a(process.o)
                0x00004eb8                process_nevents
 .text.process_post
                0x00004ecc       0x50 contiki-srf06-cc26xx.a(process.o)
                0x00004ecc                process_post
 .text.process_post_synch
                0x00004f1c       0x18 contiki-srf06-cc26xx.a(process.o)
                0x00004f1c                process_post_synch
 .text.process_start
                0x00004f34       0x40 contiki-srf06-cc26xx.a(process.o)
                0x00004f34                process_start
 .text.process_poll
                0x00004f74       0x18 contiki-srf06-cc26xx.a(process.o)
                0x00004f74                process_poll
 .text.rtimer_init
                0x00004f8c        0x4 contiki-srf06-cc26xx.a(rtimer.o)
                0x00004f8c                rtimer_init
 .text.rtimer_set
                0x00004f90       0x2c contiki-srf06-cc26xx.a(rtimer.o)
                0x00004f90                rtimer_set
 .text.rtimer_run_next
                0x00004fbc       0x28 contiki-srf06-cc26xx.a(rtimer.o)
                0x00004fbc                rtimer_run_next
 .text.timer_set
                0x00004fe4       0x10 contiki-srf06-cc26xx.a(timer.o)
                0x00004fe4                timer_set
 .text.timer_reset
                0x00004ff4        0xc contiki-srf06-cc26xx.a(timer.o)
                0x00004ff4                timer_reset
 .text.timer_restart
                0x00005000        0xc contiki-srf06-cc26xx.a(timer.o)
                0x00005000                timer_restart
 .text.timer_expired
                0x0000500c       0x1c contiki-srf06-cc26xx.a(timer.o)
                0x0000500c                timer_expired
 .text.process_thread_serial_line_process
                0x00005028       0xac contiki-srf06-cc26xx.a(serial-line.o)
 .text.serial_line_init
                0x000050d4       0x24 contiki-srf06-cc26xx.a(serial-line.o)
                0x000050d4                serial_line_init
 .text.list_init
                0x000050f8        0x8 contiki-srf06-cc26xx.a(list.o)
                0x000050f8                list_init
 .text.list_head
                0x00005100        0x4 contiki-srf06-cc26xx.a(list.o)
                0x00005100                list_head
 .text.list_tail
                0x00005104       0x14 contiki-srf06-cc26xx.a(list.o)
                0x00005104                list_tail
 .text.list_add
                0x00005118       0x48 contiki-srf06-cc26xx.a(list.o)
                0x00005118                list_add
 .text.list_push
                0x00005160       0x40 contiki-srf06-cc26xx.a(list.o)
                0x00005160                list_push
 .text.list_remove
                0x000051a0       0x2c contiki-srf06-cc26xx.a(list.o)
                0x000051a0                list_remove
 .text.list_length
                0x000051cc       0x14 contiki-srf06-cc26xx.a(list.o)
                0x000051cc                list_length
 .text.list_item_next
                0x000051e0        0x8 contiki-srf06-cc26xx.a(list.o)
                0x000051e0                list_item_next
 .text.random_init
                0x000051e8        0x4 contiki-srf06-cc26xx.a(random.o)
                0x000051e8                random_init
 .text.random_rand
                0x000051ec        0xc contiki-srf06-cc26xx.a(random.o)
                0x000051ec                random_rand
 .text.ringbuf_init
                0x000051f8       0x10 contiki-srf06-cc26xx.a(ringbuf.o)
                0x000051f8                ringbuf_init
 .text.ringbuf_get
                0x00005208       0x28 contiki-srf06-cc26xx.a(ringbuf.o)
                0x00005208                ringbuf_get
 .text.sicslowpan_init
                0x00005230       0x24 contiki-srf06-cc26xx.a(sicslowpan.o)
                0x00005230                sicslowpan_init
 .text.set_packet_attrs
                0x00005254       0x4c contiki-srf06-cc26xx.a(sicslowpan.o)
 .text.compress_addr_64
                0x000052a0       0x9c contiki-srf06-cc26xx.a(sicslowpan.o)
 .text.addr_context_lookup_by_prefix
                0x0000533c       0x28 contiki-srf06-cc26xx.a(sicslowpan.o)
 .text.send_packet
                0x00005364       0x24 contiki-srf06-cc26xx.a(sicslowpan.o)
 .text.packet_sent
                0x00005388       0x28 contiki-srf06-cc26xx.a(sicslowpan.o)
 .text.store_fragment
                0x000053b0       0x68 contiki-srf06-cc26xx.a(sicslowpan.o)
 .text.add_fragment
                0x00005418      0x19c contiki-srf06-cc26xx.a(sicslowpan.o)
 .text.uncompress_addr
                0x000055b4       0xb8 contiki-srf06-cc26xx.a(sicslowpan.o)
 .text.input    0x0000566c      0x654 contiki-srf06-cc26xx.a(sicslowpan.o)
 .text.output   0x00005cc0      0x738 contiki-srf06-cc26xx.a(sicslowpan.o)
 .text.chksum   0x000063f8       0x50 contiki-srf06-cc26xx.a(uip6.o)
 .text.upper_layer_chksum
                0x00006448       0x58 contiki-srf06-cc26xx.a(uip6.o)
 .text.ext_hdr_options_process
                0x000064a0       0xc8 contiki-srf06-cc26xx.a(uip6.o)
 .text.uip_add32
                0x00006568       0x58 contiki-srf06-cc26xx.a(uip6.o)
                0x00006568                uip_add32
 .text.unlikely.uip_add_rcv_nxt
                0x000065c0       0x2c contiki-srf06-cc26xx.a(uip6.o)
 .text.uip_icmp6chksum
                0x000065ec        0x8 contiki-srf06-cc26xx.a(uip6.o)
                0x000065ec                uip_icmp6chksum
 .text.uip_init
                0x000065f4       0x64 contiki-srf06-cc26xx.a(uip6.o)
                0x000065f4                uip_init
 .text.remove_ext_hdr
                0x00006658       0x60 contiki-srf06-cc26xx.a(uip6.o)
                0x00006658                remove_ext_hdr
 .text.uip_udp_new
                0x000066b8       0xd4 contiki-srf06-cc26xx.a(uip6.o)
                0x000066b8                uip_udp_new
 .text.uip_unlisten
                0x0000678c       0x44 contiki-srf06-cc26xx.a(uip6.o)
                0x0000678c                uip_unlisten
 .text.uip_process
                0x000067d0     0x119c contiki-srf06-cc26xx.a(uip6.o)
                0x000067d0                uip_process
 .text.uip_htons
                0x0000796c        0x8 contiki-srf06-cc26xx.a(uip6.o)
                0x0000796c                uip_htons
 .text.uip_htonl
                0x00007974       0x14 contiki-srf06-cc26xx.a(uip6.o)
                0x00007974                uip_htonl
 .text.uip_ds6_list_loop
                0x00007988       0x60 contiki-srf06-cc26xx.a(uip-ds6.o)
                0x00007988                uip_ds6_list_loop
 .text.uip_ds6_prefix_add
                0x000079e8       0x6c contiki-srf06-cc26xx.a(uip-ds6.o)
                0x000079e8                uip_ds6_prefix_add
 .text.uip_ds6_is_addr_onlink
                0x00007a54       0x3c contiki-srf06-cc26xx.a(uip-ds6.o)
                0x00007a54                uip_ds6_is_addr_onlink
 .text.uip_ds6_addr_lookup
                0x00007a90       0x30 contiki-srf06-cc26xx.a(uip-ds6.o)
                0x00007a90                uip_ds6_addr_lookup
 .text.uip_ds6_get_link_local
                0x00007ac0       0x44 contiki-srf06-cc26xx.a(uip-ds6.o)
                0x00007ac0                uip_ds6_get_link_local
 .text.uip_ds6_maddr_add
                0x00007b04       0x50 contiki-srf06-cc26xx.a(uip-ds6.o)
                0x00007b04                uip_ds6_maddr_add
 .text.uip_ds6_addr_add
                0x00007b54       0xa8 contiki-srf06-cc26xx.a(uip-ds6.o)
                0x00007b54                uip_ds6_addr_add
 .text.uip_ds6_maddr_lookup
                0x00007bfc       0x30 contiki-srf06-cc26xx.a(uip-ds6.o)
                0x00007bfc                uip_ds6_maddr_lookup
 .text.uip_ds6_addr_rm
                0x00007c2c       0x48 contiki-srf06-cc26xx.a(uip-ds6.o)
                0x00007c2c                uip_ds6_addr_rm
 .text.uip_ds6_periodic
                0x00007c74       0x60 contiki-srf06-cc26xx.a(uip-ds6.o)
                0x00007c74                uip_ds6_periodic
 .text.uip_ds6_select_src
                0x00007cd4       0xf4 contiki-srf06-cc26xx.a(uip-ds6.o)
                0x00007cd4                uip_ds6_select_src
 .text.uip_ds6_set_addr_iid
                0x00007dc8       0x14 contiki-srf06-cc26xx.a(uip-ds6.o)
                0x00007dc8                uip_ds6_set_addr_iid
 .text.uip_ds6_compute_reachable_time
                0x00007ddc       0x28 contiki-srf06-cc26xx.a(uip-ds6.o)
                0x00007ddc                uip_ds6_compute_reachable_time
 .text.uip_ds6_init
                0x00007e04       0xf8 contiki-srf06-cc26xx.a(uip-ds6.o)
                0x00007e04                uip_ds6_init
 .text.uip_ds6_nbr_rm
                0x00007efc       0x20 contiki-srf06-cc26xx.a(uip-ds6-nbr.o)
                0x00007efc                uip_ds6_nbr_rm
 .text.uip_ds6_neighbors_init
                0x00007f1c       0x14 contiki-srf06-cc26xx.a(uip-ds6-nbr.o)
                0x00007f1c                uip_ds6_neighbors_init
 .text.uip_ds6_nbr_add
                0x00007f30       0x54 contiki-srf06-cc26xx.a(uip-ds6-nbr.o)
                0x00007f30                uip_ds6_nbr_add
 .text.uip_ds6_nbr_get_ll
                0x00007f84       0x10 contiki-srf06-cc26xx.a(uip-ds6-nbr.o)
                0x00007f84                uip_ds6_nbr_get_ll
 .text.uip_ds6_nbr_lookup
                0x00007f94       0x3c contiki-srf06-cc26xx.a(uip-ds6-nbr.o)
                0x00007f94                uip_ds6_nbr_lookup
 .text.uip_ds6_nbr_ipaddr_from_lladdr
                0x00007fd0       0x10 contiki-srf06-cc26xx.a(uip-ds6-nbr.o)
                0x00007fd0                uip_ds6_nbr_ipaddr_from_lladdr
 .text.uip_ds6_nbr_lladdr_from_ipaddr
                0x00007fe0       0x1c contiki-srf06-cc26xx.a(uip-ds6-nbr.o)
                0x00007fe0                uip_ds6_nbr_lladdr_from_ipaddr
 .text.uip_ds6_link_neighbor_callback
                0x00007ffc       0x2c contiki-srf06-cc26xx.a(uip-ds6-nbr.o)
                0x00007ffc                uip_ds6_link_neighbor_callback
 .text.uip_ds6_neighbor_periodic
                0x00008028      0x12c contiki-srf06-cc26xx.a(uip-ds6-nbr.o)
                0x00008028                uip_ds6_neighbor_periodic
 .text.call_route_callback
                0x00008154       0x50 contiki-srf06-cc26xx.a(uip-ds6-route.o)
 .text.uip_ds6_route_init
                0x000081a4       0x4c contiki-srf06-cc26xx.a(uip-ds6-route.o)
                0x000081a4                uip_ds6_route_init
 .text.uip_ds6_route_nexthop
                0x000081f0       0x1c contiki-srf06-cc26xx.a(uip-ds6-route.o)
                0x000081f0                uip_ds6_route_nexthop
 .text.uip_ds6_route_head
                0x0000820c        0xc contiki-srf06-cc26xx.a(uip-ds6-route.o)
                0x0000820c                uip_ds6_route_head
 .text.uip_ds6_route_next
                0x00008218        0x8 contiki-srf06-cc26xx.a(uip-ds6-route.o)
                0x00008218                uip_ds6_route_next
 .text.uip_ds6_route_lookup
                0x00008220       0x78 contiki-srf06-cc26xx.a(uip-ds6-route.o)
                0x00008220                uip_ds6_route_lookup
 .text.uip_ds6_route_rm
                0x00008298       0xac contiki-srf06-cc26xx.a(uip-ds6-route.o)
                0x00008298                uip_ds6_route_rm
 .text.rm_routelist
                0x00008344       0x38 contiki-srf06-cc26xx.a(uip-ds6-route.o)
 .text.rm_routelist_callback
                0x0000837c        0x4 contiki-srf06-cc26xx.a(uip-ds6-route.o)
 .text.uip_ds6_route_add
                0x00008380      0x134 contiki-srf06-cc26xx.a(uip-ds6-route.o)
                0x00008380                uip_ds6_route_add
 .text.uip_ds6_defrt_rm
                0x000084b4       0x48 contiki-srf06-cc26xx.a(uip-ds6-route.o)
                0x000084b4                uip_ds6_defrt_rm
 .text.uip_ds6_defrt_lookup
                0x000084fc       0x34 contiki-srf06-cc26xx.a(uip-ds6-route.o)
                0x000084fc                uip_ds6_defrt_lookup
 .text.uip_ds6_defrt_add
                0x00008530       0x5c contiki-srf06-cc26xx.a(uip-ds6-route.o)
                0x00008530                uip_ds6_defrt_add
 .text.uip_ds6_defrt_choose
                0x0000858c       0x34 contiki-srf06-cc26xx.a(uip-ds6-route.o)
                0x0000858c                uip_ds6_defrt_choose
 .text.uip_ds6_defrt_periodic
                0x000085c0       0x3c contiki-srf06-cc26xx.a(uip-ds6-route.o)
                0x000085c0                uip_ds6_defrt_periodic
 .text.echo_reply_input
                0x000085fc      0x110 contiki-srf06-cc26xx.a(uip-icmp6.o)
 .text.echo_request_input
                0x0000870c      0x118 contiki-srf06-cc26xx.a(uip-icmp6.o)
 .text.uip_icmp6_input
                0x00008824       0x3c contiki-srf06-cc26xx.a(uip-icmp6.o)
                0x00008824                uip_icmp6_input
 .text.uip_icmp6_register_input_handler
                0x00008860        0xc contiki-srf06-cc26xx.a(uip-icmp6.o)
                0x00008860                uip_icmp6_register_input_handler
 .text.uip_icmp6_error_output
                0x0000886c      0x158 contiki-srf06-cc26xx.a(uip-icmp6.o)
                0x0000886c                uip_icmp6_error_output
 .text.uip_icmp6_send
                0x000089c4       0x84 contiki-srf06-cc26xx.a(uip-icmp6.o)
                0x000089c4                uip_icmp6_send
 .text.uip_icmp6_init
                0x00008a48       0x24 contiki-srf06-cc26xx.a(uip-icmp6.o)
                0x00008a48                uip_icmp6_init
 .text.na_input
                0x00008a6c      0x1f4 contiki-srf06-cc26xx.a(uip-nd6.o)
 .text.ns_input
                0x00008c60      0x2b0 contiki-srf06-cc26xx.a(uip-nd6.o)
 .text.uip_nd6_ns_output
                0x00008f10      0x174 contiki-srf06-cc26xx.a(uip-nd6.o)
                0x00008f10                uip_nd6_ns_output
 .text.uip_nd6_init
                0x00009084       0x1c contiki-srf06-cc26xx.a(uip-nd6.o)
                0x00009084                uip_nd6_init
 .text.dns_name_isequal
                0x000090a0       0xac contiki-srf06-cc26xx.a(resolv.o)
 .text.encode_name
                0x0000914c       0x58 contiki-srf06-cc26xx.a(resolv.o)
 .text.mdns_write_announce_records
                0x000091a4       0xa0 contiki-srf06-cc26xx.a(resolv.o)
 .text.mdns_prep_host_announce_packet
                0x00009244       0xa0 contiki-srf06-cc26xx.a(resolv.o)
 .text.remove_trailing_dots
                0x000092e4       0x4c contiki-srf06-cc26xx.a(resolv.o)
 .text.resolv_found
                0x00009330       0xf8 contiki-srf06-cc26xx.a(resolv.o)
 .text.resolv_set_hostname
                0x00009428       0x68 contiki-srf06-cc26xx.a(resolv.o)
                0x00009428                resolv_set_hostname
 .text.process_thread_resolv_process
                0x00009490      0x8ec contiki-srf06-cc26xx.a(resolv.o)
 .text.resolv_query
                0x00009d7c      0x1a4 contiki-srf06-cc26xx.a(resolv.o)
                0x00009d7c                resolv_query
 .text.process_thread_mdns_probe_process
                0x00009f20       0xac contiki-srf06-cc26xx.a(resolv.o)
 .text.start_periodic_tcp_timer
                0x00009fcc       0x1c contiki-srf06-cc26xx.a(tcpip.o)
 .text.tcpip_set_outputfunc
                0x00009fe8        0xc contiki-srf06-cc26xx.a(tcpip.o)
                0x00009fe8                tcpip_set_outputfunc
 .text.udp_new  0x00009ff4       0x18 contiki-srf06-cc26xx.a(tcpip.o)
                0x00009ff4                udp_new
 .text.tcpip_icmp6_call
                0x0000a00c       0x28 contiki-srf06-cc26xx.a(tcpip.o)
                0x0000a00c                tcpip_icmp6_call
 .text.tcpip_input
                0x0000a034       0x24 contiki-srf06-cc26xx.a(tcpip.o)
                0x0000a034                tcpip_input
 .text.tcpip_ipv6_output
                0x0000a058      0x144 contiki-srf06-cc26xx.a(tcpip.o)
                0x0000a058                tcpip_ipv6_output
 .text.process_thread_tcpip_process
                0x0000a19c      0x208 contiki-srf06-cc26xx.a(tcpip.o)
 .text.tcpip_poll_udp
                0x0000a3a4       0x10 contiki-srf06-cc26xx.a(tcpip.o)
                0x0000a3a4                tcpip_poll_udp
 .text.tcpip_uipcall
                0x0000a3b4       0x90 contiki-srf06-cc26xx.a(tcpip.o)
                0x0000a3b4                tcpip_uipcall
 .text.uip_debug_ipaddr_print
                0x0000a444       0xb0 contiki-srf06-cc26xx.a(uip-debug.o)
                0x0000a444                uip_debug_ipaddr_print
 .text.uip_nameserver_get
                0x0000a4f4       0x10 contiki-srf06-cc26xx.a(uip-nameserver.)
                0x0000a4f4                uip_nameserver_get
 .text.uip_udp_packet_send
                0x0000a504       0x44 contiki-srf06-cc26xx.a(uip-udp-packet.)
                0x0000a504                uip_udp_packet_send
 .text.uip_udp_packet_sendto
                0x0000a548       0x48 contiki-srf06-cc26xx.a(uip-udp-packet.)
                0x0000a548                uip_udp_packet_sendto
 .text.rpl_get_mode
                0x0000a590        0xc contiki-srf06-cc26xx.a(rpl.o)
                0x0000a590                rpl_get_mode
 .text.rpl_purge_routes
                0x0000a59c       0x7c contiki-srf06-cc26xx.a(rpl.o)
                0x0000a59c                rpl_purge_routes
 .text.rpl_remove_routes
                0x0000a618       0x24 contiki-srf06-cc26xx.a(rpl.o)
                0x0000a618                rpl_remove_routes
 .text.rpl_remove_routes_by_nexthop
                0x0000a63c       0x40 contiki-srf06-cc26xx.a(rpl.o)
                0x0000a63c                rpl_remove_routes_by_nexthop
 .text.rpl_add_route
                0x0000a67c       0x2c contiki-srf06-cc26xx.a(rpl.o)
                0x0000a67c                rpl_add_route
 .text.rpl_link_neighbor_callback
                0x0000a6a8       0x78 contiki-srf06-cc26xx.a(rpl.o)
                0x0000a6a8                rpl_link_neighbor_callback
 .text.rpl_ipv6_neighbor_callback
                0x0000a720       0x30 contiki-srf06-cc26xx.a(rpl.o)
                0x0000a720                rpl_ipv6_neighbor_callback
 .text.rpl_purge_dags
                0x0000a750       0x40 contiki-srf06-cc26xx.a(rpl.o)
                0x0000a750                rpl_purge_dags
 .text.rpl_init
                0x0000a790       0x58 contiki-srf06-cc26xx.a(rpl.o)
                0x0000a790                rpl_init
 .text.lollipop_greater_than
                0x0000a7e8       0x3c contiki-srf06-cc26xx.a(rpl-dag.o)
 .text.rpl_set_preferred_parent
                0x0000a824       0x2c contiki-srf06-cc26xx.a(rpl-dag.o)
 .text.set_ip_from_prefix
                0x0000a850       0x2c contiki-srf06-cc26xx.a(rpl-dag.o)
 .text.check_prefix
                0x0000a87c       0x78 contiki-srf06-cc26xx.a(rpl-dag.o)
 .text.find_parent_any_dag_any_instance
                0x0000a8f4       0x1c contiki-srf06-cc26xx.a(rpl-dag.o)
 .text.rpl_get_nbr
                0x0000a910       0x28 contiki-srf06-cc26xx.a(rpl-dag.o)
                0x0000a910                rpl_get_nbr
 .text.rpl_dag_init
                0x0000a938       0x14 contiki-srf06-cc26xx.a(rpl-dag.o)
                0x0000a938                rpl_dag_init
 .text.rpl_get_parent
                0x0000a94c       0x10 contiki-srf06-cc26xx.a(rpl-dag.o)
                0x0000a94c                rpl_get_parent
 .text.rpl_get_parent_ipaddr
                0x0000a95c       0x18 contiki-srf06-cc26xx.a(rpl-dag.o)
                0x0000a95c                rpl_get_parent_ipaddr
 .text.rpl_repair_root
                0x0000a974       0x5c contiki-srf06-cc26xx.a(rpl-dag.o)
                0x0000a974                rpl_repair_root
 .text.rpl_set_prefix
                0x0000a9d0       0x98 contiki-srf06-cc26xx.a(rpl-dag.o)
                0x0000a9d0                rpl_set_prefix
 .text.rpl_set_default_route
                0x0000aa68       0x3c contiki-srf06-cc26xx.a(rpl-dag.o)
                0x0000aa68                rpl_set_default_route
 .text.rpl_alloc_instance
                0x0000aaa4       0x34 contiki-srf06-cc26xx.a(rpl-dag.o)
                0x0000aaa4                rpl_alloc_instance
 .text.rpl_alloc_dag
                0x0000aad8       0x5c contiki-srf06-cc26xx.a(rpl-dag.o)
                0x0000aad8                rpl_alloc_dag
 .text.rpl_add_parent
                0x0000ab34       0x44 contiki-srf06-cc26xx.a(rpl-dag.o)
                0x0000ab34                rpl_add_parent
 .text.rpl_find_parent
                0x0000ab78       0x18 contiki-srf06-cc26xx.a(rpl-dag.o)
                0x0000ab78                rpl_find_parent
 .text.rpl_find_parent_any_dag
                0x0000ab90       0x20 contiki-srf06-cc26xx.a(rpl-dag.o)
                0x0000ab90                rpl_find_parent_any_dag
 .text.rpl_select_parent
                0x0000abb0       0x84 contiki-srf06-cc26xx.a(rpl-dag.o)
                0x0000abb0                rpl_select_parent
 .text.rpl_select_dag
                0x0000ac34      0x17c contiki-srf06-cc26xx.a(rpl-dag.o)
                0x0000ac34                rpl_select_dag
 .text.rpl_nullify_parent
                0x0000adb0       0x4c contiki-srf06-cc26xx.a(rpl-dag.o)
                0x0000adb0                rpl_nullify_parent
 .text.rpl_remove_parent
                0x0000adfc       0x1c contiki-srf06-cc26xx.a(rpl-dag.o)
                0x0000adfc                rpl_remove_parent
 .text.nbr_callback
                0x0000ae18        0x4 contiki-srf06-cc26xx.a(rpl-dag.o)
 .text.remove_parents.constprop.5
                0x0000ae1c       0x44 contiki-srf06-cc26xx.a(rpl-dag.o)
 .text.rpl_free_dag
                0x0000ae60       0x38 contiki-srf06-cc26xx.a(rpl-dag.o)
                0x0000ae60                rpl_free_dag
 .text.rpl_move_parent
                0x0000ae98       0x4c contiki-srf06-cc26xx.a(rpl-dag.o)
                0x0000ae98                rpl_move_parent
 .text.rpl_get_any_dag
                0x0000aee4       0x18 contiki-srf06-cc26xx.a(rpl-dag.o)
                0x0000aee4                rpl_get_any_dag
 .text.rpl_get_instance
                0x0000aefc       0x20 contiki-srf06-cc26xx.a(rpl-dag.o)
                0x0000aefc                rpl_get_instance
 .text.rpl_join_instance
                0x0000af1c      0x144 contiki-srf06-cc26xx.a(rpl-dag.o)
                0x0000af1c                rpl_join_instance
 .text.rpl_local_repair
                0x0000b060       0x68 contiki-srf06-cc26xx.a(rpl-dag.o)
                0x0000b060                rpl_local_repair
 .text.rpl_process_parent_event
                0x0000b0c8       0x60 contiki-srf06-cc26xx.a(rpl-dag.o)
                0x0000b0c8                rpl_process_parent_event
 .text.rpl_add_dag
                0x0000b128      0x150 contiki-srf06-cc26xx.a(rpl-dag.o)
                0x0000b128                rpl_add_dag
 .text.rpl_recalculate_ranks
                0x0000b278       0x50 contiki-srf06-cc26xx.a(rpl-dag.o)
                0x0000b278                rpl_recalculate_ranks
 .text.rpl_process_dio
                0x0000b2c8      0x318 contiki-srf06-cc26xx.a(rpl-dag.o)
                0x0000b2c8                rpl_process_dio
 .text.rpl_verify_header
                0x0000b5e0      0x104 contiki-srf06-cc26xx.a(rpl-ext-header.)
                0x0000b5e0                rpl_verify_header
 .text.rpl_update_header_empty
                0x0000b6e4      0x12c contiki-srf06-cc26xx.a(rpl-ext-header.)
                0x0000b6e4                rpl_update_header_empty
 .text.rpl_update_header_final
                0x0000b810       0x88 contiki-srf06-cc26xx.a(rpl-ext-header.)
                0x0000b810                rpl_update_header_final
 .text.rpl_invert_header
                0x0000b898       0x68 contiki-srf06-cc26xx.a(rpl-ext-header.)
                0x0000b898                rpl_invert_header
 .text.rpl_insert_header
                0x0000b900       0x1c contiki-srf06-cc26xx.a(rpl-ext-header.)
                0x0000b900                rpl_insert_header
 .text.get32    0x0000b91c       0x20 contiki-srf06-cc26xx.a(rpl-icmp6.o)
 .text.dao_ack_input
                0x0000b93c       0x14 contiki-srf06-cc26xx.a(rpl-icmp6.o)
 .text.dio_input
                0x0000b950      0x2b8 contiki-srf06-cc26xx.a(rpl-icmp6.o)
 .text.dis_output
                0x0000bc08       0x58 contiki-srf06-cc26xx.a(rpl-icmp6.o)
                0x0000bc08                dis_output
 .text.dio_output
                0x0000bc60      0x2dc contiki-srf06-cc26xx.a(rpl-icmp6.o)
                0x0000bc60                dio_output
 .text.dis_input
                0x0000bf3c       0x40 contiki-srf06-cc26xx.a(rpl-icmp6.o)
 .text.dao_output_target
                0x0000bf7c      0x104 contiki-srf06-cc26xx.a(rpl-icmp6.o)
                0x0000bf7c                dao_output_target
 .text.dao_output
                0x0000c080       0x58 contiki-srf06-cc26xx.a(rpl-icmp6.o)
                0x0000c080                dao_output
 .text.dao_ack_output
                0x0000c0d8       0x30 contiki-srf06-cc26xx.a(rpl-icmp6.o)
                0x0000c0d8                dao_ack_output
 .text.dao_input
                0x0000c108      0x218 contiki-srf06-cc26xx.a(rpl-icmp6.o)
 .text.rpl_icmp6_register_handlers
                0x0000c320       0x30 contiki-srf06-cc26xx.a(rpl-icmp6.o)
                0x0000c320                rpl_icmp6_register_handlers
 .text.reset    0x0000c350        0x4 contiki-srf06-cc26xx.a(rpl-mrhof.o)
 .text.update_metric_container
                0x0000c354        0x8 contiki-srf06-cc26xx.a(rpl-mrhof.o)
 .text.calculate_rank
                0x0000c35c       0x44 contiki-srf06-cc26xx.a(rpl-mrhof.o)
 .text.neighbor_link_callback
                0x0000c3a0       0x54 contiki-srf06-cc26xx.a(rpl-mrhof.o)
 .text.best_dag
                0x0000c3f4       0x2c contiki-srf06-cc26xx.a(rpl-mrhof.o)
 .text.best_parent
                0x0000c420       0x60 contiki-srf06-cc26xx.a(rpl-mrhof.o)
 .text.new_dio_interval
                0x0000c480       0x60 contiki-srf06-cc26xx.a(rpl-timers.o)
 .text.handle_periodic_timer
                0x0000c4e0       0x3c contiki-srf06-cc26xx.a(rpl-timers.o)
 .text.set_dao_lifetime_timer
                0x0000c51c       0x3c contiki-srf06-cc26xx.a(rpl-timers.o)
 .text.handle_unicast_dio_timer
                0x0000c558       0x1c contiki-srf06-cc26xx.a(rpl-timers.o)
 .text.handle_dio_timer
                0x0000c574       0x8c contiki-srf06-cc26xx.a(rpl-timers.o)
 .text.schedule_dao
                0x0000c600       0x54 contiki-srf06-cc26xx.a(rpl-timers.o)
 .text.handle_dao_timer
                0x0000c654       0x5c contiki-srf06-cc26xx.a(rpl-timers.o)
 .text.rpl_reset_periodic_timer
                0x0000c6b0       0x3c contiki-srf06-cc26xx.a(rpl-timers.o)
                0x0000c6b0                rpl_reset_periodic_timer
 .text.rpl_reset_dio_timer
                0x0000c6ec       0x1c contiki-srf06-cc26xx.a(rpl-timers.o)
                0x0000c6ec                rpl_reset_dio_timer
 .text.rpl_schedule_dao
                0x0000c708        0x8 contiki-srf06-cc26xx.a(rpl-timers.o)
                0x0000c708                rpl_schedule_dao
 .text.rpl_schedule_unicast_dio_immediately
                0x0000c710       0x14 contiki-srf06-cc26xx.a(rpl-timers.o)
                0x0000c710                rpl_schedule_unicast_dio_immediately
 .text.rpl_schedule_probing
                0x0000c724       0x38 contiki-srf06-cc26xx.a(rpl-timers.o)
                0x0000c724                rpl_schedule_probing
 .text.handle_probing_timer
                0x0000c75c       0xdc contiki-srf06-cc26xx.a(rpl-timers.o)
 .text.NOROM_AONRTCCurrentCompareValueGet
                0x0000c838       0x24 contiki-srf06-cc26xx.a(aon_rtc.o)
                0x0000c838                NOROM_AONRTCCurrentCompareValueGet
 .text.NOROM_CPUcpsid
                0x0000c85c        0x8 contiki-srf06-cc26xx.a(cpu.o)
                0x0000c85c                NOROM_CPUcpsid
 .text.NOROM_CPUcpsie
                0x0000c864        0x8 contiki-srf06-cc26xx.a(cpu.o)
                0x0000c864                NOROM_CPUcpsie
 .text.NOROM_CPUdelay
                0x0000c86c        0x8 contiki-srf06-cc26xx.a(cpu.o)
                0x0000c86c                NOROM_CPUdelay
 .text.NOROM_DDI16BitfieldWrite
                0x0000c874       0x4c contiki-srf06-cc26xx.a(ddi.o)
                0x0000c874                NOROM_DDI16BitfieldWrite
 .text.NOROM_DDI16BitfieldRead
                0x0000c8c0       0x48 contiki-srf06-cc26xx.a(ddi.o)
                0x0000c8c0                NOROM_DDI16BitfieldRead
 .text.NOROM_OSCClockSourceSet
                0x0000c908       0x50 contiki-srf06-cc26xx.a(osc.o)
                0x0000c908                NOROM_OSCClockSourceSet
 .text.NOROM_OSCClockSourceGet
                0x0000c958       0x24 contiki-srf06-cc26xx.a(osc.o)
                0x0000c958                NOROM_OSCClockSourceGet
 .text.NOROM_OSCInterfaceEnable
                0x0000c97c       0x34 contiki-srf06-cc26xx.a(osc.o)
                0x0000c97c                NOROM_OSCInterfaceEnable
 .text.NOROM_PowerCtrlSourceSet
                0x0000c9b0       0x30 contiki-srf06-cc26xx.a(pwr_ctrl.o)
                0x0000c9b0                NOROM_PowerCtrlSourceSet
 .text.HapiTrimDeviceShutDown
                0x0000c9e0      0x4f4 contiki-srf06-cc26xx.a(setup.o)
 .text.trimDevice
                0x0000ced4       0xfc contiki-srf06-cc26xx.a(setup.o)
                0x0000ced4                trimDevice
 .text.SysCtrlSetRechargeBeforePowerDown
                0x0000cfd0      0x1e8 contiki-srf06-cc26xx.a(sys_ctrl.o)
                0x0000cfd0                SysCtrlSetRechargeBeforePowerDown
 .text.SysCtrlAdjustRechargeAfterPowerDown
                0x0000d1b8       0x64 contiki-srf06-cc26xx.a(sys_ctrl.o)
                0x0000d1b8                SysCtrlAdjustRechargeAfterPowerDown
 .text.SysCtrl_DCDC_VoltageConditionalControl
                0x0000d21c       0x78 contiki-srf06-cc26xx.a(sys_ctrl.o)
                0x0000d21c                SysCtrl_DCDC_VoltageConditionalControl
 .text.linkaddr_copy
                0x0000d294        0xc contiki-srf06-cc26xx.a(linkaddr.o)
                0x0000d294                linkaddr_copy
 .text.linkaddr_cmp
                0x0000d2a0       0x10 contiki-srf06-cc26xx.a(linkaddr.o)
                0x0000d2a0                linkaddr_cmp
 .text.nbr_set_bit
                0x0000d2b0       0x4c contiki-srf06-cc26xx.a(nbr-table.o)
 .text.index_from_lladdr
                0x0000d2fc       0x50 contiki-srf06-cc26xx.a(nbr-table.o)
 .text.nbr_get_bit.constprop.0
                0x0000d34c       0x2c contiki-srf06-cc26xx.a(nbr-table.o)
 .text.nbr_table_register
                0x0000d378       0x2c contiki-srf06-cc26xx.a(nbr-table.o)
                0x0000d378                nbr_table_register
 .text.nbr_table_next
                0x0000d3a4       0x70 contiki-srf06-cc26xx.a(nbr-table.o)
                0x0000d3a4                nbr_table_next
 .text.nbr_table_head
                0x0000d414       0x58 contiki-srf06-cc26xx.a(nbr-table.o)
                0x0000d414                nbr_table_head
 .text.nbr_table_add_lladdr
                0x0000d46c      0x190 contiki-srf06-cc26xx.a(nbr-table.o)
                0x0000d46c                nbr_table_add_lladdr
 .text.nbr_table_get_from_lladdr
                0x0000d5fc       0x34 contiki-srf06-cc26xx.a(nbr-table.o)
                0x0000d5fc                nbr_table_get_from_lladdr
 .text.nbr_table_remove
                0x0000d630       0x2c contiki-srf06-cc26xx.a(nbr-table.o)
                0x0000d630                nbr_table_remove
 .text.nbr_table_lock
                0x0000d65c       0x14 contiki-srf06-cc26xx.a(nbr-table.o)
                0x0000d65c                nbr_table_lock
 .text.nbr_table_unlock
                0x0000d670       0x14 contiki-srf06-cc26xx.a(nbr-table.o)
                0x0000d670                nbr_table_unlock
 .text.nbr_table_get_lladdr
                0x0000d684       0x30 contiki-srf06-cc26xx.a(nbr-table.o)
                0x0000d684                nbr_table_get_lladdr
 .text.netstack_init
                0x0000d6b4       0x38 contiki-srf06-cc26xx.a(netstack.o)
                0x0000d6b4                netstack_init
 .text.packetbuf_copyto
                0x0000d6ec       0x50 contiki-srf06-cc26xx.a(packetbuf.o)
                0x0000d6ec                packetbuf_copyto
 .text.packetbuf_hdralloc
                0x0000d73c       0x48 contiki-srf06-cc26xx.a(packetbuf.o)
                0x0000d73c                packetbuf_hdralloc
 .text.packetbuf_hdrreduce
                0x0000d784       0x2c contiki-srf06-cc26xx.a(packetbuf.o)
                0x0000d784                packetbuf_hdrreduce
 .text.packetbuf_set_datalen
                0x0000d7b0        0xc contiki-srf06-cc26xx.a(packetbuf.o)
                0x0000d7b0                packetbuf_set_datalen
 .text.packetbuf_dataptr
                0x0000d7bc       0x14 contiki-srf06-cc26xx.a(packetbuf.o)
                0x0000d7bc                packetbuf_dataptr
 .text.packetbuf_hdrptr
                0x0000d7d0       0x14 contiki-srf06-cc26xx.a(packetbuf.o)
                0x0000d7d0                packetbuf_hdrptr
 .text.packetbuf_datalen
                0x0000d7e4        0xc contiki-srf06-cc26xx.a(packetbuf.o)
                0x0000d7e4                packetbuf_datalen
 .text.packetbuf_totlen
                0x0000d7f0       0x28 contiki-srf06-cc26xx.a(packetbuf.o)
                0x0000d7f0                packetbuf_totlen
 .text.packetbuf_attr_clear
                0x0000d818       0x38 contiki-srf06-cc26xx.a(packetbuf.o)
                0x0000d818                packetbuf_attr_clear
 .text.packetbuf_clear
                0x0000d850       0x34 contiki-srf06-cc26xx.a(packetbuf.o)
                0x0000d850                packetbuf_clear
 .text.packetbuf_copyfrom
                0x0000d884       0x2c contiki-srf06-cc26xx.a(packetbuf.o)
                0x0000d884                packetbuf_copyfrom
 .text.packetbuf_attr_copyto
                0x0000d8b0       0x44 contiki-srf06-cc26xx.a(packetbuf.o)
                0x0000d8b0                packetbuf_attr_copyto
 .text.packetbuf_attr_copyfrom
                0x0000d8f4       0x44 contiki-srf06-cc26xx.a(packetbuf.o)
                0x0000d8f4                packetbuf_attr_copyfrom
 .text.packetbuf_set_attr
                0x0000d938       0x10 contiki-srf06-cc26xx.a(packetbuf.o)
                0x0000d938                packetbuf_set_attr
 .text.packetbuf_attr
                0x0000d948        0xc contiki-srf06-cc26xx.a(packetbuf.o)
                0x0000d948                packetbuf_attr
 .text.packetbuf_set_addr
                0x0000d954       0x18 contiki-srf06-cc26xx.a(packetbuf.o)
                0x0000d954                packetbuf_set_addr
 .text.packetbuf_addr
                0x0000d96c       0x10 contiki-srf06-cc26xx.a(packetbuf.o)
                0x0000d96c                packetbuf_addr
 .text.packetbuf_holds_broadcast
                0x0000d97c       0x10 contiki-srf06-cc26xx.a(packetbuf.o)
                0x0000d97c                packetbuf_holds_broadcast
 .text.queuebuf_init
                0x0000d98c       0x1c contiki-srf06-cc26xx.a(queuebuf.o)
                0x0000d98c                queuebuf_init
 .text.queuebuf_numfree
                0x0000d9a8        0xc contiki-srf06-cc26xx.a(queuebuf.o)
                0x0000d9a8                queuebuf_numfree
 .text.queuebuf_new_from_packetbuf
                0x0000d9b4       0x48 contiki-srf06-cc26xx.a(queuebuf.o)
                0x0000d9b4                queuebuf_new_from_packetbuf
 .text.queuebuf_update_attr_from_packetbuf
                0x0000d9fc        0xc contiki-srf06-cc26xx.a(queuebuf.o)
                0x0000d9fc                queuebuf_update_attr_from_packetbuf
 .text.queuebuf_update_from_packetbuf
                0x0000da08       0x1c contiki-srf06-cc26xx.a(queuebuf.o)
                0x0000da08                queuebuf_update_from_packetbuf
 .text.queuebuf_free
                0x0000da24       0x2c contiki-srf06-cc26xx.a(queuebuf.o)
                0x0000da24                queuebuf_free
 .text.queuebuf_to_packetbuf
                0x0000da50       0x30 contiki-srf06-cc26xx.a(queuebuf.o)
                0x0000da50                queuebuf_to_packetbuf
 .text.queuebuf_attr
                0x0000da80        0xc contiki-srf06-cc26xx.a(queuebuf.o)
                0x0000da80                queuebuf_attr
 .text.input_packet
                0x0000da8c        0xc contiki-srf06-cc26xx.a(csma.o)
 .text.on       0x0000da98        0xc contiki-srf06-cc26xx.a(csma.o)
 .text.off      0x0000daa4        0xc contiki-srf06-cc26xx.a(csma.o)
 .text.channel_check_interval
                0x0000dab0       0x10 contiki-srf06-cc26xx.a(csma.o)
 .text.transmit_packet_list
                0x0000dac0       0x34 contiki-srf06-cc26xx.a(csma.o)
 .text.free_packet
                0x0000daf4       0x98 contiki-srf06-cc26xx.a(csma.o)
 .text.packet_sent
                0x0000db8c      0x100 contiki-srf06-cc26xx.a(csma.o)
 .text.send_packet
                0x0000dc8c      0x164 contiki-srf06-cc26xx.a(csma.o)
 .text.init     0x0000ddf0       0x24 contiki-srf06-cc26xx.a(csma.o)
 .text.parse    0x0000de14       0xa0 contiki-srf06-cc26xx.a(framer-802154.o)
 .text.create_frame.isra.0
                0x0000deb4      0x13c contiki-srf06-cc26xx.a(framer-802154.o)
 .text.create   0x0000dff0        0x8 contiki-srf06-cc26xx.a(framer-802154.o)
 .text.hdr_length
                0x0000dff8        0x8 contiki-srf06-cc26xx.a(framer-802154.o)
 .text.mac_call_sent_callback
                0x0000e000       0x10 contiki-srf06-cc26xx.a(mac.o)
                0x0000e000                mac_call_sent_callback
 .text.duty_cycle
                0x0000e010        0x4 contiki-srf06-cc26xx.a(contikimac.o)
 .text.init     0x0000e014       0x40 contiki-srf06-cc26xx.a(contikimac.o)
 .text.on       0x0000e054       0x2c contiki-srf06-cc26xx.a(contikimac.o)
 .text.off      0x0000e080       0x38 contiki-srf06-cc26xx.a(contikimac.o)
 .text.recv_burst_off
                0x0000e0b8       0x14 contiki-srf06-cc26xx.a(contikimac.o)
 .text.powercycle_turn_radio_off.part.2
                0x0000e0cc       0x10 contiki-srf06-cc26xx.a(contikimac.o)
 .text.turn_off
                0x0000e0dc       0x48 contiki-srf06-cc26xx.a(contikimac.o)
 .text.turn_on  0x0000e124       0x40 contiki-srf06-cc26xx.a(contikimac.o)
 .text.schedule_powercycle_fixed.part.5
                0x0000e164       0x2c contiki-srf06-cc26xx.a(contikimac.o)
 .text.input_packet
                0x0000e190       0xac contiki-srf06-cc26xx.a(contikimac.o)
 .text.send_packet.isra.8
                0x0000e23c      0x228 contiki-srf06-cc26xx.a(contikimac.o)
 .text.qsend_list
                0x0000e464       0xe0 contiki-srf06-cc26xx.a(contikimac.o)
 .text.qsend_packet
                0x0000e544       0x24 contiki-srf06-cc26xx.a(contikimac.o)
 .text.powercycle_wrapper
                0x0000e568      0x234 contiki-srf06-cc26xx.a(contikimac.o)
 .text.init     0x0000e79c        0x4 contiki-srf06-cc26xx.a(nullsec.o)
 .text.input    0x0000e7a0        0xc contiki-srf06-cc26xx.a(nullsec.o)
 .text.send     0x0000e7ac       0x20 contiki-srf06-cc26xx.a(nullsec.o)
 .text.sensor_common_read_reg
                0x0000e7cc       0x1c contiki-srf06-cc26xx.a(sensor-common.o)
                0x0000e7cc                sensor_common_read_reg
 .text.sensor_common_write_reg
                0x0000e7e8       0x38 contiki-srf06-cc26xx.a(sensor-common.o)
                0x0000e7e8                sensor_common_write_reg
 .text.sensor_common_set_error_data
                0x0000e820       0x10 contiki-srf06-cc26xx.a(sensor-common.o)
                0x0000e820                sensor_common_set_error_data
 .text.verify_part
                0x0000e830       0x6c contiki-srf06-cc26xx.a(ext-flash.o)
 .text.wait_ready
                0x0000e89c       0x64 contiki-srf06-cc26xx.a(ext-flash.o)
 .text.power_down
                0x0000e900       0x50 contiki-srf06-cc26xx.a(ext-flash.o)
 .text.ext_flash_open
                0x0000e950       0x60 contiki-srf06-cc26xx.a(ext-flash.o)
                0x0000e950                ext_flash_open
 .text.ext_flash_init
                0x0000e9b0       0x14 contiki-srf06-cc26xx.a(ext-flash.o)
                0x0000e9b0                ext_flash_init
 .text.buzzer_init
                0x0000e9c4        0xc contiki-srf06-cc26xx.a(buzzer.o)
                0x0000e9c4                buzzer_init
 .text.buzzer_stop
                0x0000e9d0       0x74 contiki-srf06-cc26xx.a(buzzer.o)
                0x0000e9d0                buzzer_stop
 .text.accessible
                0x0000ea44       0x24 contiki-srf06-cc26xx.a(board-spi.o)
 .text.board_spi_write
                0x0000ea68       0x3c contiki-srf06-cc26xx.a(board-spi.o)
                0x0000ea68                board_spi_write
 .text.board_spi_read
                0x0000eaa4       0x48 contiki-srf06-cc26xx.a(board-spi.o)
                0x0000eaa4                board_spi_read
 .text.board_spi_flush
                0x0000eaec       0x24 contiki-srf06-cc26xx.a(board-spi.o)
                0x0000eaec                board_spi_flush
 .text.board_spi_open
                0x0000eb10       0xc0 contiki-srf06-cc26xx.a(board-spi.o)
                0x0000eb10                board_spi_open
 .text.board_spi_close
                0x0000ebd0       0x70 contiki-srf06-cc26xx.a(board-spi.o)
                0x0000ebd0                board_spi_close
 .text.process_thread_rf_core_process
                0x0000ec40       0x58 contiki-srf06-cc26xx.a(rf-core.o)
 .text.rf_core_is_accessible
                0x0000ec98       0x10 contiki-srf06-cc26xx.a(rf-core.o)
                0x0000ec98                rf_core_is_accessible
 .text.rf_core_send_cmd
                0x0000eca8       0xa4 contiki-srf06-cc26xx.a(rf-core.o)
                0x0000eca8                rf_core_send_cmd
 .text.rf_core_wait_cmd_done
                0x0000ed4c       0x30 contiki-srf06-cc26xx.a(rf-core.o)
                0x0000ed4c                rf_core_wait_cmd_done
 .text.rf_core_power_up
                0x0000ed7c       0xb4 contiki-srf06-cc26xx.a(rf-core.o)
                0x0000ed7c                rf_core_power_up
 .text.rf_core_power_down
                0x0000ee30       0xe8 contiki-srf06-cc26xx.a(rf-core.o)
                0x0000ee30                rf_core_power_down
 .text.rf_core_set_modesel
                0x0000ef18       0x68 contiki-srf06-cc26xx.a(rf-core.o)
                0x0000ef18                rf_core_set_modesel
 .text.rf_core_boot
                0x0000ef80       0x30 contiki-srf06-cc26xx.a(rf-core.o)
                0x0000ef80                rf_core_boot
 .text.rf_core_setup_interrupts
                0x0000efb0       0x6c contiki-srf06-cc26xx.a(rf-core.o)
                0x0000efb0                rf_core_setup_interrupts
 .text.rf_core_cmd_done_en
                0x0000f01c       0x28 contiki-srf06-cc26xx.a(rf-core.o)
                0x0000f01c                rf_core_cmd_done_en
 .text.rf_core_cmd_done_dis
                0x0000f044       0x10 contiki-srf06-cc26xx.a(rf-core.o)
                0x0000f044                rf_core_cmd_done_dis
 .text.rf_core_get_last_radio_op
                0x0000f054        0xc contiki-srf06-cc26xx.a(rf-core.o)
                0x0000f054                rf_core_get_last_radio_op
 .text.rf_core_init_radio_op
                0x0000f060       0x20 contiki-srf06-cc26xx.a(rf-core.o)
                0x0000f060                rf_core_init_radio_op
 .text.rf_core_primary_mode_register
                0x0000f080        0xc contiki-srf06-cc26xx.a(rf-core.o)
                0x0000f080                rf_core_primary_mode_register
 .text.RFCCPE1IntHandler
                0x0000f08c       0x28 contiki-srf06-cc26xx.a(rf-core.o)
                0x0000f08c                RFCCPE1IntHandler
 .text.RFCCPE0IntHandler
                0x0000f0b4       0x5c contiki-srf06-cc26xx.a(rf-core.o)
                0x0000f0b4                RFCCPE0IntHandler
 .text.rf_ble_is_active
                0x0000f110        0xc contiki-srf06-cc26xx.a(rf-ble.o)
                0x0000f110                rf_ble_is_active
 .text.stimer_set
                0x0000f11c       0x10 contiki-srf06-cc26xx.a(stimer.o)
                0x0000f11c                stimer_set
 .text.stimer_expired
                0x0000f12c       0x20 contiki-srf06-cc26xx.a(stimer.o)
                0x0000f12c                stimer_expired
 .text.memb_init
                0x0000f14c       0x24 contiki-srf06-cc26xx.a(memb.o)
                0x0000f14c                memb_init
 .text.memb_alloc
                0x0000f170       0x3c contiki-srf06-cc26xx.a(memb.o)
                0x0000f170                memb_alloc
 .text.memb_free
                0x0000f1ac       0x44 contiki-srf06-cc26xx.a(memb.o)
                0x0000f1ac                memb_free
 .text.memb_inmemb
                0x0000f1f0       0x1c contiki-srf06-cc26xx.a(memb.o)
                0x0000f1f0                memb_inmemb
 .text.memb_numfree
                0x0000f20c       0x1c contiki-srf06-cc26xx.a(memb.o)
                0x0000f20c                memb_numfree
 .text.AONBatMonTemperatureGetDegC
                0x0000f228       0x30 contiki-srf06-cc26xx.a(aon_batmon.o)
                0x0000f228                AONBatMonTemperatureGetDegC
 .text.ChipInfo_GetSupportedProtocol_BV
                0x0000f258       0x10 contiki-srf06-cc26xx.a(chipinfo.o)
                0x0000f258                ChipInfo_GetSupportedProtocol_BV
 .text.ChipInfo_GetChipFamily
                0x0000f268       0x38 contiki-srf06-cc26xx.a(chipinfo.o)
                0x0000f268                ChipInfo_GetChipFamily
 .text.ChipInfo_GetHwRevision
                0x0000f2a0       0x98 contiki-srf06-cc26xx.a(chipinfo.o)
                0x0000f2a0                ChipInfo_GetHwRevision
 .text.ThisCodeIsBuiltForCC26xxHwRev22AndLater_HaltIfViolated
                0x0000f338       0x2c contiki-srf06-cc26xx.a(chipinfo.o)
                0x0000f338                ThisCodeIsBuiltForCC26xxHwRev22AndLater_HaltIfViolated
 .text.frame802154_get_pan_id
                0x0000f364        0xc contiki-srf06-cc26xx.a(frame802154.o)
                0x0000f364                frame802154_get_pan_id
 .text.frame802154_has_panid
                0x0000f370       0x54 contiki-srf06-cc26xx.a(frame802154.o)
                0x0000f370                frame802154_has_panid
 .text.field_len
                0x0000f3c4       0x9c contiki-srf06-cc26xx.a(frame802154.o)
 .text.frame802154_is_broadcast_addr
                0x0000f460       0x20 contiki-srf06-cc26xx.a(frame802154.o)
                0x0000f460                frame802154_is_broadcast_addr
 .text.frame802154_hdrlen
                0x0000f480       0x34 contiki-srf06-cc26xx.a(frame802154.o)
                0x0000f480                frame802154_hdrlen
 .text.frame802154_create
                0x0000f4b4      0x10c contiki-srf06-cc26xx.a(frame802154.o)
                0x0000f4b4                frame802154_create
 .text.frame802154_parse
                0x0000f5c0      0x17c contiki-srf06-cc26xx.a(frame802154.o)
                0x0000f5c0                frame802154_parse
 .text.mac_sequence_is_duplicate
                0x0000f73c       0x3c contiki-srf06-cc26xx.a(mac-sequence.o)
                0x0000f73c                mac_sequence_is_duplicate
 .text.mac_sequence_register_seqno
                0x0000f778       0x70 contiki-srf06-cc26xx.a(mac-sequence.o)
                0x0000f778                mac_sequence_register_seqno
 .text.exp2     0x0000f7e8       0x10 /usr/bin/../lib/gcc/arm-none-eabi/4.9.3/../../../../arm-none-eabi/lib/armv7-m/libm.a(lib_a-w_exp2.o)
                0x0000f7e8                exp2
 .text.pow      0x0000f7f8      0x2f0 /usr/bin/../lib/gcc/arm-none-eabi/4.9.3/../../../../arm-none-eabi/lib/armv7-m/libm.a(lib_a-w_pow.o)
                0x0000f7f8                pow
 .text.__ieee754_sqrt
                0x0000fae8      0x18c /usr/bin/../lib/gcc/arm-none-eabi/4.9.3/../../../../arm-none-eabi/lib/armv7-m/libm.a(lib_a-e_sqrt.o)
                0x0000fae8                __ieee754_sqrt
 .text.fabs     0x0000fc74        0x8 /usr/bin/../lib/gcc/arm-none-eabi/4.9.3/../../../../arm-none-eabi/lib/armv7-m/libm.a(lib_a-s_fabs.o)
                0x0000fc74                fabs
 .text.finite   0x0000fc7c        0xc /usr/bin/../lib/gcc/arm-none-eabi/4.9.3/../../../../arm-none-eabi/lib/armv7-m/libm.a(lib_a-s_finite.o)
                0x0000fc7c                finite
 .text.__fpclassifyd
                0x0000fc88       0x58 /usr/bin/../lib/gcc/arm-none-eabi/4.9.3/../../../../arm-none-eabi/lib/armv7-m/libm.a(lib_a-s_fpclassify.o)
                0x0000fc88                __fpclassifyd
 .text.matherr  0x0000fce0        0x4 /usr/bin/../lib/gcc/arm-none-eabi/4.9.3/../../../../arm-none-eabi/lib/armv7-m/libm.a(lib_a-s_matherr.o)
                0x0000fce0                matherr
 .text.nan      0x0000fce4        0xc /usr/bin/../lib/gcc/arm-none-eabi/4.9.3/../../../../arm-none-eabi/lib/armv7-m/libm.a(lib_a-s_nan.o)
                0x0000fce4                nan
 .text.rint     0x0000fcf0      0x11c /usr/bin/../lib/gcc/arm-none-eabi/4.9.3/../../../../arm-none-eabi/lib/armv7-m/libm.a(lib_a-s_rint.o)
                0x0000fcf0                rint
 .text.copysign
                0x0000fe0c       0x10 /usr/bin/../lib/gcc/arm-none-eabi/4.9.3/../../../../arm-none-eabi/lib/armv7-m/libm.a(lib_a-s_copysign.o)
                0x0000fe0c                copysign
 .text          0x0000fe1c      0x370 /usr/bin/../lib/gcc/arm-none-eabi/4.9.3/armv7-m/libgcc.a(_arm_addsubdf3.o)
                0x0000fe1c                __aeabi_drsub
                0x0000fe24                __aeabi_dsub
                0x0000fe24                __subdf3
                0x0000fe28                __adddf3
                0x0000fe28                __aeabi_dadd
                0x000100a0                __aeabi_ui2d
                0x000100a0                __floatunsidf
                0x000100c0                __floatsidf
                0x000100c0                __aeabi_i2d
                0x000100e4                __extendsfdf2
                0x000100e4                __aeabi_f2d
                0x00010120                __aeabi_ul2d
                0x00010120                __floatundidf
                0x00010130                __floatdidf
                0x00010130                __aeabi_l2d
 .text          0x0001018c      0x424 /usr/bin/../lib/gcc/arm-none-eabi/4.9.3/armv7-m/libgcc.a(_arm_muldivdf3.o)
                0x0001018c                __aeabi_dmul
                0x0001018c                __muldf3
                0x000103e0                __aeabi_ddiv
                0x000103e0                __divdf3
 .text          0x000105b0      0x110 /usr/bin/../lib/gcc/arm-none-eabi/4.9.3/armv7-m/libgcc.a(_arm_cmpdf2.o)
                0x000105b0                __gtdf2
                0x000105b0                __gedf2
                0x000105b8                __ltdf2
                0x000105b8                __ledf2
                0x000105c0                __cmpdf2
                0x000105c0                __eqdf2
                0x000105c0                __nedf2
                0x0001063c                __aeabi_cdrcmple
                0x0001064c                __aeabi_cdcmple
                0x0001064c                __aeabi_cdcmpeq
                0x0001065c                __aeabi_dcmpeq
                0x00010670                __aeabi_dcmplt
                0x00010684                __aeabi_dcmple
                0x00010698                __aeabi_dcmpge
                0x000106ac                __aeabi_dcmpgt
 .text          0x000106c0       0xa0 /usr/bin/../lib/gcc/arm-none-eabi/4.9.3/armv7-m/libgcc.a(_arm_truncdfsf2.o)
                0x000106c0                __aeabi_d2f
                0x000106c0                __truncdfsf2
 .text          0x00010760      0x21c /usr/bin/../lib/gcc/arm-none-eabi/4.9.3/armv7-m/libgcc.a(_arm_addsubsf3.o)
                0x00010760                __aeabi_frsub
                0x00010768                __subsf3
                0x00010768                __aeabi_fsub
                0x0001076c                __aeabi_fadd
                0x0001076c                __addsf3
                0x000108cc                __aeabi_ui2f
                0x000108cc                __floatunsisf
                0x000108d4                __aeabi_i2f
                0x000108d4                __floatsisf
                0x000108f0                __floatundisf
                0x000108f0                __aeabi_ul2f
                0x00010900                __floatdisf
                0x00010900                __aeabi_l2f
 .text          0x0001097c      0x2a0 /usr/bin/../lib/gcc/arm-none-eabi/4.9.3/armv7-m/libgcc.a(_arm_muldivsf3.o)
                0x0001097c                __mulsf3
                0x0001097c                __aeabi_fmul
                0x00010ae4                __divsf3
                0x00010ae4                __aeabi_fdiv
 .text          0x00010c1c       0x4c /usr/bin/../lib/gcc/arm-none-eabi/4.9.3/armv7-m/libgcc.a(_arm_fixsfsi.o)
                0x00010c1c                __fixsfsi
                0x00010c1c                __aeabi_f2iz
 .text          0x00010c68       0x30 /usr/bin/../lib/gcc/arm-none-eabi/4.9.3/armv7-m/libgcc.a(_aeabi_uldivmod.o)
                0x00010c68                __aeabi_uldivmod
 .text          0x00010c98       0x60 /usr/bin/../lib/gcc/arm-none-eabi/4.9.3/armv7-m/libgcc.a(bpabi.o)
                0x00010c98                __gnu_ldivmod_helper
                0x00010cc8                __gnu_uldivmod_helper
 .text          0x00010cf8        0x4 /usr/bin/../lib/gcc/arm-none-eabi/4.9.3/armv7-m/libgcc.a(_dvmd_tls.o)
                0x00010cf8                __aeabi_ldiv0
                0x00010cf8                __aeabi_idiv0
 .text          0x00010cfc      0x2ac /usr/bin/../lib/gcc/arm-none-eabi/4.9.3/armv7-m/libgcc.a(_divdi3.o)
                0x00010cfc                __divdi3
 .text          0x00010fa8      0x270 /usr/bin/../lib/gcc/arm-none-eabi/4.9.3/armv7-m/libgcc.a(_udivdi3.o)
                0x00010fa8                __udivdi3
 .text.__errno  0x00011218        0xc /usr/bin/../lib/gcc/arm-none-eabi/4.9.3/../../../../arm-none-eabi/lib/armv7-m/libc.a(lib_a-errno.o)
                0x00011218                __errno
 .text.memcmp   0x00011224       0x64 /usr/bin/../lib/gcc/arm-none-eabi/4.9.3/../../../../arm-none-eabi/lib/armv7-m/libc.a(lib_a-memcmp.o)
                0x00011224                memcmp
 .text          0x00011288       0xec /usr/bin/../lib/gcc/arm-none-eabi/4.9.3/../../../../arm-none-eabi/lib/armv7-m/libc.a(lib_a-memcpy.o)
                0x00011288                memcpy
 .text.memmove  0x00011374       0xc8 /usr/bin/../lib/gcc/arm-none-eabi/4.9.3/../../../../arm-none-eabi/lib/armv7-m/libc.a(lib_a-memmove.o)
                0x00011374                memmove
 .text.memset   0x0001143c       0x9c /usr/bin/../lib/gcc/arm-none-eabi/4.9.3/../../../../arm-none-eabi/lib/armv7-m/libc.a(lib_a-memset.o)
                0x0001143c                memset
 .text.srand    0x000114d8       0x14 /usr/bin/../lib/gcc/arm-none-eabi/4.9.3/../../../../arm-none-eabi/lib/armv7-m/libc.a(lib_a-rand.o)
                0x000114d8                srand
 .text.rand     0x000114ec       0x40 /usr/bin/../lib/gcc/arm-none-eabi/4.9.3/../../../../arm-none-eabi/lib/armv7-m/libc.a(lib_a-rand.o)
                0x000114ec                rand
 .text.strcasecmp
                0x0001152c       0x40 /usr/bin/../lib/gcc/arm-none-eabi/4.9.3/../../../../arm-none-eabi/lib/armv7-m/libc.a(lib_a-strcasecmp.o)
                0x0001152c                strcasecmp
 .text          0x0001156c      0x1bc /usr/bin/../lib/gcc/arm-none-eabi/4.9.3/../../../../arm-none-eabi/lib/armv7-m/libc.a(lib_a-strcmp.o)
                0x0001156c                strcmp
 .text.strlen   0x00011728       0x5c /usr/bin/../lib/gcc/arm-none-eabi/4.9.3/../../../../arm-none-eabi/lib/armv7-m/libc.a(lib_a-strlen.o)
                0x00011728                strlen
 .text.strncasecmp
                0x00011784       0x54 /usr/bin/../lib/gcc/arm-none-eabi/4.9.3/../../../../arm-none-eabi/lib/armv7-m/libc.a(lib_a-strncasecmp.o)
                0x00011784                strncasecmp
 .text.strncat  0x000117d8       0x5c /usr/bin/../lib/gcc/arm-none-eabi/4.9.3/../../../../arm-none-eabi/lib/armv7-m/libc.a(lib_a-strncat.o)
                0x000117d8                strncat
 .text.strncpy  0x00011834       0x68 /usr/bin/../lib/gcc/arm-none-eabi/4.9.3/../../../../arm-none-eabi/lib/armv7-m/libc.a(lib_a-strncpy.o)
                0x00011834                strncpy
 *(SORT(.rodata*))
 *fill*         0x0001189c        0x4 00000000
 .rodata.dp_h   0x000118a0       0x10 /usr/bin/../lib/gcc/arm-none-eabi/4.9.3/../../../../arm-none-eabi/lib/armv7-m/libm.a(lib_a-e_pow.o)
 .rodata.dp_l   0x000118b0       0x10 /usr/bin/../lib/gcc/arm-none-eabi/4.9.3/../../../../arm-none-eabi/lib/armv7-m/libm.a(lib_a-e_pow.o)
 .rodata.bp     0x000118c0       0x10 /usr/bin/../lib/gcc/arm-none-eabi/4.9.3/../../../../arm-none-eabi/lib/armv7-m/libm.a(lib_a-e_pow.o)
 .rodata.TWO52  0x000118d0       0x10 /usr/bin/../lib/gcc/arm-none-eabi/4.9.3/../../../../arm-none-eabi/lib/armv7-m/libm.a(lib_a-s_rint.o)
 .rodata.autostart_processes
                0x000118e0        0xc udp-server.co
                0x000118e0                autostart_processes
 .rodata.str1.4
                0x000118ec       0xef udp-server.co
                                 0xf3 (size before relaxing)
 *fill*         0x000119db        0x1 00000000
 .rodata.str1.4
                0x000119dc       0xa1 contiki-srf06-cc26xx.a(contiki-main.o)
 *fill*         0x00011a7d        0x3 00000000
 .rodata.str1.4
                0x00011a80        0x8 contiki-srf06-cc26xx.a(sensors.o)
 .rodata.str1.4
                0x00011a88        0x7 contiki-srf06-cc26xx.a(bmp-280-sensor.)
 *fill*         0x00011a8f        0x1 00000000
 .rodata.bmp_280_sensor
                0x00011a90       0x10 contiki-srf06-cc26xx.a(bmp-280-sensor.)
                0x00011a90                bmp_280_sensor
 .rodata.tmp_007_sensor
                0x00011aa0       0x10 contiki-srf06-cc26xx.a(tmp-007-sensor.)
                0x00011aa0                tmp_007_sensor
 .rodata.str1.4
                0x00011ab0        0x7 contiki-srf06-cc26xx.a(tmp-007-sensor.)
 *fill*         0x00011ab7        0x1 00000000
 .rodata.str1.4
                0x00011ab8        0x8 contiki-srf06-cc26xx.a(opt-3001-sensor)
 .rodata.opt_3001_sensor
                0x00011ac0       0x10 contiki-srf06-cc26xx.a(opt-3001-sensor)
                0x00011ac0                opt_3001_sensor
 .rodata.hdc_1000_sensor
                0x00011ad0       0x10 contiki-srf06-cc26xx.a(hdc-1000-sensor)
                0x00011ad0                hdc_1000_sensor
 .rodata.str1.4
                0x00011ae0        0x8 contiki-srf06-cc26xx.a(hdc-1000-sensor)
 .rodata.mpu_9250_sensor
                0x00011ae8       0x10 contiki-srf06-cc26xx.a(mpu-9250-sensor)
                0x00011ae8                mpu_9250_sensor
 .rodata.str1.4
                0x00011af8        0x8 contiki-srf06-cc26xx.a(mpu-9250-sensor)
 .rodata.str1.4
                0x00011b00        0x7 contiki-srf06-cc26xx.a(button-sensor.o)
 *fill*         0x00011b07        0x1 00000000
 .rodata.button_left_sensor
                0x00011b08       0x10 contiki-srf06-cc26xx.a(button-sensor.o)
                0x00011b08                button_left_sensor
 .rodata.button_right_sensor
                0x00011b18       0x10 contiki-srf06-cc26xx.a(button-sensor.o)
                0x00011b18                button_right_sensor
 .rodata.str1.4
                0x00011b28        0x5 contiki-srf06-cc26xx.a(reed-relay.o)
 *fill*         0x00011b2d        0x3 00000000
 .rodata.reed_relay_sensor
                0x00011b30       0x10 contiki-srf06-cc26xx.a(reed-relay.o)
                0x00011b30                reed_relay_sensor
 .rodata.output_power
                0x00011b40       0x68 contiki-srf06-cc26xx.a(ieee-mode.o)
 .rodata.ieee_mode_driver
                0x00011ba8       0x38 contiki-srf06-cc26xx.a(ieee-mode.o)
                0x00011ba8                ieee_mode_driver
 .rodata.mode_ieee
                0x00011be0        0x8 contiki-srf06-cc26xx.a(ieee-mode.o)
 .rodata.str1.4
                0x00011be8       0x46 contiki-srf06-cc26xx.a(strformat.o)
 *fill*         0x00011c2e        0x2 00000000
 .rodata.buffer.4019
                0x00011c30       0x10 contiki-srf06-cc26xx.a(strformat.o)
 .rodata.buffer.4028
                0x00011c40       0x10 contiki-srf06-cc26xx.a(strformat.o)
 .rodata.str1.4
                0x00011c50        0xf contiki-srf06-cc26xx.a(ctimer.o)
 *fill*         0x00011c5f        0x1 00000000
 .rodata.str1.4
                0x00011c60        0xc contiki-srf06-cc26xx.a(etimer.o)
 .rodata.str1.4
                0x00011c6c        0xe contiki-srf06-cc26xx.a(serial-line.o)
 *fill*         0x00011c7a        0x2 00000000
 .rodata        0x00011c7c        0x2 contiki-srf06-cc26xx.a(sicslowpan.o)
 *fill*         0x00011c7e        0x2 00000000
 .rodata.ttl_values
                0x00011c80        0x4 contiki-srf06-cc26xx.a(sicslowpan.o)
 .rodata.unc_llconf
                0x00011c84        0x4 contiki-srf06-cc26xx.a(sicslowpan.o)
                0x00011c84                unc_llconf
 .rodata.llprefix
                0x00011c88        0x2 contiki-srf06-cc26xx.a(sicslowpan.o)
                0x00011c88                llprefix
 *fill*         0x00011c8a        0x2 00000000
 .rodata.sicslowpan_driver
                0x00011c8c        0xc contiki-srf06-cc26xx.a(sicslowpan.o)
                0x00011c8c                sicslowpan_driver
 .rodata.unc_mxconf
                0x00011c98        0x4 contiki-srf06-cc26xx.a(sicslowpan.o)
                0x00011c98                unc_mxconf
 .rodata.unc_ctxconf
                0x00011c9c        0x4 contiki-srf06-cc26xx.a(sicslowpan.o)
                0x00011c9c                unc_ctxconf
 .rodata.str1.4
                0x00011ca0        0xb contiki-srf06-cc26xx.a(sicslowpan.o)
 *fill*         0x00011cab        0x1 00000000
 .rodata.local_suffix.6564
                0x00011cac        0x6 contiki-srf06-cc26xx.a(resolv.o)
 *fill*         0x00011cb2        0x2 00000000
 .rodata.resolv_mdns_addr
                0x00011cb4       0x10 contiki-srf06-cc26xx.a(resolv.o)
 .rodata.nsec_record.6463
                0x00011cc4       0x12 contiki-srf06-cc26xx.a(resolv.o)
 *fill*         0x00011cd6        0x2 00000000
 .rodata.str1.4
                0x00011cd8       0x29 contiki-srf06-cc26xx.a(resolv.o)
 *fill*         0x00011d01        0x3 00000000
 .rodata.str1.4
                0x00011d04        0xd contiki-srf06-cc26xx.a(tcpip.o)
 *fill*         0x00011d11        0x3 00000000
 .rodata.str1.4
                0x00011d14       0x41 contiki-srf06-cc26xx.a(uip-debug.o)
 *fill*         0x00011d55        0x3 00000000
 .rodata.linkaddr_null
                0x00011d58        0x8 contiki-srf06-cc26xx.a(linkaddr.o)
                0x00011d58                linkaddr_null
 .rodata.str1.4
                0x00011d60        0x5 contiki-srf06-cc26xx.a(csma.o)
 *fill*         0x00011d65        0x3 00000000
 .rodata.csma_driver
                0x00011d68       0x1c contiki-srf06-cc26xx.a(csma.o)
                0x00011d68                csma_driver
 .rodata.framer_802154
                0x00011d84        0xc contiki-srf06-cc26xx.a(framer-802154.o)
                0x00011d84                framer_802154
 .rodata.str1.4
                0x00011d90        0xb contiki-srf06-cc26xx.a(contikimac.o)
 *fill*         0x00011d9b        0x1 00000000
 .rodata.contikimac_driver
                0x00011d9c       0x20 contiki-srf06-cc26xx.a(contikimac.o)
                0x00011d9c                contikimac_driver
 .rodata.str1.4
                0x00011dbc        0x8 contiki-srf06-cc26xx.a(nullsec.o)
 .rodata.nullsec_driver
                0x00011dc4       0x10 contiki-srf06-cc26xx.a(nullsec.o)
                0x00011dc4                nullsec_driver
 .rodata        0x00011dd4        0x4 contiki-srf06-cc26xx.a(ext-flash.o)
 .rodata.str1.4
                0x00011dd8       0x46 contiki-srf06-cc26xx.a(rf-core.o)
 *fill*         0x00011e1e        0x2 00000000
 .rodata.str1.4
                0x00011e20        0x4 /usr/bin/../lib/gcc/arm-none-eabi/4.9.3/../../../../arm-none-eabi/lib/armv7-m/libm.a(lib_a-w_pow.o)
 .rodata.str1.4
                0x00000000        0x4 /usr/bin/../lib/gcc/arm-none-eabi/4.9.3/../../../../arm-none-eabi/lib/armv7-m/libm.a(lib_a-e_pow.o)
                                  0x1 (size before relaxing)
 .rodata._ctype_
                0x00011e24      0x101 /usr/bin/../lib/gcc/arm-none-eabi/4.9.3/../../../../arm-none-eabi/lib/armv7-m/libc.a(lib_a-ctype_.o)
                0x00011e24                _ctype_
 *fill*         0x00011f25        0x3 00000000
 .rodata.str1.4
                0x00011f28        0x4 /usr/bin/../lib/gcc/arm-none-eabi/4.9.3/../../../../arm-none-eabi/lib/armv7-m/libc.a(lib_a-impure.o)
                                  0x2 (size before relaxing)
                0x00011f2c                _etext = .

.glue_7         0x00011f2c        0x0
 .glue_7        0x00000000        0x0 linker stubs

.glue_7t        0x00011f2c        0x0
 .glue_7t       0x00000000        0x0 linker stubs

.vfp11_veneer   0x00011f2c        0x0
 .vfp11_veneer  0x00000000        0x0 linker stubs

.v4_bx          0x00011f2c        0x0
 .v4_bx         0x00000000        0x0 linker stubs

.iplt           0x00011f2c        0x0
 .iplt          0x00000000        0x0 obj_srf06-cc26xx/startup_gcc.o

.data           0x20000000      0x695 load address 0x00011f2c
                0x20000000                _data = .
 *(SORT(vtable))
 *(SORT(.data*))
 .data.impure_data
                0x20000000      0x428 /usr/bin/../lib/gcc/arm-none-eabi/4.9.3/../../../../arm-none-eabi/lib/armv7-m/libc.a(lib_a-impure.o)
 .data.udp_server_process
                0x20000428       0x10 udp-server.co
                0x20000428                udp_server_process
 .data.sensors_process
                0x20000438       0x10 contiki-srf06-cc26xx.a(sensors.o)
                0x20000438                sensors_process
 .data.sensors  0x20000448       0x24 contiki-srf06-cc26xx.a(sensortag-senso)
                0x20000448                sensors
 .data.sensortag_module
                0x2000046c       0x14 contiki-srf06-cc26xx.a(board.o)
 .data.uart_module
                0x20000480       0x14 contiki-srf06-cc26xx.a(cc26xx-uart.o)
 .data.cc26xx_rf_lpm_module
                0x20000494       0x14 contiki-srf06-cc26xx.a(ieee-mode.o)
 .data.tx_power_current
                0x200004a8        0x4 contiki-srf06-cc26xx.a(ieee-mode.o)
                0x200004a8                tx_power_current
 .data.ieee_overrides
                0x200004ac       0x2c contiki-srf06-cc26xx.a(ieee-mode.o)
 .data.ctxt     0x200004d8        0x8 contiki-srf06-cc26xx.a(dbg-printf.o)
 .data.ctimer_process
                0x200004e0       0x10 contiki-srf06-cc26xx.a(ctimer.o)
                0x200004e0                ctimer_process
 .data.etimer_process
                0x200004f0       0x10 contiki-srf06-cc26xx.a(etimer.o)
                0x200004f0                etimer_process
 .data.serial_line_process
                0x20000500       0x10 contiki-srf06-cc26xx.a(serial-line.o)
                0x20000500                serial_line_process
 .data.ds6_neighbors
                0x20000510        0x4 contiki-srf06-cc26xx.a(uip-ds6-nbr.o)
                0x20000510                ds6_neighbors
 .data.ds6_neighbors_struct
                0x20000514       0x10 contiki-srf06-cc26xx.a(uip-ds6-nbr.o)
 .data.defaultroutermemb
                0x20000524        0xc contiki-srf06-cc26xx.a(uip-ds6-route.o)
 .data.nbr_routes_struct
                0x20000530       0x10 contiki-srf06-cc26xx.a(uip-ds6-route.o)
 .data.nbr_routes
                0x20000540        0x4 contiki-srf06-cc26xx.a(uip-ds6-route.o)
                0x20000540                nbr_routes
 .data.routememb
                0x20000544        0xc contiki-srf06-cc26xx.a(uip-ds6-route.o)
 .data.neighborroutememb
                0x20000550        0xc contiki-srf06-cc26xx.a(uip-ds6-route.o)
 .data.echo_request_handler
                0x2000055c        0xc contiki-srf06-cc26xx.a(uip-icmp6.o)
 .data.echo_reply_handler
                0x20000568        0xc contiki-srf06-cc26xx.a(uip-icmp6.o)
 .data.ns_input_handler
                0x20000574        0xc contiki-srf06-cc26xx.a(uip-nd6.o)
 .data.na_input_handler
                0x20000580        0xc contiki-srf06-cc26xx.a(uip-nd6.o)
 .data.mdns_probe_process
                0x2000058c       0x10 contiki-srf06-cc26xx.a(resolv.o)
                0x2000058c                mdns_probe_process
 .data.resolv_process
                0x2000059c       0x10 contiki-srf06-cc26xx.a(resolv.o)
                0x2000059c                resolv_process
 .data.tcpip_process
                0x200005ac       0x10 contiki-srf06-cc26xx.a(tcpip.o)
                0x200005ac                tcpip_process
 .data.rpl_parents
                0x200005bc        0x4 contiki-srf06-cc26xx.a(rpl-dag.o)
                0x200005bc                rpl_parents
 .data.rpl_parents_struct
                0x200005c0       0x10 contiki-srf06-cc26xx.a(rpl-dag.o)
 .data.dao_ack_handler
                0x200005d0        0xc contiki-srf06-cc26xx.a(rpl-icmp6.o)
 .data.dis_handler
                0x200005dc        0xc contiki-srf06-cc26xx.a(rpl-icmp6.o)
 .data.dao_handler
                0x200005e8        0xc contiki-srf06-cc26xx.a(rpl-icmp6.o)
 .data.dio_handler
                0x200005f4        0xc contiki-srf06-cc26xx.a(rpl-icmp6.o)
 .data.rpl_mrhof
                0x20000600       0x1c contiki-srf06-cc26xx.a(rpl-mrhof.o)
                0x20000600                rpl_mrhof
 .data.neighbor_addr_mem
                0x2000061c        0xc contiki-srf06-cc26xx.a(nbr-table.o)
 .data.bufmem   0x20000628        0xc contiki-srf06-cc26xx.a(queuebuf.o)
 .data.buframmem
                0x20000634        0xc contiki-srf06-cc26xx.a(queuebuf.o)
 .data.metadata_memb
                0x20000640        0xc contiki-srf06-cc26xx.a(csma.o)
 .data.neighbor_memb
                0x2000064c        0xc contiki-srf06-cc26xx.a(csma.o)
 .data.packet_memb
                0x20000658        0xc contiki-srf06-cc26xx.a(csma.o)
 .data.buzzer_module
                0x20000664       0x14 contiki-srf06-cc26xx.a(buzzer.o)
 .data.rf_core_process
                0x20000678       0x10 contiki-srf06-cc26xx.a(rf-core.o)
                0x20000678                rf_core_process
 .data.__ctype_ptr__